<html>
<body>
<pre>
<h1>µVision Build Log</h1>
<h2>Tool Versions:</h2>
IDE-Version: ¦ÌVision V5.23.0.0
Copyright (C) 2017 ARM Ltd and ARM Germany GmbH. All rights reserved.
License Information: yuxing yao, skylin, LIC=BUUCX-H0VME-7RVX3-A1VZS-WAZNE-5SDHD
 
Tool Versions:
Toolchain:       MDK-ARM Plus  Version: 5.23
Toolchain Path:  C:\Keil_v5\ARM\ARMCC\Bin
C Compiler:      Armcc.exe V5.06 update 4 (build 422)
Assembler:       Armasm.exe V5.06 update 4 (build 422)
Linker/Locator:  ArmLink.exe V5.06 update 4 (build 422)
Library Manager: ArmAr.exe V5.06 update 4 (build 422)
Hex Converter:   FromElf.exe V5.06 update 4 (build 422)
CPU DLL:         SARMCM3.DLL V5.23
Dialog DLL:      DCM.DLL V1.15.0.0
Target DLL:      Segger\JL2CM3.dll V2.99.23.0
Dialog DLL:      TCM.DLL V1.27.0.0
 
<h2>Project:</h2>
G:\bleupdateApp\bootloader\USER\FreeRTOS.uvprojx
Project File Date:  02/09/2018

<h2>Output:</h2>
*** Using Compiler 'V5.06 update 4 (build 422)', folder: 'C:\Keil_v5\ARM\ARMCC\Bin'
Rebuild target 'BootLoader'
assembling startup_stm32f769xx.s...
compiling stm32f7xx_it.c...
compiling system_stm32f7xx.c...
compiling stm32f7xx_hal.c...
compiling main.c...
compiling stm32f7xx_hal_gpio.c...
compiling stm32f7xx_hal_cortex.c...
compiling stm32f7xx_hal_pwr.c...
compiling stm32f7xx_hal_pwr_ex.c...
compiling stm32f7xx_hal_rcc.c...
compiling stm32f7xx_hal_uart.c...
compiling stm32f7xx_hal_rcc_ex.c...
compiling stm32f7xx_hal_ltdc.c...
compiling stm32f7xx_hal_usart.c...
compiling stm32f7xx_hal_ltdc_ex.c...
compiling stm32f7xx_hal_sdram.c...
compiling stm32f7xx_ll_fmc.c...
compiling stm32f7xx_hal_spi.c...
compiling stm32f7xx_hal_nor.c...
compiling stm32f7xx_hal_flash_ex.c...
compiling stm32f7xx_ll_dma2d.c...
compiling stm32f7xx_hal_flash.c...
compiling stm32f7xx_hal_dma.c...
compiling stm32f7xx_hal_iwdg.c...
compiling stm32f7xx_hal_dma_ex.c...
compiling croutine.c...
compiling sys.c...
compiling delay.c...
compiling event_groups.c...
compiling queue.c...
compiling list.c...
compiling tasks.c...
compiling timers.c...
compiling port.c...
compiling heap_4.c...
compiling uart.c...
compiling my_norflash.c...
compiling diskio.c...
compiling ff.c...
compiling ffsystem.c...
compiling ffunicode.c...
compiling interflash.c...
compiling ymodem.c...
compiling ymodem_2.c...
compiling ble_tooth.c...
compiling ble_update.c...
compiling crc16.c...
compiling system_info.c...
compiling bootloader.c...
compiling oled.c...
compiling ChineseCharacter.c...
compiling my_gui.c...
linking...
Program Size: Code=37380 RO-data=1600 RW-data=2176 ZI-data=279328  
FromELF: creating hex file...
After Build - User command #1: C:\Keil_v5\ARM\ARMCC\bin\fromelf.exe  --bin -o  ../BIN/stm32f7_FreeRTOS.bin  ../OBJ/LED.axf
"..\OBJ\LED.axf" - 0 Error(s), 0 Warning(s).

<h2>Software Packages used:</h2>

Package Vendor: ARM
                http://www.keil.com/pack/ARM.CMSIS.5.0.1.pack
                ::CMSIS Driver:Flash:2.1.0 (API)
                CMSIS (Cortex Microcontroller Software Interface Standard)
   * Component: Flash Version: 2.1.0

<h2>Collection of Component include folders:</h2>
  .\RTE\_BootLoader
  C:\Keil_v5\ARM\PACK\Keil\STM32F7xx_DFP\2.8.0\Drivers\CMSIS\Device\ST\STM32F7xx\Include

<h2>Collection of Component Files used:</h2>

   * Component: ::CMSIS Driver:Flash:2.1.0 (API)
Build Time Elapsed:  00:03:32
</pre>
</body>
</html>
