<!doctype html public "-//w3c//dtd html 4.0 transitional//en">
<html><head>
<title>Static Call Graph - [..\OBJ\LED.axf]</title></head>
<body><HR>
<H1>Static Call Graph for image ..\OBJ\LED.axf</H1><HR>
<BR><P>#&#060CALLGRAPH&#062# ARM Linker, 5060422: Last Updated: Fri Feb 23 14:23:22 2018
<BR><P>
<H3>Maximum Stack Usage =       3164 bytes + Unknown(Cycles, Untraceable Function Pointers)</H3><H3>
Call chain for Maximum Stack Depth:</H3>
BleTask &rArr; BleGetFireInfo &rArr; BleSend2Phone &rArr; Cal_CRC16 &rArr; UpdateCRC16
<P>
<H3>
Mutually Recursive functions
</H3> <LI><a href="#[1c]">ADC_IRQHandler</a>&nbsp;&nbsp;&nbsp;&rArr;&nbsp;&nbsp;&nbsp;<a href="#[1c]">ADC_IRQHandler</a><BR>
</UL>
<P>
<H3>
Function Pointers
</H3><UL>
 <LI><a href="#[1c]">ADC_IRQHandler</a> from startup_stm32f769xx.o(.text) referenced from startup_stm32f769xx.o(RESET)
 <LI><a href="#[7a]">BleTask</a> from ble_update.o(i.BleTask) referenced from ble_update.o(i.CreateBleTask)
 <LI><a href="#[4]">BusFault_Handler</a> from stm32f7xx_it.o(i.BusFault_Handler) referenced from startup_stm32f769xx.o(RESET)
 <LI><a href="#[1e]">CAN1_RX0_IRQHandler</a> from startup_stm32f769xx.o(.text) referenced from startup_stm32f769xx.o(RESET)
 <LI><a href="#[1f]">CAN1_RX1_IRQHandler</a> from startup_stm32f769xx.o(.text) referenced from startup_stm32f769xx.o(RESET)
 <LI><a href="#[20]">CAN1_SCE_IRQHandler</a> from startup_stm32f769xx.o(.text) referenced from startup_stm32f769xx.o(RESET)
 <LI><a href="#[1d]">CAN1_TX_IRQHandler</a> from startup_stm32f769xx.o(.text) referenced from startup_stm32f769xx.o(RESET)
 <LI><a href="#[4a]">CAN2_RX0_IRQHandler</a> from startup_stm32f769xx.o(.text) referenced from startup_stm32f769xx.o(RESET)
 <LI><a href="#[4b]">CAN2_RX1_IRQHandler</a> from startup_stm32f769xx.o(.text) referenced from startup_stm32f769xx.o(RESET)
 <LI><a href="#[4c]">CAN2_SCE_IRQHandler</a> from startup_stm32f769xx.o(.text) referenced from startup_stm32f769xx.o(RESET)
 <LI><a href="#[49]">CAN2_TX_IRQHandler</a> from startup_stm32f769xx.o(.text) referenced from startup_stm32f769xx.o(RESET)
 <LI><a href="#[72]">CAN3_RX0_IRQHandler</a> from startup_stm32f769xx.o(.text) referenced from startup_stm32f769xx.o(RESET)
 <LI><a href="#[73]">CAN3_RX1_IRQHandler</a> from startup_stm32f769xx.o(.text) referenced from startup_stm32f769xx.o(RESET)
 <LI><a href="#[74]">CAN3_SCE_IRQHandler</a> from startup_stm32f769xx.o(.text) referenced from startup_stm32f769xx.o(RESET)
 <LI><a href="#[71]">CAN3_TX_IRQHandler</a> from startup_stm32f769xx.o(.text) referenced from startup_stm32f769xx.o(RESET)
 <LI><a href="#[67]">CEC_IRQHandler</a> from startup_stm32f769xx.o(.text) referenced from startup_stm32f769xx.o(RESET)
 <LI><a href="#[58]">DCMI_IRQHandler</a> from startup_stm32f769xx.o(.text) referenced from startup_stm32f769xx.o(RESET)
 <LI><a href="#[6c]">DFSDM1_FLT0_IRQHandler</a> from startup_stm32f769xx.o(.text) referenced from startup_stm32f769xx.o(RESET)
 <LI><a href="#[6d]">DFSDM1_FLT1_IRQHandler</a> from startup_stm32f769xx.o(.text) referenced from startup_stm32f769xx.o(RESET)
 <LI><a href="#[6e]">DFSDM1_FLT2_IRQHandler</a> from startup_stm32f769xx.o(.text) referenced from startup_stm32f769xx.o(RESET)
 <LI><a href="#[6f]">DFSDM1_FLT3_IRQHandler</a> from startup_stm32f769xx.o(.text) referenced from startup_stm32f769xx.o(RESET)
 <LI><a href="#[15]">DMA1_Stream0_IRQHandler</a> from startup_stm32f769xx.o(.text) referenced from startup_stm32f769xx.o(RESET)
 <LI><a href="#[16]">DMA1_Stream1_IRQHandler</a> from startup_stm32f769xx.o(.text) referenced from startup_stm32f769xx.o(RESET)
 <LI><a href="#[17]">DMA1_Stream2_IRQHandler</a> from startup_stm32f769xx.o(.text) referenced from startup_stm32f769xx.o(RESET)
 <LI><a href="#[18]">DMA1_Stream3_IRQHandler</a> from startup_stm32f769xx.o(.text) referenced from startup_stm32f769xx.o(RESET)
 <LI><a href="#[19]">DMA1_Stream4_IRQHandler</a> from startup_stm32f769xx.o(.text) referenced from startup_stm32f769xx.o(RESET)
 <LI><a href="#[1a]">DMA1_Stream5_IRQHandler</a> from startup_stm32f769xx.o(.text) referenced from startup_stm32f769xx.o(RESET)
 <LI><a href="#[1b]">DMA1_Stream6_IRQHandler</a> from startup_stm32f769xx.o(.text) referenced from startup_stm32f769xx.o(RESET)
 <LI><a href="#[39]">DMA1_Stream7_IRQHandler</a> from startup_stm32f769xx.o(.text) referenced from startup_stm32f769xx.o(RESET)
 <LI><a href="#[63]">DMA2D_IRQHandler</a> from startup_stm32f769xx.o(.text) referenced from startup_stm32f769xx.o(RESET)
 <LI><a href="#[42]">DMA2_Stream0_IRQHandler</a> from startup_stm32f769xx.o(.text) referenced from startup_stm32f769xx.o(RESET)
 <LI><a href="#[43]">DMA2_Stream1_IRQHandler</a> from startup_stm32f769xx.o(.text) referenced from startup_stm32f769xx.o(RESET)
 <LI><a href="#[44]">DMA2_Stream2_IRQHandler</a> from startup_stm32f769xx.o(.text) referenced from startup_stm32f769xx.o(RESET)
 <LI><a href="#[45]">DMA2_Stream3_IRQHandler</a> from startup_stm32f769xx.o(.text) referenced from startup_stm32f769xx.o(RESET)
 <LI><a href="#[46]">DMA2_Stream4_IRQHandler</a> from startup_stm32f769xx.o(.text) referenced from startup_stm32f769xx.o(RESET)
 <LI><a href="#[4e]">DMA2_Stream5_IRQHandler</a> from startup_stm32f769xx.o(.text) referenced from startup_stm32f769xx.o(RESET)
 <LI><a href="#[4f]">DMA2_Stream6_IRQHandler</a> from startup_stm32f769xx.o(.text) referenced from startup_stm32f769xx.o(RESET)
 <LI><a href="#[50]">DMA2_Stream7_IRQHandler</a> from startup_stm32f769xx.o(.text) referenced from startup_stm32f769xx.o(RESET)
 <LI><a href="#[6b]">DSI_IRQHandler</a> from startup_stm32f769xx.o(.text) referenced from startup_stm32f769xx.o(RESET)
 <LI><a href="#[7]">DebugMon_Handler</a> from stm32f7xx_it.o(i.DebugMon_Handler) referenced from startup_stm32f769xx.o(RESET)
 <LI><a href="#[47]">ETH_IRQHandler</a> from startup_stm32f769xx.o(.text) referenced from startup_stm32f769xx.o(RESET)
 <LI><a href="#[48]">ETH_WKUP_IRQHandler</a> from startup_stm32f769xx.o(.text) referenced from startup_stm32f769xx.o(RESET)
 <LI><a href="#[10]">EXTI0_IRQHandler</a> from startup_stm32f769xx.o(.text) referenced from startup_stm32f769xx.o(RESET)
 <LI><a href="#[32]">EXTI15_10_IRQHandler</a> from startup_stm32f769xx.o(.text) referenced from startup_stm32f769xx.o(RESET)
 <LI><a href="#[11]">EXTI1_IRQHandler</a> from startup_stm32f769xx.o(.text) referenced from startup_stm32f769xx.o(RESET)
 <LI><a href="#[12]">EXTI2_IRQHandler</a> from startup_stm32f769xx.o(.text) referenced from startup_stm32f769xx.o(RESET)
 <LI><a href="#[13]">EXTI3_IRQHandler</a> from startup_stm32f769xx.o(.text) referenced from startup_stm32f769xx.o(RESET)
 <LI><a href="#[14]">EXTI4_IRQHandler</a> from startup_stm32f769xx.o(.text) referenced from startup_stm32f769xx.o(RESET)
 <LI><a href="#[21]">EXTI9_5_IRQHandler</a> from startup_stm32f769xx.o(.text) referenced from startup_stm32f769xx.o(RESET)
 <LI><a href="#[e]">FLASH_IRQHandler</a> from stm32f7xx_it.o(i.FLASH_IRQHandler) referenced from startup_stm32f769xx.o(RESET)
 <LI><a href="#[3a]">FMC_IRQHandler</a> from startup_stm32f769xx.o(.text) referenced from startup_stm32f769xx.o(RESET)
 <LI><a href="#[5a]">FPU_IRQHandler</a> from startup_stm32f769xx.o(.text) referenced from startup_stm32f769xx.o(RESET)
 <LI><a href="#[2]">HardFault_Handler</a> from stm32f7xx_it.o(i.HardFault_Handler) referenced from startup_stm32f769xx.o(RESET)
 <LI><a href="#[2a]">I2C1_ER_IRQHandler</a> from startup_stm32f769xx.o(.text) referenced from startup_stm32f769xx.o(RESET)
 <LI><a href="#[29]">I2C1_EV_IRQHandler</a> from startup_stm32f769xx.o(.text) referenced from startup_stm32f769xx.o(RESET)
 <LI><a href="#[2c]">I2C2_ER_IRQHandler</a> from startup_stm32f769xx.o(.text) referenced from startup_stm32f769xx.o(RESET)
 <LI><a href="#[2b]">I2C2_EV_IRQHandler</a> from startup_stm32f769xx.o(.text) referenced from startup_stm32f769xx.o(RESET)
 <LI><a href="#[53]">I2C3_ER_IRQHandler</a> from startup_stm32f769xx.o(.text) referenced from startup_stm32f769xx.o(RESET)
 <LI><a href="#[52]">I2C3_EV_IRQHandler</a> from startup_stm32f769xx.o(.text) referenced from startup_stm32f769xx.o(RESET)
 <LI><a href="#[69]">I2C4_ER_IRQHandler</a> from startup_stm32f769xx.o(.text) referenced from startup_stm32f769xx.o(RESET)
 <LI><a href="#[68]">I2C4_EV_IRQHandler</a> from startup_stm32f769xx.o(.text) referenced from startup_stm32f769xx.o(RESET)
 <LI><a href="#[75]">JPEG_IRQHandler</a> from startup_stm32f769xx.o(.text) referenced from startup_stm32f769xx.o(RESET)
 <LI><a href="#[66]">LPTIM1_IRQHandler</a> from startup_stm32f769xx.o(.text) referenced from startup_stm32f769xx.o(RESET)
 <LI><a href="#[62]">LTDC_ER_IRQHandler</a> from startup_stm32f769xx.o(.text) referenced from startup_stm32f769xx.o(RESET)
 <LI><a href="#[61]">LTDC_IRQHandler</a> from startup_stm32f769xx.o(.text) referenced from startup_stm32f769xx.o(RESET)
 <LI><a href="#[76]">MDIOS_IRQHandler</a> from startup_stm32f769xx.o(.text) referenced from startup_stm32f769xx.o(RESET)
 <LI><a href="#[3]">MemManage_Handler</a> from stm32f7xx_it.o(i.MemManage_Handler) referenced from startup_stm32f769xx.o(RESET)
 <LI><a href="#[1]">NMI_Handler</a> from stm32f7xx_it.o(i.NMI_Handler) referenced from startup_stm32f769xx.o(RESET)
 <LI><a href="#[7b]">OLEDTask</a> from oled.o(i.OLEDTask) referenced from oled.o(i.CreateOLEDTask)
 <LI><a href="#[4d]">OTG_FS_IRQHandler</a> from startup_stm32f769xx.o(.text) referenced from startup_stm32f769xx.o(RESET)
 <LI><a href="#[34]">OTG_FS_WKUP_IRQHandler</a> from startup_stm32f769xx.o(.text) referenced from startup_stm32f769xx.o(RESET)
 <LI><a href="#[55]">OTG_HS_EP1_IN_IRQHandler</a> from startup_stm32f769xx.o(.text) referenced from startup_stm32f769xx.o(RESET)
 <LI><a href="#[54]">OTG_HS_EP1_OUT_IRQHandler</a> from startup_stm32f769xx.o(.text) referenced from startup_stm32f769xx.o(RESET)
 <LI><a href="#[57]">OTG_HS_IRQHandler</a> from startup_stm32f769xx.o(.text) referenced from startup_stm32f769xx.o(RESET)
 <LI><a href="#[56]">OTG_HS_WKUP_IRQHandler</a> from startup_stm32f769xx.o(.text) referenced from startup_stm32f769xx.o(RESET)
 <LI><a href="#[b]">PVD_IRQHandler</a> from startup_stm32f769xx.o(.text) referenced from startup_stm32f769xx.o(RESET)
 <LI><a href="#[8]">PendSV_Handler</a> from port.o(.emb_text) referenced from startup_stm32f769xx.o(RESET)
 <LI><a href="#[65]">QUADSPI_IRQHandler</a> from startup_stm32f769xx.o(.text) referenced from startup_stm32f769xx.o(RESET)
 <LI><a href="#[f]">RCC_IRQHandler</a> from startup_stm32f769xx.o(.text) referenced from startup_stm32f769xx.o(RESET)
 <LI><a href="#[59]">RNG_IRQHandler</a> from startup_stm32f769xx.o(.text) referenced from startup_stm32f769xx.o(RESET)
 <LI><a href="#[33]">RTC_Alarm_IRQHandler</a> from startup_stm32f769xx.o(.text) referenced from startup_stm32f769xx.o(RESET)
 <LI><a href="#[d]">RTC_WKUP_IRQHandler</a> from startup_stm32f769xx.o(.text) referenced from startup_stm32f769xx.o(RESET)
 <LI><a href="#[0]">Reset_Handler</a> from startup_stm32f769xx.o(.text) referenced from startup_stm32f769xx.o(RESET)
 <LI><a href="#[60]">SAI1_IRQHandler</a> from startup_stm32f769xx.o(.text) referenced from startup_stm32f769xx.o(RESET)
 <LI><a href="#[64]">SAI2_IRQHandler</a> from startup_stm32f769xx.o(.text) referenced from startup_stm32f769xx.o(RESET)
 <LI><a href="#[3b]">SDMMC1_IRQHandler</a> from startup_stm32f769xx.o(.text) referenced from startup_stm32f769xx.o(RESET)
 <LI><a href="#[70]">SDMMC2_IRQHandler</a> from startup_stm32f769xx.o(.text) referenced from startup_stm32f769xx.o(RESET)
 <LI><a href="#[6a]">SPDIF_RX_IRQHandler</a> from startup_stm32f769xx.o(.text) referenced from startup_stm32f769xx.o(RESET)
 <LI><a href="#[2d]">SPI1_IRQHandler</a> from startup_stm32f769xx.o(.text) referenced from startup_stm32f769xx.o(RESET)
 <LI><a href="#[2e]">SPI2_IRQHandler</a> from startup_stm32f769xx.o(.text) referenced from startup_stm32f769xx.o(RESET)
 <LI><a href="#[3d]">SPI3_IRQHandler</a> from startup_stm32f769xx.o(.text) referenced from startup_stm32f769xx.o(RESET)
 <LI><a href="#[5d]">SPI4_IRQHandler</a> from startup_stm32f769xx.o(.text) referenced from startup_stm32f769xx.o(RESET)
 <LI><a href="#[5e]">SPI5_IRQHandler</a> from startup_stm32f769xx.o(.text) referenced from startup_stm32f769xx.o(RESET)
 <LI><a href="#[5f]">SPI6_IRQHandler</a> from startup_stm32f769xx.o(.text) referenced from startup_stm32f769xx.o(RESET)
 <LI><a href="#[6]">SVC_Handler</a> from port.o(.emb_text) referenced from startup_stm32f769xx.o(RESET)
 <LI><a href="#[9]">SysTick_Handler</a> from delay.o(i.SysTick_Handler) referenced from startup_stm32f769xx.o(RESET)
 <LI><a href="#[78]">SystemInit</a> from system_stm32f7xx.o(i.SystemInit) referenced from startup_stm32f769xx.o(.text)
 <LI><a href="#[c]">TAMP_STAMP_IRQHandler</a> from startup_stm32f769xx.o(.text) referenced from startup_stm32f769xx.o(RESET)
 <LI><a href="#[22]">TIM1_BRK_TIM9_IRQHandler</a> from startup_stm32f769xx.o(.text) referenced from startup_stm32f769xx.o(RESET)
 <LI><a href="#[25]">TIM1_CC_IRQHandler</a> from startup_stm32f769xx.o(.text) referenced from startup_stm32f769xx.o(RESET)
 <LI><a href="#[24]">TIM1_TRG_COM_TIM11_IRQHandler</a> from startup_stm32f769xx.o(.text) referenced from startup_stm32f769xx.o(RESET)
 <LI><a href="#[23]">TIM1_UP_TIM10_IRQHandler</a> from startup_stm32f769xx.o(.text) referenced from startup_stm32f769xx.o(RESET)
 <LI><a href="#[26]">TIM2_IRQHandler</a> from startup_stm32f769xx.o(.text) referenced from startup_stm32f769xx.o(RESET)
 <LI><a href="#[27]">TIM3_IRQHandler</a> from startup_stm32f769xx.o(.text) referenced from startup_stm32f769xx.o(RESET)
 <LI><a href="#[28]">TIM4_IRQHandler</a> from startup_stm32f769xx.o(.text) referenced from startup_stm32f769xx.o(RESET)
 <LI><a href="#[3c]">TIM5_IRQHandler</a> from startup_stm32f769xx.o(.text) referenced from startup_stm32f769xx.o(RESET)
 <LI><a href="#[40]">TIM6_DAC_IRQHandler</a> from startup_stm32f769xx.o(.text) referenced from startup_stm32f769xx.o(RESET)
 <LI><a href="#[41]">TIM7_IRQHandler</a> from startup_stm32f769xx.o(.text) referenced from startup_stm32f769xx.o(RESET)
 <LI><a href="#[35]">TIM8_BRK_TIM12_IRQHandler</a> from startup_stm32f769xx.o(.text) referenced from startup_stm32f769xx.o(RESET)
 <LI><a href="#[38]">TIM8_CC_IRQHandler</a> from startup_stm32f769xx.o(.text) referenced from startup_stm32f769xx.o(RESET)
 <LI><a href="#[37]">TIM8_TRG_COM_TIM14_IRQHandler</a> from startup_stm32f769xx.o(.text) referenced from startup_stm32f769xx.o(RESET)
 <LI><a href="#[36]">TIM8_UP_TIM13_IRQHandler</a> from startup_stm32f769xx.o(.text) referenced from startup_stm32f769xx.o(RESET)
 <LI><a href="#[3e]">UART4_IRQHandler</a> from startup_stm32f769xx.o(.text) referenced from startup_stm32f769xx.o(RESET)
 <LI><a href="#[3f]">UART5_IRQHandler</a> from stm32f7xx_it.o(i.UART5_IRQHandler) referenced from startup_stm32f769xx.o(RESET)
 <LI><a href="#[5b]">UART7_IRQHandler</a> from startup_stm32f769xx.o(.text) referenced from startup_stm32f769xx.o(RESET)
 <LI><a href="#[5c]">UART8_IRQHandler</a> from startup_stm32f769xx.o(.text) referenced from startup_stm32f769xx.o(RESET)
 <LI><a href="#[7c]">UART_DMAAbortOnError</a> from stm32f7xx_hal_uart.o(i.UART_DMAAbortOnError) referenced from stm32f7xx_hal_uart.o(i.HAL_UART_IRQHandler)
 <LI><a href="#[2f]">USART1_IRQHandler</a> from stm32f7xx_it.o(i.USART1_IRQHandler) referenced from startup_stm32f769xx.o(RESET)
 <LI><a href="#[30]">USART2_IRQHandler</a> from stm32f7xx_it.o(i.USART2_IRQHandler) referenced from startup_stm32f769xx.o(RESET)
 <LI><a href="#[31]">USART3_IRQHandler</a> from startup_stm32f769xx.o(.text) referenced from startup_stm32f769xx.o(RESET)
 <LI><a href="#[51]">USART6_IRQHandler</a> from startup_stm32f769xx.o(.text) referenced from startup_stm32f769xx.o(RESET)
 <LI><a href="#[5]">UsageFault_Handler</a> from stm32f7xx_it.o(i.UsageFault_Handler) referenced from startup_stm32f769xx.o(RESET)
 <LI><a href="#[a]">WWDG_IRQHandler</a> from startup_stm32f769xx.o(.text) referenced from startup_stm32f769xx.o(RESET)
 <LI><a href="#[79]">__main</a> from entry.o(.ARM.Collect$$$$00000000) referenced from startup_stm32f769xx.o(.text)
 <LI><a href="#[7e]">_sputc</a> from printfa.o(i._sputc) referenced from printfa.o(i.__0sprintf)
 <LI><a href="#[7e]">_sputc</a> from printfa.o(i._sputc) referenced from printfa.o(i.__0vsprintf)
 <LI><a href="#[7d]">fputc</a> from fputc.o(i.fputc) referenced from printfa.o(i.__0printf)
 <LI><a href="#[77]">main</a> from main.o(i.main) referenced from entry9a.o(.ARM.Collect$$$$0000000B)
 <LI><a href="#[81]">prvIdleTask</a> from tasks.o(i.prvIdleTask) referenced from tasks.o(i.vTaskStartScheduler)
 <LI><a href="#[80]">prvTaskExitError</a> from port.o(i.prvTaskExitError) referenced from port.o(i.pxPortInitialiseStack)
 <LI><a href="#[82]">prvTimerTask</a> from timers.o(i.prvTimerTask) referenced from timers.o(i.xTimerCreateTimerTask)
 <LI><a href="#[7f]">start_task</a> from main.o(i.start_task) referenced from main.o(i.main)
</UL>
<P>
<H3>
Global Symbols
</H3>
<P><STRONG><a name="[79]"></a>__main</STRONG> (Thumb, 0 bytes, Stack size unknown bytes, entry.o(.ARM.Collect$$$$00000000))
<BR>[Address Reference Count : 1]<UL><LI> startup_stm32f769xx.o(.text)
</UL>
<P><STRONG><a name="[1a4]"></a>_main_stk</STRONG> (Thumb, 0 bytes, Stack size unknown bytes, entry2.o(.ARM.Collect$$$$00000001))

<P><STRONG><a name="[85]"></a>_main_scatterload</STRONG> (Thumb, 0 bytes, Stack size unknown bytes, entry5.o(.ARM.Collect$$$$00000004))
<BR><BR>[Calls]<UL><LI><a href="#[86]">&gt;&gt;</a>&nbsp;&nbsp;&nbsp;__scatterload
</UL>

<P><STRONG><a name="[9c]"></a>__main_after_scatterload</STRONG> (Thumb, 0 bytes, Stack size unknown bytes, entry5.o(.ARM.Collect$$$$00000004))
<BR><BR>[Called By]<UL><LI><a href="#[86]">&gt;&gt;</a>&nbsp;&nbsp;&nbsp;__scatterload
</UL>

<P><STRONG><a name="[1a5]"></a>_main_clock</STRONG> (Thumb, 0 bytes, Stack size unknown bytes, entry7b.o(.ARM.Collect$$$$00000008))

<P><STRONG><a name="[1a6]"></a>_main_cpp_init</STRONG> (Thumb, 0 bytes, Stack size unknown bytes, entry8b.o(.ARM.Collect$$$$0000000A))

<P><STRONG><a name="[1a7]"></a>_main_init</STRONG> (Thumb, 0 bytes, Stack size unknown bytes, entry9a.o(.ARM.Collect$$$$0000000B))

<P><STRONG><a name="[1a8]"></a>__rt_final_cpp</STRONG> (Thumb, 0 bytes, Stack size unknown bytes, entry10a.o(.ARM.Collect$$$$0000000D))

<P><STRONG><a name="[1a9]"></a>__rt_final_exit</STRONG> (Thumb, 0 bytes, Stack size unknown bytes, entry11a.o(.ARM.Collect$$$$0000000F))

<P><STRONG><a name="[6]"></a>SVC_Handler</STRONG> (Thumb, 28 bytes, Stack size 0 bytes, port.o(.emb_text))
<BR>[Address Reference Count : 1]<UL><LI> startup_stm32f769xx.o(RESET)
</UL>
<P><STRONG><a name="[19c]"></a>__asm___6_port_c_39a90d8d__prvStartFirstTask</STRONG> (Thumb, 28 bytes, Stack size 0 bytes, port.o(.emb_text))
<BR><BR>[Called By]<UL><LI><a href="#[199]">&gt;&gt;</a>&nbsp;&nbsp;&nbsp;xPortStartScheduler
</UL>

<P><STRONG><a name="[19b]"></a>__asm___6_port_c_39a90d8d__prvEnableVFP</STRONG> (Thumb, 16 bytes, Stack size 0 bytes, port.o(.emb_text))
<BR><BR>[Called By]<UL><LI><a href="#[199]">&gt;&gt;</a>&nbsp;&nbsp;&nbsp;xPortStartScheduler
</UL>

<P><STRONG><a name="[8]"></a>PendSV_Handler</STRONG> (Thumb, 88 bytes, Stack size 0 bytes, port.o(.emb_text))
<BR><BR>[Stack]<UL><LI>Max Depth = 32<LI>Call Chain = PendSV_Handler &rArr; vTaskSwitchContext &rArr; __2printf
</UL>
<BR>[Calls]<UL><LI><a href="#[87]">&gt;&gt;</a>&nbsp;&nbsp;&nbsp;vTaskSwitchContext
</UL>
<BR>[Address Reference Count : 1]<UL><LI> startup_stm32f769xx.o(RESET)
</UL>
<P><STRONG><a name="[192]"></a>vPortGetIPSR</STRONG> (Thumb, 6 bytes, Stack size 0 bytes, port.o(.emb_text))
<BR><BR>[Called By]<UL><LI><a href="#[191]">&gt;&gt;</a>&nbsp;&nbsp;&nbsp;vPortValidateInterruptPriority
</UL>

<P><STRONG><a name="[0]"></a>Reset_Handler</STRONG> (Thumb, 8 bytes, Stack size 0 bytes, startup_stm32f769xx.o(.text))
<BR>[Address Reference Count : 1]<UL><LI> startup_stm32f769xx.o(RESET)
</UL>
<P><STRONG><a name="[1c]"></a>ADC_IRQHandler</STRONG> (Thumb, 0 bytes, Stack size 0 bytes, startup_stm32f769xx.o(.text))
<BR><BR>[Calls]<UL><LI><a href="#[1c]">&gt;&gt;</a>&nbsp;&nbsp;&nbsp;ADC_IRQHandler
</UL>
<BR>[Called By]<UL><LI><a href="#[1c]">&gt;&gt;</a>&nbsp;&nbsp;&nbsp;ADC_IRQHandler
</UL>
<BR>[Address Reference Count : 1]<UL><LI> startup_stm32f769xx.o(RESET)
</UL>
<P><STRONG><a name="[1e]"></a>CAN1_RX0_IRQHandler</STRONG> (Thumb, 0 bytes, Stack size 0 bytes, startup_stm32f769xx.o(.text))
<BR>[Address Reference Count : 1]<UL><LI> startup_stm32f769xx.o(RESET)
</UL>
<P><STRONG><a name="[1f]"></a>CAN1_RX1_IRQHandler</STRONG> (Thumb, 0 bytes, Stack size 0 bytes, startup_stm32f769xx.o(.text))
<BR>[Address Reference Count : 1]<UL><LI> startup_stm32f769xx.o(RESET)
</UL>
<P><STRONG><a name="[20]"></a>CAN1_SCE_IRQHandler</STRONG> (Thumb, 0 bytes, Stack size 0 bytes, startup_stm32f769xx.o(.text))
<BR>[Address Reference Count : 1]<UL><LI> startup_stm32f769xx.o(RESET)
</UL>
<P><STRONG><a name="[1d]"></a>CAN1_TX_IRQHandler</STRONG> (Thumb, 0 bytes, Stack size 0 bytes, startup_stm32f769xx.o(.text))
<BR>[Address Reference Count : 1]<UL><LI> startup_stm32f769xx.o(RESET)
</UL>
<P><STRONG><a name="[4a]"></a>CAN2_RX0_IRQHandler</STRONG> (Thumb, 0 bytes, Stack size 0 bytes, startup_stm32f769xx.o(.text))
<BR>[Address Reference Count : 1]<UL><LI> startup_stm32f769xx.o(RESET)
</UL>
<P><STRONG><a name="[4b]"></a>CAN2_RX1_IRQHandler</STRONG> (Thumb, 0 bytes, Stack size 0 bytes, startup_stm32f769xx.o(.text))
<BR>[Address Reference Count : 1]<UL><LI> startup_stm32f769xx.o(RESET)
</UL>
<P><STRONG><a name="[4c]"></a>CAN2_SCE_IRQHandler</STRONG> (Thumb, 0 bytes, Stack size 0 bytes, startup_stm32f769xx.o(.text))
<BR>[Address Reference Count : 1]<UL><LI> startup_stm32f769xx.o(RESET)
</UL>
<P><STRONG><a name="[49]"></a>CAN2_TX_IRQHandler</STRONG> (Thumb, 0 bytes, Stack size 0 bytes, startup_stm32f769xx.o(.text))
<BR>[Address Reference Count : 1]<UL><LI> startup_stm32f769xx.o(RESET)
</UL>
<P><STRONG><a name="[72]"></a>CAN3_RX0_IRQHandler</STRONG> (Thumb, 0 bytes, Stack size 0 bytes, startup_stm32f769xx.o(.text))
<BR>[Address Reference Count : 1]<UL><LI> startup_stm32f769xx.o(RESET)
</UL>
<P><STRONG><a name="[73]"></a>CAN3_RX1_IRQHandler</STRONG> (Thumb, 0 bytes, Stack size 0 bytes, startup_stm32f769xx.o(.text))
<BR>[Address Reference Count : 1]<UL><LI> startup_stm32f769xx.o(RESET)
</UL>
<P><STRONG><a name="[74]"></a>CAN3_SCE_IRQHandler</STRONG> (Thumb, 0 bytes, Stack size 0 bytes, startup_stm32f769xx.o(.text))
<BR>[Address Reference Count : 1]<UL><LI> startup_stm32f769xx.o(RESET)
</UL>
<P><STRONG><a name="[71]"></a>CAN3_TX_IRQHandler</STRONG> (Thumb, 0 bytes, Stack size 0 bytes, startup_stm32f769xx.o(.text))
<BR>[Address Reference Count : 1]<UL><LI> startup_stm32f769xx.o(RESET)
</UL>
<P><STRONG><a name="[67]"></a>CEC_IRQHandler</STRONG> (Thumb, 0 bytes, Stack size 0 bytes, startup_stm32f769xx.o(.text))
<BR>[Address Reference Count : 1]<UL><LI> startup_stm32f769xx.o(RESET)
</UL>
<P><STRONG><a name="[58]"></a>DCMI_IRQHandler</STRONG> (Thumb, 0 bytes, Stack size 0 bytes, startup_stm32f769xx.o(.text))
<BR>[Address Reference Count : 1]<UL><LI> startup_stm32f769xx.o(RESET)
</UL>
<P><STRONG><a name="[6c]"></a>DFSDM1_FLT0_IRQHandler</STRONG> (Thumb, 0 bytes, Stack size 0 bytes, startup_stm32f769xx.o(.text))
<BR>[Address Reference Count : 1]<UL><LI> startup_stm32f769xx.o(RESET)
</UL>
<P><STRONG><a name="[6d]"></a>DFSDM1_FLT1_IRQHandler</STRONG> (Thumb, 0 bytes, Stack size 0 bytes, startup_stm32f769xx.o(.text))
<BR>[Address Reference Count : 1]<UL><LI> startup_stm32f769xx.o(RESET)
</UL>
<P><STRONG><a name="[6e]"></a>DFSDM1_FLT2_IRQHandler</STRONG> (Thumb, 0 bytes, Stack size 0 bytes, startup_stm32f769xx.o(.text))
<BR>[Address Reference Count : 1]<UL><LI> startup_stm32f769xx.o(RESET)
</UL>
<P><STRONG><a name="[6f]"></a>DFSDM1_FLT3_IRQHandler</STRONG> (Thumb, 0 bytes, Stack size 0 bytes, startup_stm32f769xx.o(.text))
<BR>[Address Reference Count : 1]<UL><LI> startup_stm32f769xx.o(RESET)
</UL>
<P><STRONG><a name="[15]"></a>DMA1_Stream0_IRQHandler</STRONG> (Thumb, 0 bytes, Stack size 0 bytes, startup_stm32f769xx.o(.text))
<BR>[Address Reference Count : 1]<UL><LI> startup_stm32f769xx.o(RESET)
</UL>
<P><STRONG><a name="[16]"></a>DMA1_Stream1_IRQHandler</STRONG> (Thumb, 0 bytes, Stack size 0 bytes, startup_stm32f769xx.o(.text))
<BR>[Address Reference Count : 1]<UL><LI> startup_stm32f769xx.o(RESET)
</UL>
<P><STRONG><a name="[17]"></a>DMA1_Stream2_IRQHandler</STRONG> (Thumb, 0 bytes, Stack size 0 bytes, startup_stm32f769xx.o(.text))
<BR>[Address Reference Count : 1]<UL><LI> startup_stm32f769xx.o(RESET)
</UL>
<P><STRONG><a name="[18]"></a>DMA1_Stream3_IRQHandler</STRONG> (Thumb, 0 bytes, Stack size 0 bytes, startup_stm32f769xx.o(.text))
<BR>[Address Reference Count : 1]<UL><LI> startup_stm32f769xx.o(RESET)
</UL>
<P><STRONG><a name="[19]"></a>DMA1_Stream4_IRQHandler</STRONG> (Thumb, 0 bytes, Stack size 0 bytes, startup_stm32f769xx.o(.text))
<BR>[Address Reference Count : 1]<UL><LI> startup_stm32f769xx.o(RESET)
</UL>
<P><STRONG><a name="[1a]"></a>DMA1_Stream5_IRQHandler</STRONG> (Thumb, 0 bytes, Stack size 0 bytes, startup_stm32f769xx.o(.text))
<BR>[Address Reference Count : 1]<UL><LI> startup_stm32f769xx.o(RESET)
</UL>
<P><STRONG><a name="[1b]"></a>DMA1_Stream6_IRQHandler</STRONG> (Thumb, 0 bytes, Stack size 0 bytes, startup_stm32f769xx.o(.text))
<BR>[Address Reference Count : 1]<UL><LI> startup_stm32f769xx.o(RESET)
</UL>
<P><STRONG><a name="[39]"></a>DMA1_Stream7_IRQHandler</STRONG> (Thumb, 0 bytes, Stack size 0 bytes, startup_stm32f769xx.o(.text))
<BR>[Address Reference Count : 1]<UL><LI> startup_stm32f769xx.o(RESET)
</UL>
<P><STRONG><a name="[63]"></a>DMA2D_IRQHandler</STRONG> (Thumb, 0 bytes, Stack size 0 bytes, startup_stm32f769xx.o(.text))
<BR>[Address Reference Count : 1]<UL><LI> startup_stm32f769xx.o(RESET)
</UL>
<P><STRONG><a name="[42]"></a>DMA2_Stream0_IRQHandler</STRONG> (Thumb, 0 bytes, Stack size 0 bytes, startup_stm32f769xx.o(.text))
<BR>[Address Reference Count : 1]<UL><LI> startup_stm32f769xx.o(RESET)
</UL>
<P><STRONG><a name="[43]"></a>DMA2_Stream1_IRQHandler</STRONG> (Thumb, 0 bytes, Stack size 0 bytes, startup_stm32f769xx.o(.text))
<BR>[Address Reference Count : 1]<UL><LI> startup_stm32f769xx.o(RESET)
</UL>
<P><STRONG><a name="[44]"></a>DMA2_Stream2_IRQHandler</STRONG> (Thumb, 0 bytes, Stack size 0 bytes, startup_stm32f769xx.o(.text))
<BR>[Address Reference Count : 1]<UL><LI> startup_stm32f769xx.o(RESET)
</UL>
<P><STRONG><a name="[45]"></a>DMA2_Stream3_IRQHandler</STRONG> (Thumb, 0 bytes, Stack size 0 bytes, startup_stm32f769xx.o(.text))
<BR>[Address Reference Count : 1]<UL><LI> startup_stm32f769xx.o(RESET)
</UL>
<P><STRONG><a name="[46]"></a>DMA2_Stream4_IRQHandler</STRONG> (Thumb, 0 bytes, Stack size 0 bytes, startup_stm32f769xx.o(.text))
<BR>[Address Reference Count : 1]<UL><LI> startup_stm32f769xx.o(RESET)
</UL>
<P><STRONG><a name="[4e]"></a>DMA2_Stream5_IRQHandler</STRONG> (Thumb, 0 bytes, Stack size 0 bytes, startup_stm32f769xx.o(.text))
<BR>[Address Reference Count : 1]<UL><LI> startup_stm32f769xx.o(RESET)
</UL>
<P><STRONG><a name="[4f]"></a>DMA2_Stream6_IRQHandler</STRONG> (Thumb, 0 bytes, Stack size 0 bytes, startup_stm32f769xx.o(.text))
<BR>[Address Reference Count : 1]<UL><LI> startup_stm32f769xx.o(RESET)
</UL>
<P><STRONG><a name="[50]"></a>DMA2_Stream7_IRQHandler</STRONG> (Thumb, 0 bytes, Stack size 0 bytes, startup_stm32f769xx.o(.text))
<BR>[Address Reference Count : 1]<UL><LI> startup_stm32f769xx.o(RESET)
</UL>
<P><STRONG><a name="[6b]"></a>DSI_IRQHandler</STRONG> (Thumb, 0 bytes, Stack size 0 bytes, startup_stm32f769xx.o(.text))
<BR>[Address Reference Count : 1]<UL><LI> startup_stm32f769xx.o(RESET)
</UL>
<P><STRONG><a name="[47]"></a>ETH_IRQHandler</STRONG> (Thumb, 0 bytes, Stack size 0 bytes, startup_stm32f769xx.o(.text))
<BR>[Address Reference Count : 1]<UL><LI> startup_stm32f769xx.o(RESET)
</UL>
<P><STRONG><a name="[48]"></a>ETH_WKUP_IRQHandler</STRONG> (Thumb, 0 bytes, Stack size 0 bytes, startup_stm32f769xx.o(.text))
<BR>[Address Reference Count : 1]<UL><LI> startup_stm32f769xx.o(RESET)
</UL>
<P><STRONG><a name="[10]"></a>EXTI0_IRQHandler</STRONG> (Thumb, 0 bytes, Stack size 0 bytes, startup_stm32f769xx.o(.text))
<BR>[Address Reference Count : 1]<UL><LI> startup_stm32f769xx.o(RESET)
</UL>
<P><STRONG><a name="[32]"></a>EXTI15_10_IRQHandler</STRONG> (Thumb, 0 bytes, Stack size 0 bytes, startup_stm32f769xx.o(.text))
<BR>[Address Reference Count : 1]<UL><LI> startup_stm32f769xx.o(RESET)
</UL>
<P><STRONG><a name="[11]"></a>EXTI1_IRQHandler</STRONG> (Thumb, 0 bytes, Stack size 0 bytes, startup_stm32f769xx.o(.text))
<BR>[Address Reference Count : 1]<UL><LI> startup_stm32f769xx.o(RESET)
</UL>
<P><STRONG><a name="[12]"></a>EXTI2_IRQHandler</STRONG> (Thumb, 0 bytes, Stack size 0 bytes, startup_stm32f769xx.o(.text))
<BR>[Address Reference Count : 1]<UL><LI> startup_stm32f769xx.o(RESET)
</UL>
<P><STRONG><a name="[13]"></a>EXTI3_IRQHandler</STRONG> (Thumb, 0 bytes, Stack size 0 bytes, startup_stm32f769xx.o(.text))
<BR>[Address Reference Count : 1]<UL><LI> startup_stm32f769xx.o(RESET)
</UL>
<P><STRONG><a name="[14]"></a>EXTI4_IRQHandler</STRONG> (Thumb, 0 bytes, Stack size 0 bytes, startup_stm32f769xx.o(.text))
<BR>[Address Reference Count : 1]<UL><LI> startup_stm32f769xx.o(RESET)
</UL>
<P><STRONG><a name="[21]"></a>EXTI9_5_IRQHandler</STRONG> (Thumb, 0 bytes, Stack size 0 bytes, startup_stm32f769xx.o(.text))
<BR>[Address Reference Count : 1]<UL><LI> startup_stm32f769xx.o(RESET)
</UL>
<P><STRONG><a name="[3a]"></a>FMC_IRQHandler</STRONG> (Thumb, 0 bytes, Stack size 0 bytes, startup_stm32f769xx.o(.text))
<BR>[Address Reference Count : 1]<UL><LI> startup_stm32f769xx.o(RESET)
</UL>
<P><STRONG><a name="[5a]"></a>FPU_IRQHandler</STRONG> (Thumb, 0 bytes, Stack size 0 bytes, startup_stm32f769xx.o(.text))
<BR>[Address Reference Count : 1]<UL><LI> startup_stm32f769xx.o(RESET)
</UL>
<P><STRONG><a name="[2a]"></a>I2C1_ER_IRQHandler</STRONG> (Thumb, 0 bytes, Stack size 0 bytes, startup_stm32f769xx.o(.text))
<BR>[Address Reference Count : 1]<UL><LI> startup_stm32f769xx.o(RESET)
</UL>
<P><STRONG><a name="[29]"></a>I2C1_EV_IRQHandler</STRONG> (Thumb, 0 bytes, Stack size 0 bytes, startup_stm32f769xx.o(.text))
<BR>[Address Reference Count : 1]<UL><LI> startup_stm32f769xx.o(RESET)
</UL>
<P><STRONG><a name="[2c]"></a>I2C2_ER_IRQHandler</STRONG> (Thumb, 0 bytes, Stack size 0 bytes, startup_stm32f769xx.o(.text))
<BR>[Address Reference Count : 1]<UL><LI> startup_stm32f769xx.o(RESET)
</UL>
<P><STRONG><a name="[2b]"></a>I2C2_EV_IRQHandler</STRONG> (Thumb, 0 bytes, Stack size 0 bytes, startup_stm32f769xx.o(.text))
<BR>[Address Reference Count : 1]<UL><LI> startup_stm32f769xx.o(RESET)
</UL>
<P><STRONG><a name="[53]"></a>I2C3_ER_IRQHandler</STRONG> (Thumb, 0 bytes, Stack size 0 bytes, startup_stm32f769xx.o(.text))
<BR>[Address Reference Count : 1]<UL><LI> startup_stm32f769xx.o(RESET)
</UL>
<P><STRONG><a name="[52]"></a>I2C3_EV_IRQHandler</STRONG> (Thumb, 0 bytes, Stack size 0 bytes, startup_stm32f769xx.o(.text))
<BR>[Address Reference Count : 1]<UL><LI> startup_stm32f769xx.o(RESET)
</UL>
<P><STRONG><a name="[69]"></a>I2C4_ER_IRQHandler</STRONG> (Thumb, 0 bytes, Stack size 0 bytes, startup_stm32f769xx.o(.text))
<BR>[Address Reference Count : 1]<UL><LI> startup_stm32f769xx.o(RESET)
</UL>
<P><STRONG><a name="[68]"></a>I2C4_EV_IRQHandler</STRONG> (Thumb, 0 bytes, Stack size 0 bytes, startup_stm32f769xx.o(.text))
<BR>[Address Reference Count : 1]<UL><LI> startup_stm32f769xx.o(RESET)
</UL>
<P><STRONG><a name="[75]"></a>JPEG_IRQHandler</STRONG> (Thumb, 0 bytes, Stack size 0 bytes, startup_stm32f769xx.o(.text))
<BR>[Address Reference Count : 1]<UL><LI> startup_stm32f769xx.o(RESET)
</UL>
<P><STRONG><a name="[66]"></a>LPTIM1_IRQHandler</STRONG> (Thumb, 0 bytes, Stack size 0 bytes, startup_stm32f769xx.o(.text))
<BR>[Address Reference Count : 1]<UL><LI> startup_stm32f769xx.o(RESET)
</UL>
<P><STRONG><a name="[62]"></a>LTDC_ER_IRQHandler</STRONG> (Thumb, 0 bytes, Stack size 0 bytes, startup_stm32f769xx.o(.text))
<BR>[Address Reference Count : 1]<UL><LI> startup_stm32f769xx.o(RESET)
</UL>
<P><STRONG><a name="[61]"></a>LTDC_IRQHandler</STRONG> (Thumb, 0 bytes, Stack size 0 bytes, startup_stm32f769xx.o(.text))
<BR>[Address Reference Count : 1]<UL><LI> startup_stm32f769xx.o(RESET)
</UL>
<P><STRONG><a name="[76]"></a>MDIOS_IRQHandler</STRONG> (Thumb, 0 bytes, Stack size 0 bytes, startup_stm32f769xx.o(.text))
<BR>[Address Reference Count : 1]<UL><LI> startup_stm32f769xx.o(RESET)
</UL>
<P><STRONG><a name="[4d]"></a>OTG_FS_IRQHandler</STRONG> (Thumb, 0 bytes, Stack size 0 bytes, startup_stm32f769xx.o(.text))
<BR>[Address Reference Count : 1]<UL><LI> startup_stm32f769xx.o(RESET)
</UL>
<P><STRONG><a name="[34]"></a>OTG_FS_WKUP_IRQHandler</STRONG> (Thumb, 0 bytes, Stack size 0 bytes, startup_stm32f769xx.o(.text))
<BR>[Address Reference Count : 1]<UL><LI> startup_stm32f769xx.o(RESET)
</UL>
<P><STRONG><a name="[55]"></a>OTG_HS_EP1_IN_IRQHandler</STRONG> (Thumb, 0 bytes, Stack size 0 bytes, startup_stm32f769xx.o(.text))
<BR>[Address Reference Count : 1]<UL><LI> startup_stm32f769xx.o(RESET)
</UL>
<P><STRONG><a name="[54]"></a>OTG_HS_EP1_OUT_IRQHandler</STRONG> (Thumb, 0 bytes, Stack size 0 bytes, startup_stm32f769xx.o(.text))
<BR>[Address Reference Count : 1]<UL><LI> startup_stm32f769xx.o(RESET)
</UL>
<P><STRONG><a name="[57]"></a>OTG_HS_IRQHandler</STRONG> (Thumb, 0 bytes, Stack size 0 bytes, startup_stm32f769xx.o(.text))
<BR>[Address Reference Count : 1]<UL><LI> startup_stm32f769xx.o(RESET)
</UL>
<P><STRONG><a name="[56]"></a>OTG_HS_WKUP_IRQHandler</STRONG> (Thumb, 0 bytes, Stack size 0 bytes, startup_stm32f769xx.o(.text))
<BR>[Address Reference Count : 1]<UL><LI> startup_stm32f769xx.o(RESET)
</UL>
<P><STRONG><a name="[b]"></a>PVD_IRQHandler</STRONG> (Thumb, 0 bytes, Stack size 0 bytes, startup_stm32f769xx.o(.text))
<BR>[Address Reference Count : 1]<UL><LI> startup_stm32f769xx.o(RESET)
</UL>
<P><STRONG><a name="[65]"></a>QUADSPI_IRQHandler</STRONG> (Thumb, 0 bytes, Stack size 0 bytes, startup_stm32f769xx.o(.text))
<BR>[Address Reference Count : 1]<UL><LI> startup_stm32f769xx.o(RESET)
</UL>
<P><STRONG><a name="[f]"></a>RCC_IRQHandler</STRONG> (Thumb, 0 bytes, Stack size 0 bytes, startup_stm32f769xx.o(.text))
<BR>[Address Reference Count : 1]<UL><LI> startup_stm32f769xx.o(RESET)
</UL>
<P><STRONG><a name="[59]"></a>RNG_IRQHandler</STRONG> (Thumb, 0 bytes, Stack size 0 bytes, startup_stm32f769xx.o(.text))
<BR>[Address Reference Count : 1]<UL><LI> startup_stm32f769xx.o(RESET)
</UL>
<P><STRONG><a name="[33]"></a>RTC_Alarm_IRQHandler</STRONG> (Thumb, 0 bytes, Stack size 0 bytes, startup_stm32f769xx.o(.text))
<BR>[Address Reference Count : 1]<UL><LI> startup_stm32f769xx.o(RESET)
</UL>
<P><STRONG><a name="[d]"></a>RTC_WKUP_IRQHandler</STRONG> (Thumb, 0 bytes, Stack size 0 bytes, startup_stm32f769xx.o(.text))
<BR>[Address Reference Count : 1]<UL><LI> startup_stm32f769xx.o(RESET)
</UL>
<P><STRONG><a name="[60]"></a>SAI1_IRQHandler</STRONG> (Thumb, 0 bytes, Stack size 0 bytes, startup_stm32f769xx.o(.text))
<BR>[Address Reference Count : 1]<UL><LI> startup_stm32f769xx.o(RESET)
</UL>
<P><STRONG><a name="[64]"></a>SAI2_IRQHandler</STRONG> (Thumb, 0 bytes, Stack size 0 bytes, startup_stm32f769xx.o(.text))
<BR>[Address Reference Count : 1]<UL><LI> startup_stm32f769xx.o(RESET)
</UL>
<P><STRONG><a name="[3b]"></a>SDMMC1_IRQHandler</STRONG> (Thumb, 0 bytes, Stack size 0 bytes, startup_stm32f769xx.o(.text))
<BR>[Address Reference Count : 1]<UL><LI> startup_stm32f769xx.o(RESET)
</UL>
<P><STRONG><a name="[70]"></a>SDMMC2_IRQHandler</STRONG> (Thumb, 0 bytes, Stack size 0 bytes, startup_stm32f769xx.o(.text))
<BR>[Address Reference Count : 1]<UL><LI> startup_stm32f769xx.o(RESET)
</UL>
<P><STRONG><a name="[6a]"></a>SPDIF_RX_IRQHandler</STRONG> (Thumb, 0 bytes, Stack size 0 bytes, startup_stm32f769xx.o(.text))
<BR>[Address Reference Count : 1]<UL><LI> startup_stm32f769xx.o(RESET)
</UL>
<P><STRONG><a name="[2d]"></a>SPI1_IRQHandler</STRONG> (Thumb, 0 bytes, Stack size 0 bytes, startup_stm32f769xx.o(.text))
<BR>[Address Reference Count : 1]<UL><LI> startup_stm32f769xx.o(RESET)
</UL>
<P><STRONG><a name="[2e]"></a>SPI2_IRQHandler</STRONG> (Thumb, 0 bytes, Stack size 0 bytes, startup_stm32f769xx.o(.text))
<BR>[Address Reference Count : 1]<UL><LI> startup_stm32f769xx.o(RESET)
</UL>
<P><STRONG><a name="[3d]"></a>SPI3_IRQHandler</STRONG> (Thumb, 0 bytes, Stack size 0 bytes, startup_stm32f769xx.o(.text))
<BR>[Address Reference Count : 1]<UL><LI> startup_stm32f769xx.o(RESET)
</UL>
<P><STRONG><a name="[5d]"></a>SPI4_IRQHandler</STRONG> (Thumb, 0 bytes, Stack size 0 bytes, startup_stm32f769xx.o(.text))
<BR>[Address Reference Count : 1]<UL><LI> startup_stm32f769xx.o(RESET)
</UL>
<P><STRONG><a name="[5e]"></a>SPI5_IRQHandler</STRONG> (Thumb, 0 bytes, Stack size 0 bytes, startup_stm32f769xx.o(.text))
<BR>[Address Reference Count : 1]<UL><LI> startup_stm32f769xx.o(RESET)
</UL>
<P><STRONG><a name="[5f]"></a>SPI6_IRQHandler</STRONG> (Thumb, 0 bytes, Stack size 0 bytes, startup_stm32f769xx.o(.text))
<BR>[Address Reference Count : 1]<UL><LI> startup_stm32f769xx.o(RESET)
</UL>
<P><STRONG><a name="[c]"></a>TAMP_STAMP_IRQHandler</STRONG> (Thumb, 0 bytes, Stack size 0 bytes, startup_stm32f769xx.o(.text))
<BR>[Address Reference Count : 1]<UL><LI> startup_stm32f769xx.o(RESET)
</UL>
<P><STRONG><a name="[22]"></a>TIM1_BRK_TIM9_IRQHandler</STRONG> (Thumb, 0 bytes, Stack size 0 bytes, startup_stm32f769xx.o(.text))
<BR>[Address Reference Count : 1]<UL><LI> startup_stm32f769xx.o(RESET)
</UL>
<P><STRONG><a name="[25]"></a>TIM1_CC_IRQHandler</STRONG> (Thumb, 0 bytes, Stack size 0 bytes, startup_stm32f769xx.o(.text))
<BR>[Address Reference Count : 1]<UL><LI> startup_stm32f769xx.o(RESET)
</UL>
<P><STRONG><a name="[24]"></a>TIM1_TRG_COM_TIM11_IRQHandler</STRONG> (Thumb, 0 bytes, Stack size 0 bytes, startup_stm32f769xx.o(.text))
<BR>[Address Reference Count : 1]<UL><LI> startup_stm32f769xx.o(RESET)
</UL>
<P><STRONG><a name="[23]"></a>TIM1_UP_TIM10_IRQHandler</STRONG> (Thumb, 0 bytes, Stack size 0 bytes, startup_stm32f769xx.o(.text))
<BR>[Address Reference Count : 1]<UL><LI> startup_stm32f769xx.o(RESET)
</UL>
<P><STRONG><a name="[26]"></a>TIM2_IRQHandler</STRONG> (Thumb, 0 bytes, Stack size 0 bytes, startup_stm32f769xx.o(.text))
<BR>[Address Reference Count : 1]<UL><LI> startup_stm32f769xx.o(RESET)
</UL>
<P><STRONG><a name="[27]"></a>TIM3_IRQHandler</STRONG> (Thumb, 0 bytes, Stack size 0 bytes, startup_stm32f769xx.o(.text))
<BR>[Address Reference Count : 1]<UL><LI> startup_stm32f769xx.o(RESET)
</UL>
<P><STRONG><a name="[28]"></a>TIM4_IRQHandler</STRONG> (Thumb, 0 bytes, Stack size 0 bytes, startup_stm32f769xx.o(.text))
<BR>[Address Reference Count : 1]<UL><LI> startup_stm32f769xx.o(RESET)
</UL>
<P><STRONG><a name="[3c]"></a>TIM5_IRQHandler</STRONG> (Thumb, 0 bytes, Stack size 0 bytes, startup_stm32f769xx.o(.text))
<BR>[Address Reference Count : 1]<UL><LI> startup_stm32f769xx.o(RESET)
</UL>
<P><STRONG><a name="[40]"></a>TIM6_DAC_IRQHandler</STRONG> (Thumb, 0 bytes, Stack size 0 bytes, startup_stm32f769xx.o(.text))
<BR>[Address Reference Count : 1]<UL><LI> startup_stm32f769xx.o(RESET)
</UL>
<P><STRONG><a name="[41]"></a>TIM7_IRQHandler</STRONG> (Thumb, 0 bytes, Stack size 0 bytes, startup_stm32f769xx.o(.text))
<BR>[Address Reference Count : 1]<UL><LI> startup_stm32f769xx.o(RESET)
</UL>
<P><STRONG><a name="[35]"></a>TIM8_BRK_TIM12_IRQHandler</STRONG> (Thumb, 0 bytes, Stack size 0 bytes, startup_stm32f769xx.o(.text))
<BR>[Address Reference Count : 1]<UL><LI> startup_stm32f769xx.o(RESET)
</UL>
<P><STRONG><a name="[38]"></a>TIM8_CC_IRQHandler</STRONG> (Thumb, 0 bytes, Stack size 0 bytes, startup_stm32f769xx.o(.text))
<BR>[Address Reference Count : 1]<UL><LI> startup_stm32f769xx.o(RESET)
</UL>
<P><STRONG><a name="[37]"></a>TIM8_TRG_COM_TIM14_IRQHandler</STRONG> (Thumb, 0 bytes, Stack size 0 bytes, startup_stm32f769xx.o(.text))
<BR>[Address Reference Count : 1]<UL><LI> startup_stm32f769xx.o(RESET)
</UL>
<P><STRONG><a name="[36]"></a>TIM8_UP_TIM13_IRQHandler</STRONG> (Thumb, 0 bytes, Stack size 0 bytes, startup_stm32f769xx.o(.text))
<BR>[Address Reference Count : 1]<UL><LI> startup_stm32f769xx.o(RESET)
</UL>
<P><STRONG><a name="[3e]"></a>UART4_IRQHandler</STRONG> (Thumb, 0 bytes, Stack size 0 bytes, startup_stm32f769xx.o(.text))
<BR>[Address Reference Count : 1]<UL><LI> startup_stm32f769xx.o(RESET)
</UL>
<P><STRONG><a name="[5b]"></a>UART7_IRQHandler</STRONG> (Thumb, 0 bytes, Stack size 0 bytes, startup_stm32f769xx.o(.text))
<BR>[Address Reference Count : 1]<UL><LI> startup_stm32f769xx.o(RESET)
</UL>
<P><STRONG><a name="[5c]"></a>UART8_IRQHandler</STRONG> (Thumb, 0 bytes, Stack size 0 bytes, startup_stm32f769xx.o(.text))
<BR>[Address Reference Count : 1]<UL><LI> startup_stm32f769xx.o(RESET)
</UL>
<P><STRONG><a name="[31]"></a>USART3_IRQHandler</STRONG> (Thumb, 0 bytes, Stack size 0 bytes, startup_stm32f769xx.o(.text))
<BR>[Address Reference Count : 1]<UL><LI> startup_stm32f769xx.o(RESET)
</UL>
<P><STRONG><a name="[51]"></a>USART6_IRQHandler</STRONG> (Thumb, 0 bytes, Stack size 0 bytes, startup_stm32f769xx.o(.text))
<BR>[Address Reference Count : 1]<UL><LI> startup_stm32f769xx.o(RESET)
</UL>
<P><STRONG><a name="[a]"></a>WWDG_IRQHandler</STRONG> (Thumb, 0 bytes, Stack size 0 bytes, startup_stm32f769xx.o(.text))
<BR>[Address Reference Count : 1]<UL><LI> startup_stm32f769xx.o(RESET)
</UL>
<P><STRONG><a name="[ab]"></a>__aeabi_memcpy</STRONG> (Thumb, 36 bytes, Stack size 0 bytes, memcpya.o(.text))
<BR><BR>[Called By]<UL><LI><a href="#[173]">&gt;&gt;</a>&nbsp;&nbsp;&nbsp;prvCopyDataToQueue
<LI><a href="#[172]">&gt;&gt;</a>&nbsp;&nbsp;&nbsp;prvCopyDataFromQueue
<LI><a href="#[bf]">&gt;&gt;</a>&nbsp;&nbsp;&nbsp;Ymodem_Receive
<LI><a href="#[139]">&gt;&gt;</a>&nbsp;&nbsp;&nbsp;SaveSysInfoBackup
<LI><a href="#[af]">&gt;&gt;</a>&nbsp;&nbsp;&nbsp;SetSerialNumber
<LI><a href="#[84]">&gt;&gt;</a>&nbsp;&nbsp;&nbsp;BleSend2Phone
<LI><a href="#[a9]">&gt;&gt;</a>&nbsp;&nbsp;&nbsp;BleAnalysisData
</UL>

<P><STRONG><a name="[1aa]"></a>__aeabi_memcpy4</STRONG> (Thumb, 0 bytes, Stack size 0 bytes, memcpya.o(.text), UNUSED)

<P><STRONG><a name="[1ab]"></a>__aeabi_memcpy8</STRONG> (Thumb, 0 bytes, Stack size 0 bytes, memcpya.o(.text), UNUSED)

<P><STRONG><a name="[89]"></a>__aeabi_memset</STRONG> (Thumb, 14 bytes, Stack size 0 bytes, memseta.o(.text))
<BR><BR>[Called By]<UL><LI><a href="#[178]">&gt;&gt;</a>&nbsp;&nbsp;&nbsp;prvInitialiseNewTask
<LI><a href="#[8a]">&gt;&gt;</a>&nbsp;&nbsp;&nbsp;_memset$wrapper
<LI><a href="#[88]">&gt;&gt;</a>&nbsp;&nbsp;&nbsp;__aeabi_memclr
</UL>

<P><STRONG><a name="[1ac]"></a>__aeabi_memset4</STRONG> (Thumb, 0 bytes, Stack size 0 bytes, memseta.o(.text), UNUSED)

<P><STRONG><a name="[1ad]"></a>__aeabi_memset8</STRONG> (Thumb, 0 bytes, Stack size 0 bytes, memseta.o(.text), UNUSED)

<P><STRONG><a name="[88]"></a>__aeabi_memclr</STRONG> (Thumb, 4 bytes, Stack size 0 bytes, memseta.o(.text))
<BR><BR>[Calls]<UL><LI><a href="#[89]">&gt;&gt;</a>&nbsp;&nbsp;&nbsp;__aeabi_memset
</UL>
<BR>[Called By]<UL><LI><a href="#[bf]">&gt;&gt;</a>&nbsp;&nbsp;&nbsp;Ymodem_Receive
<LI><a href="#[132]">&gt;&gt;</a>&nbsp;&nbsp;&nbsp;Receive_Packet
<LI><a href="#[a9]">&gt;&gt;</a>&nbsp;&nbsp;&nbsp;BleAnalysisData
</UL>

<P><STRONG><a name="[ad]"></a>__aeabi_memclr4</STRONG> (Thumb, 0 bytes, Stack size 0 bytes, memseta.o(.text))
<BR><BR>[Called By]<UL><LI><a href="#[c7]">&gt;&gt;</a>&nbsp;&nbsp;&nbsp;CheckFactory
<LI><a href="#[af]">&gt;&gt;</a>&nbsp;&nbsp;&nbsp;SetSerialNumber
<LI><a href="#[84]">&gt;&gt;</a>&nbsp;&nbsp;&nbsp;BleSend2Phone
<LI><a href="#[b2]">&gt;&gt;</a>&nbsp;&nbsp;&nbsp;BleGetFireInfo
<LI><a href="#[ac]">&gt;&gt;</a>&nbsp;&nbsp;&nbsp;BleAnalysisFireInfo
</UL>

<P><STRONG><a name="[1ae]"></a>__aeabi_memclr8</STRONG> (Thumb, 0 bytes, Stack size 0 bytes, memseta.o(.text), UNUSED)

<P><STRONG><a name="[8a]"></a>_memset$wrapper</STRONG> (Thumb, 18 bytes, Stack size 8 bytes, memseta.o(.text), UNUSED)
<BR><BR>[Calls]<UL><LI><a href="#[89]">&gt;&gt;</a>&nbsp;&nbsp;&nbsp;__aeabi_memset
</UL>

<P><STRONG><a name="[b1]"></a>strlen</STRONG> (Thumb, 14 bytes, Stack size 0 bytes, strlen.o(.text))
<BR><BR>[Called By]<UL><LI><a href="#[b2]">&gt;&gt;</a>&nbsp;&nbsp;&nbsp;BleGetFireInfo
<LI><a href="#[ae]">&gt;&gt;</a>&nbsp;&nbsp;&nbsp;BleFactorySet
</UL>

<P><STRONG><a name="[c8]"></a>memcmp</STRONG> (Thumb, 26 bytes, Stack size 12 bytes, memcmp.o(.text))
<BR><BR>[Stack]<UL><LI>Max Depth = 12<LI>Call Chain = memcmp
</UL>
<BR>[Called By]<UL><LI><a href="#[c7]">&gt;&gt;</a>&nbsp;&nbsp;&nbsp;CheckFactory
<LI><a href="#[c0]">&gt;&gt;</a>&nbsp;&nbsp;&nbsp;pGetAppBin
</UL>

<P><STRONG><a name="[ca]"></a>strcpy</STRONG> (Thumb, 18 bytes, Stack size 0 bytes, strcpy.o(.text))
<BR><BR>[Called By]<UL><LI><a href="#[c7]">&gt;&gt;</a>&nbsp;&nbsp;&nbsp;CheckFactory
</UL>

<P><STRONG><a name="[8b]"></a>atoi</STRONG> (Thumb, 26 bytes, Stack size 16 bytes, atoi.o(.text))
<BR><BR>[Stack]<UL><LI>Max Depth = 88<LI>Call Chain = atoi &rArr; strtol &rArr; _strtoul
</UL>
<BR>[Calls]<UL><LI><a href="#[8d]">&gt;&gt;</a>&nbsp;&nbsp;&nbsp;strtol
<LI><a href="#[8c]">&gt;&gt;</a>&nbsp;&nbsp;&nbsp;__aeabi_errno_addr
</UL>
<BR>[Called By]<UL><LI><a href="#[bf]">&gt;&gt;</a>&nbsp;&nbsp;&nbsp;Ymodem_Receive
</UL>

<P><STRONG><a name="[1af]"></a>__aeabi_uidiv</STRONG> (Thumb, 0 bytes, Stack size 12 bytes, uidiv.o(.text), UNUSED)

<P><STRONG><a name="[15b]"></a>__aeabi_uidivmod</STRONG> (Thumb, 44 bytes, Stack size 12 bytes, uidiv.o(.text), UNUSED)
<BR><BR>[Called By]<UL><LI><a href="#[149]">&gt;&gt;</a>&nbsp;&nbsp;&nbsp;_printf_core
</UL>

<P><STRONG><a name="[8e]"></a>__aeabi_uldivmod</STRONG> (Thumb, 98 bytes, Stack size 40 bytes, uldiv.o(.text), UNUSED)
<BR><BR>[Calls]<UL><LI><a href="#[8f]">&gt;&gt;</a>&nbsp;&nbsp;&nbsp;__aeabi_llsr
<LI><a href="#[90]">&gt;&gt;</a>&nbsp;&nbsp;&nbsp;__aeabi_llsl
</UL>
<BR>[Called By]<UL><LI><a href="#[149]">&gt;&gt;</a>&nbsp;&nbsp;&nbsp;_printf_core
<LI><a href="#[157]">&gt;&gt;</a>&nbsp;&nbsp;&nbsp;_fp_digits
</UL>

<P><STRONG><a name="[8d]"></a>strtol</STRONG> (Thumb, 112 bytes, Stack size 32 bytes, strtol.o(.text))
<BR><BR>[Stack]<UL><LI>Max Depth = 72<LI>Call Chain = strtol &rArr; _strtoul
</UL>
<BR>[Calls]<UL><LI><a href="#[91]">&gt;&gt;</a>&nbsp;&nbsp;&nbsp;__rt_ctype_table
<LI><a href="#[8c]">&gt;&gt;</a>&nbsp;&nbsp;&nbsp;__aeabi_errno_addr
<LI><a href="#[92]">&gt;&gt;</a>&nbsp;&nbsp;&nbsp;_strtoul
</UL>
<BR>[Called By]<UL><LI><a href="#[8b]">&gt;&gt;</a>&nbsp;&nbsp;&nbsp;atoi
</UL>

<P><STRONG><a name="[1b0]"></a>__I$use$fp</STRONG> (Thumb, 0 bytes, Stack size 48 bytes, iusefp.o(.text), UNUSED)

<P><STRONG><a name="[93]"></a>__aeabi_dadd</STRONG> (Thumb, 322 bytes, Stack size 48 bytes, dadd.o(.text), UNUSED)
<BR><BR>[Calls]<UL><LI><a href="#[94]">&gt;&gt;</a>&nbsp;&nbsp;&nbsp;__aeabi_lasr
<LI><a href="#[90]">&gt;&gt;</a>&nbsp;&nbsp;&nbsp;__aeabi_llsl
<LI><a href="#[96]">&gt;&gt;</a>&nbsp;&nbsp;&nbsp;_double_round
<LI><a href="#[95]">&gt;&gt;</a>&nbsp;&nbsp;&nbsp;_double_epilogue
</UL>
<BR>[Called By]<UL><LI><a href="#[98]">&gt;&gt;</a>&nbsp;&nbsp;&nbsp;__aeabi_drsub
<LI><a href="#[97]">&gt;&gt;</a>&nbsp;&nbsp;&nbsp;__aeabi_dsub
<LI><a href="#[157]">&gt;&gt;</a>&nbsp;&nbsp;&nbsp;_fp_digits
</UL>

<P><STRONG><a name="[97]"></a>__aeabi_dsub</STRONG> (Thumb, 6 bytes, Stack size 0 bytes, dadd.o(.text), UNUSED)
<BR><BR>[Calls]<UL><LI><a href="#[93]">&gt;&gt;</a>&nbsp;&nbsp;&nbsp;__aeabi_dadd
</UL>

<P><STRONG><a name="[98]"></a>__aeabi_drsub</STRONG> (Thumb, 6 bytes, Stack size 0 bytes, dadd.o(.text), UNUSED)
<BR><BR>[Calls]<UL><LI><a href="#[93]">&gt;&gt;</a>&nbsp;&nbsp;&nbsp;__aeabi_dadd
</UL>

<P><STRONG><a name="[99]"></a>__aeabi_dmul</STRONG> (Thumb, 228 bytes, Stack size 48 bytes, dmul.o(.text), UNUSED)
<BR><BR>[Calls]<UL><LI><a href="#[95]">&gt;&gt;</a>&nbsp;&nbsp;&nbsp;_double_epilogue
</UL>
<BR>[Called By]<UL><LI><a href="#[157]">&gt;&gt;</a>&nbsp;&nbsp;&nbsp;_fp_digits
</UL>

<P><STRONG><a name="[9a]"></a>__aeabi_ddiv</STRONG> (Thumb, 222 bytes, Stack size 32 bytes, ddiv.o(.text), UNUSED)
<BR><BR>[Calls]<UL><LI><a href="#[96]">&gt;&gt;</a>&nbsp;&nbsp;&nbsp;_double_round
</UL>
<BR>[Called By]<UL><LI><a href="#[157]">&gt;&gt;</a>&nbsp;&nbsp;&nbsp;_fp_digits
</UL>

<P><STRONG><a name="[155]"></a>__ARM_scalbn</STRONG> (Thumb, 46 bytes, Stack size 16 bytes, dscalb.o(.text))
<BR><BR>[Stack]<UL><LI>Max Depth = 16<LI>Call Chain = __ARM_scalbn
</UL>
<BR>[Called By]<UL><LI><a href="#[126]">&gt;&gt;</a>&nbsp;&nbsp;&nbsp;__hardfp_pow
</UL>

<P><STRONG><a name="[1b1]"></a>scalbn</STRONG> (Thumb, 0 bytes, Stack size 16 bytes, dscalb.o(.text), UNUSED)

<P><STRONG><a name="[9b]"></a>__aeabi_d2ulz</STRONG> (Thumb, 48 bytes, Stack size 0 bytes, dfixul.o(.text), UNUSED)
<BR><BR>[Calls]<UL><LI><a href="#[8f]">&gt;&gt;</a>&nbsp;&nbsp;&nbsp;__aeabi_llsr
<LI><a href="#[90]">&gt;&gt;</a>&nbsp;&nbsp;&nbsp;__aeabi_llsl
</UL>
<BR>[Called By]<UL><LI><a href="#[157]">&gt;&gt;</a>&nbsp;&nbsp;&nbsp;_fp_digits
</UL>

<P><STRONG><a name="[158]"></a>__aeabi_cdrcmple</STRONG> (Thumb, 48 bytes, Stack size 0 bytes, cdrcmple.o(.text), UNUSED)
<BR><BR>[Called By]<UL><LI><a href="#[157]">&gt;&gt;</a>&nbsp;&nbsp;&nbsp;_fp_digits
</UL>

<P><STRONG><a name="[86]"></a>__scatterload</STRONG> (Thumb, 28 bytes, Stack size 0 bytes, init.o(.text))
<BR><BR>[Calls]<UL><LI><a href="#[9c]">&gt;&gt;</a>&nbsp;&nbsp;&nbsp;__main_after_scatterload
</UL>
<BR>[Called By]<UL><LI><a href="#[85]">&gt;&gt;</a>&nbsp;&nbsp;&nbsp;_main_scatterload
</UL>

<P><STRONG><a name="[1b2]"></a>__scatterload_rt2</STRONG> (Thumb, 0 bytes, Stack size 0 bytes, init.o(.text), UNUSED)

<P><STRONG><a name="[90]"></a>__aeabi_llsl</STRONG> (Thumb, 30 bytes, Stack size 0 bytes, llshl.o(.text), UNUSED)
<BR><BR>[Called By]<UL><LI><a href="#[95]">&gt;&gt;</a>&nbsp;&nbsp;&nbsp;_double_epilogue
<LI><a href="#[8e]">&gt;&gt;</a>&nbsp;&nbsp;&nbsp;__aeabi_uldivmod
<LI><a href="#[93]">&gt;&gt;</a>&nbsp;&nbsp;&nbsp;__aeabi_dadd
<LI><a href="#[9b]">&gt;&gt;</a>&nbsp;&nbsp;&nbsp;__aeabi_d2ulz
</UL>

<P><STRONG><a name="[1b3]"></a>__semihosting_library_function</STRONG> (Thumb, 0 bytes, Stack size 0 bytes, semi.o(.text), UNUSED)

<P><STRONG><a name="[1b4]"></a>_ll_shift_l</STRONG> (Thumb, 0 bytes, Stack size 0 bytes, llshl.o(.text), UNUSED)

<P><STRONG><a name="[8f]"></a>__aeabi_llsr</STRONG> (Thumb, 32 bytes, Stack size 0 bytes, llushr.o(.text), UNUSED)
<BR><BR>[Called By]<UL><LI><a href="#[95]">&gt;&gt;</a>&nbsp;&nbsp;&nbsp;_double_epilogue
<LI><a href="#[8e]">&gt;&gt;</a>&nbsp;&nbsp;&nbsp;__aeabi_uldivmod
<LI><a href="#[9b]">&gt;&gt;</a>&nbsp;&nbsp;&nbsp;__aeabi_d2ulz
</UL>

<P><STRONG><a name="[1b5]"></a>_ll_ushift_r</STRONG> (Thumb, 0 bytes, Stack size 0 bytes, llushr.o(.text), UNUSED)

<P><STRONG><a name="[94]"></a>__aeabi_lasr</STRONG> (Thumb, 36 bytes, Stack size 0 bytes, llsshr.o(.text), UNUSED)
<BR><BR>[Called By]<UL><LI><a href="#[93]">&gt;&gt;</a>&nbsp;&nbsp;&nbsp;__aeabi_dadd
</UL>

<P><STRONG><a name="[1b6]"></a>_ll_sshift_r</STRONG> (Thumb, 0 bytes, Stack size 0 bytes, llsshr.o(.text), UNUSED)

<P><STRONG><a name="[91]"></a>__rt_ctype_table</STRONG> (Thumb, 4 bytes, Stack size 0 bytes, ctype_o.o(.text))
<BR><BR>[Called By]<UL><LI><a href="#[8d]">&gt;&gt;</a>&nbsp;&nbsp;&nbsp;strtol
</UL>

<P><STRONG><a name="[92]"></a>_strtoul</STRONG> (Thumb, 158 bytes, Stack size 40 bytes, _strtoul.o(.text))
<BR><BR>[Stack]<UL><LI>Max Depth = 40<LI>Call Chain = _strtoul
</UL>
<BR>[Calls]<UL><LI><a href="#[8c]">&gt;&gt;</a>&nbsp;&nbsp;&nbsp;__aeabi_errno_addr
<LI><a href="#[9d]">&gt;&gt;</a>&nbsp;&nbsp;&nbsp;_chval
</UL>
<BR>[Called By]<UL><LI><a href="#[8d]">&gt;&gt;</a>&nbsp;&nbsp;&nbsp;strtol
</UL>

<P><STRONG><a name="[1b7]"></a>__I$use$semihosting$fputc</STRONG> (Thumb, 0 bytes, Stack size 8 bytes, iusesemip.o(.text), UNUSED)

<P><STRONG><a name="[96]"></a>_double_round</STRONG> (Thumb, 30 bytes, Stack size 8 bytes, depilogue.o(.text), UNUSED)
<BR><BR>[Called By]<UL><LI><a href="#[95]">&gt;&gt;</a>&nbsp;&nbsp;&nbsp;_double_epilogue
<LI><a href="#[9a]">&gt;&gt;</a>&nbsp;&nbsp;&nbsp;__aeabi_ddiv
<LI><a href="#[93]">&gt;&gt;</a>&nbsp;&nbsp;&nbsp;__aeabi_dadd
</UL>

<P><STRONG><a name="[95]"></a>_double_epilogue</STRONG> (Thumb, 156 bytes, Stack size 32 bytes, depilogue.o(.text), UNUSED)
<BR><BR>[Calls]<UL><LI><a href="#[8f]">&gt;&gt;</a>&nbsp;&nbsp;&nbsp;__aeabi_llsr
<LI><a href="#[90]">&gt;&gt;</a>&nbsp;&nbsp;&nbsp;__aeabi_llsl
<LI><a href="#[96]">&gt;&gt;</a>&nbsp;&nbsp;&nbsp;_double_round
</UL>
<BR>[Called By]<UL><LI><a href="#[99]">&gt;&gt;</a>&nbsp;&nbsp;&nbsp;__aeabi_dmul
<LI><a href="#[93]">&gt;&gt;</a>&nbsp;&nbsp;&nbsp;__aeabi_dadd
</UL>

<P><STRONG><a name="[9d]"></a>_chval</STRONG> (Thumb, 28 bytes, Stack size 0 bytes, _chval.o(.text))
<BR><BR>[Called By]<UL><LI><a href="#[92]">&gt;&gt;</a>&nbsp;&nbsp;&nbsp;_strtoul
</UL>

<P><STRONG><a name="[1b8]"></a>__decompress</STRONG> (Thumb, 0 bytes, Stack size unknown bytes, __dclz77c.o(.text), UNUSED)

<P><STRONG><a name="[1b9]"></a>__decompress2</STRONG> (Thumb, 94 bytes, Stack size unknown bytes, __dclz77c.o(.text), UNUSED)

<P><STRONG><a name="[9e]"></a>AppWrite2Flash</STRONG> (Thumb, 180 bytes, Stack size 24 bytes, bootloader.o(i.AppWrite2Flash))
<BR><BR>[Stack]<UL><LI>Max Depth = 152<LI>Call Chain = AppWrite2Flash &rArr; InterFlash_EraseSector &rArr; GetSectorAddr &rArr; InterFlash_GetBankMode &rArr; HAL_FLASHEx_OBGetConfig
</UL>
<BR>[Calls]<UL><LI><a href="#[a0]">&gt;&gt;</a>&nbsp;&nbsp;&nbsp;HAL_FLASH_Unlock
<LI><a href="#[a1]">&gt;&gt;</a>&nbsp;&nbsp;&nbsp;HAL_FLASH_Program
<LI><a href="#[a3]">&gt;&gt;</a>&nbsp;&nbsp;&nbsp;HAL_FLASH_Lock
<LI><a href="#[9f]">&gt;&gt;</a>&nbsp;&nbsp;&nbsp;InterFlash_EraseSector
<LI><a href="#[a2]">&gt;&gt;</a>&nbsp;&nbsp;&nbsp;CheckProgram
</UL>
<BR>[Called By]<UL><LI><a href="#[bb]">&gt;&gt;</a>&nbsp;&nbsp;&nbsp;BleUpdateApp
</UL>

<P><STRONG><a name="[a4]"></a>BSP_NOR_Init</STRONG> (Thumb, 126 bytes, Stack size 112 bytes, my_norflash.o(i.BSP_NOR_Init))
<BR><BR>[Stack]<UL><LI>Max Depth = 176<LI>Call Chain = BSP_NOR_Init &rArr; BSP_NOR_MspInit &rArr; HAL_GPIO_Init
</UL>
<BR>[Calls]<UL><LI><a href="#[a6]">&gt;&gt;</a>&nbsp;&nbsp;&nbsp;HAL_NOR_Init
<LI><a href="#[a7]">&gt;&gt;</a>&nbsp;&nbsp;&nbsp;Initialize
<LI><a href="#[a5]">&gt;&gt;</a>&nbsp;&nbsp;&nbsp;BSP_NOR_MspInit
</UL>
<BR>[Called By]<UL><LI><a href="#[77]">&gt;&gt;</a>&nbsp;&nbsp;&nbsp;main
</UL>

<P><STRONG><a name="[4]"></a>BusFault_Handler</STRONG> (Thumb, 4 bytes, Stack size 0 bytes, stm32f7xx_it.o(i.BusFault_Handler))
<BR>[Address Reference Count : 1]<UL><LI> startup_stm32f769xx.o(RESET)
</UL>
<P><STRONG><a name="[c3]"></a>Cache_Enable</STRONG> (Thumb, 112 bytes, Stack size 8 bytes, sys.o(i.Cache_Enable))
<BR><BR>[Stack]<UL><LI>Max Depth = 16<LI>Call Chain = Cache_Enable &rArr; SCB_EnableDCache
</UL>
<BR>[Calls]<UL><LI><a href="#[c4]">&gt;&gt;</a>&nbsp;&nbsp;&nbsp;SCB_EnableDCache
</UL>
<BR>[Called By]<UL><LI><a href="#[77]">&gt;&gt;</a>&nbsp;&nbsp;&nbsp;main
</UL>

<P><STRONG><a name="[c5]"></a>Cal_CRC16</STRONG> (Thumb, 52 bytes, Stack size 20 bytes, ymodem.o(i.Cal_CRC16))
<BR><BR>[Stack]<UL><LI>Max Depth = 28<LI>Call Chain = Cal_CRC16 &rArr; UpdateCRC16
</UL>
<BR>[Calls]<UL><LI><a href="#[c6]">&gt;&gt;</a>&nbsp;&nbsp;&nbsp;UpdateCRC16
</UL>
<BR>[Called By]<UL><LI><a href="#[bf]">&gt;&gt;</a>&nbsp;&nbsp;&nbsp;Ymodem_Receive
<LI><a href="#[84]">&gt;&gt;</a>&nbsp;&nbsp;&nbsp;BleSend2Phone
</UL>

<P><STRONG><a name="[c1]"></a>CheckAppBin</STRONG> (Thumb, 22 bytes, Stack size 0 bytes, bootloader.o(i.CheckAppBin))
<BR><BR>[Called By]<UL><LI><a href="#[bb]">&gt;&gt;</a>&nbsp;&nbsp;&nbsp;BleUpdateApp
</UL>

<P><STRONG><a name="[c7]"></a>CheckFactory</STRONG> (Thumb, 168 bytes, Stack size 24 bytes, bootloader.o(i.CheckFactory))
<BR><BR>[Stack]<UL><LI>Max Depth = 160<LI>Call Chain = CheckFactory &rArr; EraseSysInfoBlock &rArr; InterFlash_EraseSector &rArr; GetSectorAddr &rArr; InterFlash_GetBankMode &rArr; HAL_FLASHEx_OBGetConfig
</UL>
<BR>[Calls]<UL><LI><a href="#[a0]">&gt;&gt;</a>&nbsp;&nbsp;&nbsp;HAL_FLASH_Unlock
<LI><a href="#[a1]">&gt;&gt;</a>&nbsp;&nbsp;&nbsp;HAL_FLASH_Program
<LI><a href="#[a3]">&gt;&gt;</a>&nbsp;&nbsp;&nbsp;HAL_FLASH_Lock
<LI><a href="#[c9]">&gt;&gt;</a>&nbsp;&nbsp;&nbsp;EraseSysInfoBlock
<LI><a href="#[ca]">&gt;&gt;</a>&nbsp;&nbsp;&nbsp;strcpy
<LI><a href="#[c8]">&gt;&gt;</a>&nbsp;&nbsp;&nbsp;memcmp
<LI><a href="#[ad]">&gt;&gt;</a>&nbsp;&nbsp;&nbsp;__aeabi_memclr4
</UL>
<BR>[Called By]<UL><LI><a href="#[145]">&gt;&gt;</a>&nbsp;&nbsp;&nbsp;UpdateInit
</UL>

<P><STRONG><a name="[a2]"></a>CheckProgram</STRONG> (Thumb, 40 bytes, Stack size 20 bytes, interflash.o(i.CheckProgram))
<BR><BR>[Stack]<UL><LI>Max Depth = 20<LI>Call Chain = CheckProgram
</UL>
<BR>[Called By]<UL><LI><a href="#[bc]">&gt;&gt;</a>&nbsp;&nbsp;&nbsp;FactoryOK
<LI><a href="#[9e]">&gt;&gt;</a>&nbsp;&nbsp;&nbsp;AppWrite2Flash
</UL>

<P><STRONG><a name="[cb]"></a>CreateBleTask</STRONG> (Thumb, 26 bytes, Stack size 16 bytes, ble_update.o(i.CreateBleTask))
<BR><BR>[Stack]<UL><LI>Max Depth = 176<LI>Call Chain = CreateBleTask &rArr; xTaskCreate &rArr; pvPortMalloc &rArr; xTaskResumeAll &rArr; xTaskIncrementTick &rArr; __2printf
</UL>
<BR>[Calls]<UL><LI><a href="#[cc]">&gt;&gt;</a>&nbsp;&nbsp;&nbsp;xTaskCreate
</UL>
<BR>[Called By]<UL><LI><a href="#[7f]">&gt;&gt;</a>&nbsp;&nbsp;&nbsp;start_task
</UL>

<P><STRONG><a name="[cd]"></a>CreateOLEDTask</STRONG> (Thumb, 24 bytes, Stack size 16 bytes, oled.o(i.CreateOLEDTask))
<BR><BR>[Stack]<UL><LI>Max Depth = 176<LI>Call Chain = CreateOLEDTask &rArr; xTaskCreate &rArr; pvPortMalloc &rArr; xTaskResumeAll &rArr; xTaskIncrementTick &rArr; __2printf
</UL>
<BR>[Calls]<UL><LI><a href="#[cc]">&gt;&gt;</a>&nbsp;&nbsp;&nbsp;xTaskCreate
</UL>
<BR>[Called By]<UL><LI><a href="#[7f]">&gt;&gt;</a>&nbsp;&nbsp;&nbsp;start_task
</UL>

<P><STRONG><a name="[7]"></a>DebugMon_Handler</STRONG> (Thumb, 2 bytes, Stack size 0 bytes, stm32f7xx_it.o(i.DebugMon_Handler))
<BR>[Address Reference Count : 1]<UL><LI> startup_stm32f769xx.o(RESET)
</UL>
<P><STRONG><a name="[c9]"></a>EraseSysInfoBlock</STRONG> (Thumb, 14 bytes, Stack size 8 bytes, system_info.o(i.EraseSysInfoBlock))
<BR><BR>[Stack]<UL><LI>Max Depth = 136<LI>Call Chain = EraseSysInfoBlock &rArr; InterFlash_EraseSector &rArr; GetSectorAddr &rArr; InterFlash_GetBankMode &rArr; HAL_FLASHEx_OBGetConfig
</UL>
<BR>[Calls]<UL><LI><a href="#[9f]">&gt;&gt;</a>&nbsp;&nbsp;&nbsp;InterFlash_EraseSector
</UL>
<BR>[Called By]<UL><LI><a href="#[139]">&gt;&gt;</a>&nbsp;&nbsp;&nbsp;SaveSysInfoBackup
<LI><a href="#[140]">&gt;&gt;</a>&nbsp;&nbsp;&nbsp;SystemInfoInit_BtLoader
<LI><a href="#[c7]">&gt;&gt;</a>&nbsp;&nbsp;&nbsp;CheckFactory
</UL>

<P><STRONG><a name="[f1]"></a>FLASH_Erase_Sector</STRONG> (Thumb, 108 bytes, Stack size 8 bytes, stm32f7xx_hal_flash_ex.o(i.FLASH_Erase_Sector))
<BR><BR>[Stack]<UL><LI>Max Depth = 8<LI>Call Chain = FLASH_Erase_Sector
</UL>
<BR>[Called By]<UL><LI><a href="#[cf]">&gt;&gt;</a>&nbsp;&nbsp;&nbsp;HAL_FLASH_IRQHandler
<LI><a href="#[ef]">&gt;&gt;</a>&nbsp;&nbsp;&nbsp;HAL_FLASHEx_Erase
</UL>

<P><STRONG><a name="[e]"></a>FLASH_IRQHandler</STRONG> (Thumb, 8 bytes, Stack size 8 bytes, stm32f7xx_it.o(i.FLASH_IRQHandler))
<BR><BR>[Stack]<UL><LI>Max Depth = 24<LI>Call Chain = FLASH_IRQHandler &rArr; HAL_FLASH_IRQHandler &rArr; FLASH_Erase_Sector
</UL>
<BR>[Calls]<UL><LI><a href="#[cf]">&gt;&gt;</a>&nbsp;&nbsp;&nbsp;HAL_FLASH_IRQHandler
</UL>
<BR>[Address Reference Count : 1]<UL><LI> startup_stm32f769xx.o(RESET)
</UL>
<P><STRONG><a name="[d1]"></a>FLASH_WaitForLastOperation</STRONG> (Thumb, 90 bytes, Stack size 16 bytes, stm32f7xx_hal_flash.o(i.FLASH_WaitForLastOperation))
<BR><BR>[Stack]<UL><LI>Max Depth = 16<LI>Call Chain = FLASH_WaitForLastOperation
</UL>
<BR>[Calls]<UL><LI><a href="#[d6]">&gt;&gt;</a>&nbsp;&nbsp;&nbsp;HAL_GetTick
<LI><a href="#[d7]">&gt;&gt;</a>&nbsp;&nbsp;&nbsp;FLASH_SetErrorCode
</UL>
<BR>[Called By]<UL><LI><a href="#[ef]">&gt;&gt;</a>&nbsp;&nbsp;&nbsp;HAL_FLASHEx_Erase
<LI><a href="#[d5]">&gt;&gt;</a>&nbsp;&nbsp;&nbsp;FLASH_OB_UserConfig
<LI><a href="#[d4]">&gt;&gt;</a>&nbsp;&nbsp;&nbsp;FLASH_OB_RDP_LevelConfig
<LI><a href="#[d3]">&gt;&gt;</a>&nbsp;&nbsp;&nbsp;FLASH_OB_EnableWRP
<LI><a href="#[d2]">&gt;&gt;</a>&nbsp;&nbsp;&nbsp;FLASH_OB_DisableWRP
<LI><a href="#[d0]">&gt;&gt;</a>&nbsp;&nbsp;&nbsp;FLASH_OB_BootAddressConfig
<LI><a href="#[a1]">&gt;&gt;</a>&nbsp;&nbsp;&nbsp;HAL_FLASH_Program
</UL>

<P><STRONG><a name="[10a]"></a>FMC_NORSRAM_Extended_Timing_Init</STRONG> (Thumb, 66 bytes, Stack size 16 bytes, stm32f7xx_ll_fmc.o(i.FMC_NORSRAM_Extended_Timing_Init))
<BR><BR>[Stack]<UL><LI>Max Depth = 16<LI>Call Chain = FMC_NORSRAM_Extended_Timing_Init
</UL>
<BR>[Called By]<UL><LI><a href="#[a6]">&gt;&gt;</a>&nbsp;&nbsp;&nbsp;HAL_NOR_Init
</UL>

<P><STRONG><a name="[108]"></a>FMC_NORSRAM_Init</STRONG> (Thumb, 124 bytes, Stack size 8 bytes, stm32f7xx_ll_fmc.o(i.FMC_NORSRAM_Init))
<BR><BR>[Stack]<UL><LI>Max Depth = 8<LI>Call Chain = FMC_NORSRAM_Init
</UL>
<BR>[Called By]<UL><LI><a href="#[a6]">&gt;&gt;</a>&nbsp;&nbsp;&nbsp;HAL_NOR_Init
</UL>

<P><STRONG><a name="[109]"></a>FMC_NORSRAM_Timing_Init</STRONG> (Thumb, 94 bytes, Stack size 12 bytes, stm32f7xx_ll_fmc.o(i.FMC_NORSRAM_Timing_Init))
<BR><BR>[Stack]<UL><LI>Max Depth = 12<LI>Call Chain = FMC_NORSRAM_Timing_Init
</UL>
<BR>[Called By]<UL><LI><a href="#[a6]">&gt;&gt;</a>&nbsp;&nbsp;&nbsp;HAL_NOR_Init
</UL>

<P><STRONG><a name="[bc]"></a>FactoryOK</STRONG> (Thumb, 42 bytes, Stack size 8 bytes, bootloader.o(i.FactoryOK))
<BR><BR>[Stack]<UL><LI>Max Depth = 288<LI>Call Chain = FactoryOK &rArr; InterFlash_Program &rArr; __hardfp_pow &rArr; sqrt
</UL>
<BR>[Calls]<UL><LI><a href="#[d8]">&gt;&gt;</a>&nbsp;&nbsp;&nbsp;InterFlash_SetBankMode
<LI><a href="#[d9]">&gt;&gt;</a>&nbsp;&nbsp;&nbsp;InterFlash_Program
<LI><a href="#[a2]">&gt;&gt;</a>&nbsp;&nbsp;&nbsp;CheckProgram
</UL>
<BR>[Called By]<UL><LI><a href="#[7a]">&gt;&gt;</a>&nbsp;&nbsp;&nbsp;BleTask
</UL>

<P><STRONG><a name="[da]"></a>GUI_4GSignalStrengthChar</STRONG> (Thumb, 30 bytes, Stack size 16 bytes, my_gui.o(i.GUI_4GSignalStrengthChar))
<BR><BR>[Stack]<UL><LI>Max Depth = 132<LI>Call Chain = GUI_4GSignalStrengthChar &rArr; OLED_ShowChineseString &rArr; OLED_ShowChineseChar &rArr; OLED_DrawPoint
</UL>
<BR>[Calls]<UL><LI><a href="#[db]">&gt;&gt;</a>&nbsp;&nbsp;&nbsp;GUI_VerticalLine
<LI><a href="#[dc]">&gt;&gt;</a>&nbsp;&nbsp;&nbsp;OLED_ShowChineseString
</UL>
<BR>[Called By]<UL><LI><a href="#[dd]">&gt;&gt;</a>&nbsp;&nbsp;&nbsp;GUI_4GSignalStrengthDynamic
</UL>

<P><STRONG><a name="[dd]"></a>GUI_4GSignalStrengthDynamic</STRONG> (Thumb, 214 bytes, Stack size 32 bytes, my_gui.o(i.GUI_4GSignalStrengthDynamic))
<BR><BR>[Stack]<UL><LI>Max Depth = 164<LI>Call Chain = GUI_4GSignalStrengthDynamic &rArr; GUI_4GSignalStrengthChar &rArr; OLED_ShowChineseString &rArr; OLED_ShowChineseChar &rArr; OLED_DrawPoint
</UL>
<BR>[Calls]<UL><LI><a href="#[da]">&gt;&gt;</a>&nbsp;&nbsp;&nbsp;GUI_4GSignalStrengthChar
<LI><a href="#[dc]">&gt;&gt;</a>&nbsp;&nbsp;&nbsp;OLED_ShowChineseString
<LI><a href="#[de]">&gt;&gt;</a>&nbsp;&nbsp;&nbsp;OLED_DrawPoint
</UL>
<BR>[Called By]<UL><LI><a href="#[83]">&gt;&gt;</a>&nbsp;&nbsp;&nbsp;GUI_DeviceUpdateAppOk
<LI><a href="#[eb]">&gt;&gt;</a>&nbsp;&nbsp;&nbsp;GUI_DeviceWriteAppOk
<LI><a href="#[ea]">&gt;&gt;</a>&nbsp;&nbsp;&nbsp;GUI_DeviceUpdatePrepare
<LI><a href="#[e9]">&gt;&gt;</a>&nbsp;&nbsp;&nbsp;GUI_DeviceUpdate
<LI><a href="#[e8]">&gt;&gt;</a>&nbsp;&nbsp;&nbsp;GUI_DeviceFactorySetOK
<LI><a href="#[e7]">&gt;&gt;</a>&nbsp;&nbsp;&nbsp;GUI_DeviceFactorySet
<LI><a href="#[e2]">&gt;&gt;</a>&nbsp;&nbsp;&nbsp;GUI_DeviceBootInit
</UL>

<P><STRONG><a name="[df]"></a>GUI_BatteryPower</STRONG> (Thumb, 74 bytes, Stack size 32 bytes, my_gui.o(i.GUI_BatteryPower))
<BR><BR>[Stack]<UL><LI>Max Depth = 148<LI>Call Chain = GUI_BatteryPower &rArr; OLED_ShowChineseString &rArr; OLED_ShowChineseChar &rArr; OLED_DrawPoint
</UL>
<BR>[Calls]<UL><LI><a href="#[dc]">&gt;&gt;</a>&nbsp;&nbsp;&nbsp;OLED_ShowChineseString
<LI><a href="#[de]">&gt;&gt;</a>&nbsp;&nbsp;&nbsp;OLED_DrawPoint
</UL>
<BR>[Called By]<UL><LI><a href="#[83]">&gt;&gt;</a>&nbsp;&nbsp;&nbsp;GUI_DeviceUpdateAppOk
<LI><a href="#[eb]">&gt;&gt;</a>&nbsp;&nbsp;&nbsp;GUI_DeviceWriteAppOk
<LI><a href="#[ea]">&gt;&gt;</a>&nbsp;&nbsp;&nbsp;GUI_DeviceUpdatePrepare
<LI><a href="#[e9]">&gt;&gt;</a>&nbsp;&nbsp;&nbsp;GUI_DeviceUpdate
<LI><a href="#[e8]">&gt;&gt;</a>&nbsp;&nbsp;&nbsp;GUI_DeviceFactorySetOK
<LI><a href="#[e7]">&gt;&gt;</a>&nbsp;&nbsp;&nbsp;GUI_DeviceFactorySet
<LI><a href="#[e2]">&gt;&gt;</a>&nbsp;&nbsp;&nbsp;GUI_DeviceBootInit
</UL>

<P><STRONG><a name="[e0]"></a>GUI_BleWorkStatus</STRONG> (Thumb, 162 bytes, Stack size 16 bytes, my_gui.o(i.GUI_BleWorkStatus))
<BR><BR>[Stack]<UL><LI>Max Depth = 132<LI>Call Chain = GUI_BleWorkStatus &rArr; OLED_ShowChineseString &rArr; OLED_ShowChineseChar &rArr; OLED_DrawPoint
</UL>
<BR>[Calls]<UL><LI><a href="#[db]">&gt;&gt;</a>&nbsp;&nbsp;&nbsp;GUI_VerticalLine
<LI><a href="#[dc]">&gt;&gt;</a>&nbsp;&nbsp;&nbsp;OLED_ShowChineseString
<LI><a href="#[e1]">&gt;&gt;</a>&nbsp;&nbsp;&nbsp;OLED_ShowChineseChar
</UL>
<BR>[Called By]<UL><LI><a href="#[83]">&gt;&gt;</a>&nbsp;&nbsp;&nbsp;GUI_DeviceUpdateAppOk
<LI><a href="#[eb]">&gt;&gt;</a>&nbsp;&nbsp;&nbsp;GUI_DeviceWriteAppOk
<LI><a href="#[ea]">&gt;&gt;</a>&nbsp;&nbsp;&nbsp;GUI_DeviceUpdatePrepare
<LI><a href="#[e9]">&gt;&gt;</a>&nbsp;&nbsp;&nbsp;GUI_DeviceUpdate
<LI><a href="#[e8]">&gt;&gt;</a>&nbsp;&nbsp;&nbsp;GUI_DeviceFactorySetOK
<LI><a href="#[e7]">&gt;&gt;</a>&nbsp;&nbsp;&nbsp;GUI_DeviceFactorySet
<LI><a href="#[e2]">&gt;&gt;</a>&nbsp;&nbsp;&nbsp;GUI_DeviceBootInit
</UL>

<P><STRONG><a name="[e2]"></a>GUI_DeviceBootInit</STRONG> (Thumb, 294 bytes, Stack size 32 bytes, my_gui.o(i.GUI_DeviceBootInit))
<BR><BR>[Stack]<UL><LI>Max Depth = 196<LI>Call Chain = GUI_DeviceBootInit &rArr; GUI_4GSignalStrengthDynamic &rArr; GUI_4GSignalStrengthChar &rArr; OLED_ShowChineseString &rArr; OLED_ShowChineseChar &rArr; OLED_DrawPoint
</UL>
<BR>[Calls]<UL><LI><a href="#[b8]">&gt;&gt;</a>&nbsp;&nbsp;&nbsp;delay_ms
<LI><a href="#[e4]">&gt;&gt;</a>&nbsp;&nbsp;&nbsp;GUI_WorkMode
<LI><a href="#[e3]">&gt;&gt;</a>&nbsp;&nbsp;&nbsp;GUI_Wireframe
<LI><a href="#[e5]">&gt;&gt;</a>&nbsp;&nbsp;&nbsp;GUI_EquipmentWorkStatus
<LI><a href="#[e0]">&gt;&gt;</a>&nbsp;&nbsp;&nbsp;GUI_BleWorkStatus
<LI><a href="#[df]">&gt;&gt;</a>&nbsp;&nbsp;&nbsp;GUI_BatteryPower
<LI><a href="#[dd]">&gt;&gt;</a>&nbsp;&nbsp;&nbsp;GUI_4GSignalStrengthDynamic
<LI><a href="#[dc]">&gt;&gt;</a>&nbsp;&nbsp;&nbsp;OLED_ShowChineseString
<LI><a href="#[e6]">&gt;&gt;</a>&nbsp;&nbsp;&nbsp;OLED_Refresh_Gram
</UL>
<BR>[Called By]<UL><LI><a href="#[7b]">&gt;&gt;</a>&nbsp;&nbsp;&nbsp;OLEDTask
</UL>

<P><STRONG><a name="[e7]"></a>GUI_DeviceFactorySet</STRONG> (Thumb, 280 bytes, Stack size 32 bytes, my_gui.o(i.GUI_DeviceFactorySet))
<BR><BR>[Stack]<UL><LI>Max Depth = 196<LI>Call Chain = GUI_DeviceFactorySet &rArr; GUI_4GSignalStrengthDynamic &rArr; GUI_4GSignalStrengthChar &rArr; OLED_ShowChineseString &rArr; OLED_ShowChineseChar &rArr; OLED_DrawPoint
</UL>
<BR>[Calls]<UL><LI><a href="#[b8]">&gt;&gt;</a>&nbsp;&nbsp;&nbsp;delay_ms
<LI><a href="#[e4]">&gt;&gt;</a>&nbsp;&nbsp;&nbsp;GUI_WorkMode
<LI><a href="#[e3]">&gt;&gt;</a>&nbsp;&nbsp;&nbsp;GUI_Wireframe
<LI><a href="#[e5]">&gt;&gt;</a>&nbsp;&nbsp;&nbsp;GUI_EquipmentWorkStatus
<LI><a href="#[e0]">&gt;&gt;</a>&nbsp;&nbsp;&nbsp;GUI_BleWorkStatus
<LI><a href="#[df]">&gt;&gt;</a>&nbsp;&nbsp;&nbsp;GUI_BatteryPower
<LI><a href="#[dd]">&gt;&gt;</a>&nbsp;&nbsp;&nbsp;GUI_4GSignalStrengthDynamic
<LI><a href="#[dc]">&gt;&gt;</a>&nbsp;&nbsp;&nbsp;OLED_ShowChineseString
<LI><a href="#[e6]">&gt;&gt;</a>&nbsp;&nbsp;&nbsp;OLED_Refresh_Gram
</UL>
<BR>[Called By]<UL><LI><a href="#[7b]">&gt;&gt;</a>&nbsp;&nbsp;&nbsp;OLEDTask
</UL>

<P><STRONG><a name="[e8]"></a>GUI_DeviceFactorySetOK</STRONG> (Thumb, 120 bytes, Stack size 32 bytes, my_gui.o(i.GUI_DeviceFactorySetOK))
<BR><BR>[Stack]<UL><LI>Max Depth = 196<LI>Call Chain = GUI_DeviceFactorySetOK &rArr; GUI_4GSignalStrengthDynamic &rArr; GUI_4GSignalStrengthChar &rArr; OLED_ShowChineseString &rArr; OLED_ShowChineseChar &rArr; OLED_DrawPoint
</UL>
<BR>[Calls]<UL><LI><a href="#[b8]">&gt;&gt;</a>&nbsp;&nbsp;&nbsp;delay_ms
<LI><a href="#[e4]">&gt;&gt;</a>&nbsp;&nbsp;&nbsp;GUI_WorkMode
<LI><a href="#[e3]">&gt;&gt;</a>&nbsp;&nbsp;&nbsp;GUI_Wireframe
<LI><a href="#[e5]">&gt;&gt;</a>&nbsp;&nbsp;&nbsp;GUI_EquipmentWorkStatus
<LI><a href="#[e0]">&gt;&gt;</a>&nbsp;&nbsp;&nbsp;GUI_BleWorkStatus
<LI><a href="#[df]">&gt;&gt;</a>&nbsp;&nbsp;&nbsp;GUI_BatteryPower
<LI><a href="#[dd]">&gt;&gt;</a>&nbsp;&nbsp;&nbsp;GUI_4GSignalStrengthDynamic
<LI><a href="#[dc]">&gt;&gt;</a>&nbsp;&nbsp;&nbsp;OLED_ShowChineseString
<LI><a href="#[e6]">&gt;&gt;</a>&nbsp;&nbsp;&nbsp;OLED_Refresh_Gram
</UL>
<BR>[Called By]<UL><LI><a href="#[7b]">&gt;&gt;</a>&nbsp;&nbsp;&nbsp;OLEDTask
</UL>

<P><STRONG><a name="[e9]"></a>GUI_DeviceUpdate</STRONG> (Thumb, 288 bytes, Stack size 32 bytes, my_gui.o(i.GUI_DeviceUpdate))
<BR><BR>[Stack]<UL><LI>Max Depth = 196<LI>Call Chain = GUI_DeviceUpdate &rArr; GUI_4GSignalStrengthDynamic &rArr; GUI_4GSignalStrengthChar &rArr; OLED_ShowChineseString &rArr; OLED_ShowChineseChar &rArr; OLED_DrawPoint
</UL>
<BR>[Calls]<UL><LI><a href="#[b8]">&gt;&gt;</a>&nbsp;&nbsp;&nbsp;delay_ms
<LI><a href="#[e4]">&gt;&gt;</a>&nbsp;&nbsp;&nbsp;GUI_WorkMode
<LI><a href="#[e3]">&gt;&gt;</a>&nbsp;&nbsp;&nbsp;GUI_Wireframe
<LI><a href="#[e5]">&gt;&gt;</a>&nbsp;&nbsp;&nbsp;GUI_EquipmentWorkStatus
<LI><a href="#[e0]">&gt;&gt;</a>&nbsp;&nbsp;&nbsp;GUI_BleWorkStatus
<LI><a href="#[df]">&gt;&gt;</a>&nbsp;&nbsp;&nbsp;GUI_BatteryPower
<LI><a href="#[dd]">&gt;&gt;</a>&nbsp;&nbsp;&nbsp;GUI_4GSignalStrengthDynamic
<LI><a href="#[dc]">&gt;&gt;</a>&nbsp;&nbsp;&nbsp;OLED_ShowChineseString
<LI><a href="#[e6]">&gt;&gt;</a>&nbsp;&nbsp;&nbsp;OLED_Refresh_Gram
</UL>
<BR>[Called By]<UL><LI><a href="#[7b]">&gt;&gt;</a>&nbsp;&nbsp;&nbsp;OLEDTask
</UL>

<P><STRONG><a name="[ea]"></a>GUI_DeviceUpdatePrepare</STRONG> (Thumb, 294 bytes, Stack size 32 bytes, my_gui.o(i.GUI_DeviceUpdatePrepare))
<BR><BR>[Stack]<UL><LI>Max Depth = 196<LI>Call Chain = GUI_DeviceUpdatePrepare &rArr; GUI_4GSignalStrengthDynamic &rArr; GUI_4GSignalStrengthChar &rArr; OLED_ShowChineseString &rArr; OLED_ShowChineseChar &rArr; OLED_DrawPoint
</UL>
<BR>[Calls]<UL><LI><a href="#[b8]">&gt;&gt;</a>&nbsp;&nbsp;&nbsp;delay_ms
<LI><a href="#[e4]">&gt;&gt;</a>&nbsp;&nbsp;&nbsp;GUI_WorkMode
<LI><a href="#[e3]">&gt;&gt;</a>&nbsp;&nbsp;&nbsp;GUI_Wireframe
<LI><a href="#[e5]">&gt;&gt;</a>&nbsp;&nbsp;&nbsp;GUI_EquipmentWorkStatus
<LI><a href="#[e0]">&gt;&gt;</a>&nbsp;&nbsp;&nbsp;GUI_BleWorkStatus
<LI><a href="#[df]">&gt;&gt;</a>&nbsp;&nbsp;&nbsp;GUI_BatteryPower
<LI><a href="#[dd]">&gt;&gt;</a>&nbsp;&nbsp;&nbsp;GUI_4GSignalStrengthDynamic
<LI><a href="#[dc]">&gt;&gt;</a>&nbsp;&nbsp;&nbsp;OLED_ShowChineseString
<LI><a href="#[e6]">&gt;&gt;</a>&nbsp;&nbsp;&nbsp;OLED_Refresh_Gram
</UL>
<BR>[Called By]<UL><LI><a href="#[7b]">&gt;&gt;</a>&nbsp;&nbsp;&nbsp;OLEDTask
</UL>

<P><STRONG><a name="[eb]"></a>GUI_DeviceWriteAppOk</STRONG> (Thumb, 152 bytes, Stack size 32 bytes, my_gui.o(i.GUI_DeviceWriteAppOk))
<BR><BR>[Stack]<UL><LI>Max Depth = 196<LI>Call Chain = GUI_DeviceWriteAppOk &rArr; GUI_4GSignalStrengthDynamic &rArr; GUI_4GSignalStrengthChar &rArr; OLED_ShowChineseString &rArr; OLED_ShowChineseChar &rArr; OLED_DrawPoint
</UL>
<BR>[Calls]<UL><LI><a href="#[b8]">&gt;&gt;</a>&nbsp;&nbsp;&nbsp;delay_ms
<LI><a href="#[e4]">&gt;&gt;</a>&nbsp;&nbsp;&nbsp;GUI_WorkMode
<LI><a href="#[e3]">&gt;&gt;</a>&nbsp;&nbsp;&nbsp;GUI_Wireframe
<LI><a href="#[e5]">&gt;&gt;</a>&nbsp;&nbsp;&nbsp;GUI_EquipmentWorkStatus
<LI><a href="#[e0]">&gt;&gt;</a>&nbsp;&nbsp;&nbsp;GUI_BleWorkStatus
<LI><a href="#[df]">&gt;&gt;</a>&nbsp;&nbsp;&nbsp;GUI_BatteryPower
<LI><a href="#[dd]">&gt;&gt;</a>&nbsp;&nbsp;&nbsp;GUI_4GSignalStrengthDynamic
<LI><a href="#[dc]">&gt;&gt;</a>&nbsp;&nbsp;&nbsp;OLED_ShowChineseString
<LI><a href="#[e6]">&gt;&gt;</a>&nbsp;&nbsp;&nbsp;OLED_Refresh_Gram
</UL>
<BR>[Called By]<UL><LI><a href="#[7b]">&gt;&gt;</a>&nbsp;&nbsp;&nbsp;OLEDTask
</UL>

<P><STRONG><a name="[e5]"></a>GUI_EquipmentWorkStatus</STRONG> (Thumb, 24 bytes, Stack size 16 bytes, my_gui.o(i.GUI_EquipmentWorkStatus))
<BR><BR>[Stack]<UL><LI>Max Depth = 132<LI>Call Chain = GUI_EquipmentWorkStatus &rArr; OLED_ShowChineseString &rArr; OLED_ShowChineseChar &rArr; OLED_DrawPoint
</UL>
<BR>[Calls]<UL><LI><a href="#[dc]">&gt;&gt;</a>&nbsp;&nbsp;&nbsp;OLED_ShowChineseString
</UL>
<BR>[Called By]<UL><LI><a href="#[83]">&gt;&gt;</a>&nbsp;&nbsp;&nbsp;GUI_DeviceUpdateAppOk
<LI><a href="#[eb]">&gt;&gt;</a>&nbsp;&nbsp;&nbsp;GUI_DeviceWriteAppOk
<LI><a href="#[ea]">&gt;&gt;</a>&nbsp;&nbsp;&nbsp;GUI_DeviceUpdatePrepare
<LI><a href="#[e9]">&gt;&gt;</a>&nbsp;&nbsp;&nbsp;GUI_DeviceUpdate
<LI><a href="#[e8]">&gt;&gt;</a>&nbsp;&nbsp;&nbsp;GUI_DeviceFactorySetOK
<LI><a href="#[e7]">&gt;&gt;</a>&nbsp;&nbsp;&nbsp;GUI_DeviceFactorySet
<LI><a href="#[e2]">&gt;&gt;</a>&nbsp;&nbsp;&nbsp;GUI_DeviceBootInit
</UL>

<P><STRONG><a name="[e3]"></a>GUI_Wireframe</STRONG> (Thumb, 114 bytes, Stack size 8 bytes, my_gui.o(i.GUI_Wireframe))
<BR><BR>[Stack]<UL><LI>Max Depth = 28<LI>Call Chain = GUI_Wireframe &rArr; OLED_DrawPoint
</UL>
<BR>[Calls]<UL><LI><a href="#[de]">&gt;&gt;</a>&nbsp;&nbsp;&nbsp;OLED_DrawPoint
</UL>
<BR>[Called By]<UL><LI><a href="#[83]">&gt;&gt;</a>&nbsp;&nbsp;&nbsp;GUI_DeviceUpdateAppOk
<LI><a href="#[eb]">&gt;&gt;</a>&nbsp;&nbsp;&nbsp;GUI_DeviceWriteAppOk
<LI><a href="#[ea]">&gt;&gt;</a>&nbsp;&nbsp;&nbsp;GUI_DeviceUpdatePrepare
<LI><a href="#[e9]">&gt;&gt;</a>&nbsp;&nbsp;&nbsp;GUI_DeviceUpdate
<LI><a href="#[e8]">&gt;&gt;</a>&nbsp;&nbsp;&nbsp;GUI_DeviceFactorySetOK
<LI><a href="#[e7]">&gt;&gt;</a>&nbsp;&nbsp;&nbsp;GUI_DeviceFactorySet
<LI><a href="#[e2]">&gt;&gt;</a>&nbsp;&nbsp;&nbsp;GUI_DeviceBootInit
</UL>

<P><STRONG><a name="[e4]"></a>GUI_WorkMode</STRONG> (Thumb, 70 bytes, Stack size 16 bytes, my_gui.o(i.GUI_WorkMode))
<BR><BR>[Stack]<UL><LI>Max Depth = 132<LI>Call Chain = GUI_WorkMode &rArr; OLED_ShowChineseString &rArr; OLED_ShowChineseChar &rArr; OLED_DrawPoint
</UL>
<BR>[Calls]<UL><LI><a href="#[ec]">&gt;&gt;</a>&nbsp;&nbsp;&nbsp;GUI_UnderBorderVerticalLine
<LI><a href="#[dc]">&gt;&gt;</a>&nbsp;&nbsp;&nbsp;OLED_ShowChineseString
</UL>
<BR>[Called By]<UL><LI><a href="#[83]">&gt;&gt;</a>&nbsp;&nbsp;&nbsp;GUI_DeviceUpdateAppOk
<LI><a href="#[eb]">&gt;&gt;</a>&nbsp;&nbsp;&nbsp;GUI_DeviceWriteAppOk
<LI><a href="#[ea]">&gt;&gt;</a>&nbsp;&nbsp;&nbsp;GUI_DeviceUpdatePrepare
<LI><a href="#[e9]">&gt;&gt;</a>&nbsp;&nbsp;&nbsp;GUI_DeviceUpdate
<LI><a href="#[e8]">&gt;&gt;</a>&nbsp;&nbsp;&nbsp;GUI_DeviceFactorySetOK
<LI><a href="#[e7]">&gt;&gt;</a>&nbsp;&nbsp;&nbsp;GUI_DeviceFactorySet
<LI><a href="#[e2]">&gt;&gt;</a>&nbsp;&nbsp;&nbsp;GUI_DeviceBootInit
</UL>

<P><STRONG><a name="[117]"></a>HAL_DMA_Abort_IT</STRONG> (Thumb, 40 bytes, Stack size 0 bytes, stm32f7xx_hal_dma.o(i.HAL_DMA_Abort_IT))
<BR><BR>[Called By]<UL><LI><a href="#[114]">&gt;&gt;</a>&nbsp;&nbsp;&nbsp;HAL_UART_IRQHandler
</UL>

<P><STRONG><a name="[ef]"></a>HAL_FLASHEx_Erase</STRONG> (Thumb, 162 bytes, Stack size 24 bytes, stm32f7xx_hal_flash_ex.o(i.HAL_FLASHEx_Erase))
<BR><BR>[Stack]<UL><LI>Max Depth = 40<LI>Call Chain = HAL_FLASHEx_Erase &rArr; FLASH_WaitForLastOperation
</UL>
<BR>[Calls]<UL><LI><a href="#[d1]">&gt;&gt;</a>&nbsp;&nbsp;&nbsp;FLASH_WaitForLastOperation
<LI><a href="#[f1]">&gt;&gt;</a>&nbsp;&nbsp;&nbsp;FLASH_Erase_Sector
<LI><a href="#[f0]">&gt;&gt;</a>&nbsp;&nbsp;&nbsp;FLASH_MassErase
</UL>
<BR>[Called By]<UL><LI><a href="#[9f]">&gt;&gt;</a>&nbsp;&nbsp;&nbsp;InterFlash_EraseSector
</UL>

<P><STRONG><a name="[f2]"></a>HAL_FLASHEx_OBGetConfig</STRONG> (Thumb, 50 bytes, Stack size 8 bytes, stm32f7xx_hal_flash_ex.o(i.HAL_FLASHEx_OBGetConfig))
<BR><BR>[Stack]<UL><LI>Max Depth = 8<LI>Call Chain = HAL_FLASHEx_OBGetConfig
</UL>
<BR>[Calls]<UL><LI><a href="#[f3]">&gt;&gt;</a>&nbsp;&nbsp;&nbsp;FLASH_OB_GetWRP
<LI><a href="#[f5]">&gt;&gt;</a>&nbsp;&nbsp;&nbsp;FLASH_OB_GetUser
<LI><a href="#[f4]">&gt;&gt;</a>&nbsp;&nbsp;&nbsp;FLASH_OB_GetRDP
<LI><a href="#[f7]">&gt;&gt;</a>&nbsp;&nbsp;&nbsp;FLASH_OB_GetBootAddress
<LI><a href="#[f6]">&gt;&gt;</a>&nbsp;&nbsp;&nbsp;FLASH_OB_GetBOR
</UL>
<BR>[Called By]<UL><LI><a href="#[d8]">&gt;&gt;</a>&nbsp;&nbsp;&nbsp;InterFlash_SetBankMode
<LI><a href="#[ee]">&gt;&gt;</a>&nbsp;&nbsp;&nbsp;InterFlash_GetBankMode
</UL>

<P><STRONG><a name="[f8]"></a>HAL_FLASHEx_OBProgram</STRONG> (Thumb, 214 bytes, Stack size 32 bytes, stm32f7xx_hal_flash_ex.o(i.HAL_FLASHEx_OBProgram))
<BR><BR>[Stack]<UL><LI>Max Depth = 96<LI>Call Chain = HAL_FLASHEx_OBProgram &rArr; FLASH_OB_UserConfig &rArr; FLASH_WaitForLastOperation
</UL>
<BR>[Calls]<UL><LI><a href="#[d5]">&gt;&gt;</a>&nbsp;&nbsp;&nbsp;FLASH_OB_UserConfig
<LI><a href="#[d4]">&gt;&gt;</a>&nbsp;&nbsp;&nbsp;FLASH_OB_RDP_LevelConfig
<LI><a href="#[d3]">&gt;&gt;</a>&nbsp;&nbsp;&nbsp;FLASH_OB_EnableWRP
<LI><a href="#[d2]">&gt;&gt;</a>&nbsp;&nbsp;&nbsp;FLASH_OB_DisableWRP
<LI><a href="#[d0]">&gt;&gt;</a>&nbsp;&nbsp;&nbsp;FLASH_OB_BootAddressConfig
<LI><a href="#[f9]">&gt;&gt;</a>&nbsp;&nbsp;&nbsp;FLASH_OB_BOR_LevelConfig
</UL>
<BR>[Called By]<UL><LI><a href="#[d8]">&gt;&gt;</a>&nbsp;&nbsp;&nbsp;InterFlash_SetBankMode
</UL>

<P><STRONG><a name="[fa]"></a>HAL_FLASH_EndOfOperationCallback</STRONG> (Thumb, 2 bytes, Stack size 0 bytes, stm32f7xx_hal_flash.o(i.HAL_FLASH_EndOfOperationCallback))
<BR><BR>[Called By]<UL><LI><a href="#[cf]">&gt;&gt;</a>&nbsp;&nbsp;&nbsp;HAL_FLASH_IRQHandler
</UL>

<P><STRONG><a name="[cf]"></a>HAL_FLASH_IRQHandler</STRONG> (Thumb, 306 bytes, Stack size 8 bytes, stm32f7xx_hal_flash.o(i.HAL_FLASH_IRQHandler))
<BR><BR>[Stack]<UL><LI>Max Depth = 16<LI>Call Chain = HAL_FLASH_IRQHandler &rArr; FLASH_Erase_Sector
</UL>
<BR>[Calls]<UL><LI><a href="#[d7]">&gt;&gt;</a>&nbsp;&nbsp;&nbsp;FLASH_SetErrorCode
<LI><a href="#[f1]">&gt;&gt;</a>&nbsp;&nbsp;&nbsp;FLASH_Erase_Sector
<LI><a href="#[fb]">&gt;&gt;</a>&nbsp;&nbsp;&nbsp;HAL_FLASH_OperationErrorCallback
<LI><a href="#[fa]">&gt;&gt;</a>&nbsp;&nbsp;&nbsp;HAL_FLASH_EndOfOperationCallback
</UL>
<BR>[Called By]<UL><LI><a href="#[e]">&gt;&gt;</a>&nbsp;&nbsp;&nbsp;FLASH_IRQHandler
</UL>

<P><STRONG><a name="[a3]"></a>HAL_FLASH_Lock</STRONG> (Thumb, 16 bytes, Stack size 0 bytes, stm32f7xx_hal_flash.o(i.HAL_FLASH_Lock))
<BR><BR>[Called By]<UL><LI><a href="#[d8]">&gt;&gt;</a>&nbsp;&nbsp;&nbsp;InterFlash_SetBankMode
<LI><a href="#[d9]">&gt;&gt;</a>&nbsp;&nbsp;&nbsp;InterFlash_Program
<LI><a href="#[9f]">&gt;&gt;</a>&nbsp;&nbsp;&nbsp;InterFlash_EraseSector
<LI><a href="#[139]">&gt;&gt;</a>&nbsp;&nbsp;&nbsp;SaveSysInfoBackup
<LI><a href="#[c7]">&gt;&gt;</a>&nbsp;&nbsp;&nbsp;CheckFactory
<LI><a href="#[ba]">&gt;&gt;</a>&nbsp;&nbsp;&nbsp;SaveSysInfo
<LI><a href="#[9e]">&gt;&gt;</a>&nbsp;&nbsp;&nbsp;AppWrite2Flash
</UL>

<P><STRONG><a name="[129]"></a>HAL_FLASH_OB_Lock</STRONG> (Thumb, 16 bytes, Stack size 0 bytes, stm32f7xx_hal_flash.o(i.HAL_FLASH_OB_Lock))
<BR><BR>[Called By]<UL><LI><a href="#[d8]">&gt;&gt;</a>&nbsp;&nbsp;&nbsp;InterFlash_SetBankMode
</UL>

<P><STRONG><a name="[128]"></a>HAL_FLASH_OB_Unlock</STRONG> (Thumb, 32 bytes, Stack size 0 bytes, stm32f7xx_hal_flash.o(i.HAL_FLASH_OB_Unlock))
<BR><BR>[Called By]<UL><LI><a href="#[d8]">&gt;&gt;</a>&nbsp;&nbsp;&nbsp;InterFlash_SetBankMode
</UL>

<P><STRONG><a name="[fb]"></a>HAL_FLASH_OperationErrorCallback</STRONG> (Thumb, 2 bytes, Stack size 0 bytes, stm32f7xx_hal_flash.o(i.HAL_FLASH_OperationErrorCallback))
<BR><BR>[Called By]<UL><LI><a href="#[cf]">&gt;&gt;</a>&nbsp;&nbsp;&nbsp;HAL_FLASH_IRQHandler
</UL>

<P><STRONG><a name="[a1]"></a>HAL_FLASH_Program</STRONG> (Thumb, 154 bytes, Stack size 24 bytes, stm32f7xx_hal_flash.o(i.HAL_FLASH_Program))
<BR><BR>[Stack]<UL><LI>Max Depth = 40<LI>Call Chain = HAL_FLASH_Program &rArr; FLASH_WaitForLastOperation
</UL>
<BR>[Calls]<UL><LI><a href="#[fe]">&gt;&gt;</a>&nbsp;&nbsp;&nbsp;FLASH_Program_Word
<LI><a href="#[fd]">&gt;&gt;</a>&nbsp;&nbsp;&nbsp;FLASH_Program_HalfWord
<LI><a href="#[ff]">&gt;&gt;</a>&nbsp;&nbsp;&nbsp;FLASH_Program_DoubleWord
<LI><a href="#[fc]">&gt;&gt;</a>&nbsp;&nbsp;&nbsp;FLASH_Program_Byte
[...]
</UL>
<BR>[Called By]<UL><LI><a href="#[82]">&gt;&gt;</a>&nbsp;&nbsp;&nbsp;prvTimerTask
</UL>

<P><STRONG><a name="[186]"></a>prvProcessTimerOrBlockTask</STRONG> (Thumb, 102 bytes, Stack size 24 bytes, timers.o(i.prvProcessTimerOrBlockTask))
<BR><BR>[Stack]<UL><LI>Max Depth = 288<LI>Call Chain = prvProcessTimerOrBlockTask &rArr; prvSampleTimeNow &rArr; prvSwitchTimerLists &rArr; xTimerGenericCommand &rArr; xQueueGenericSend &rArr; prvUnlockQueue &rArr; prvNotifyQueueSetContainer &rArr; prvCopyDataToQueue &rArr; xTaskPriorityDisinherit &rArr; __2printf
</UL>
<BR>[Calls]<UL><LI><a href="#[187]">&gt;&gt;</a>&nbsp;&nbsp;&nbsp;vQueueWaitForMessageRestricted
<LI><a href="#[170]">&gt;&gt;</a>&nbsp;&nbsp;&nbsp;xTaskResumeAll
<LI><a href="#[16f]">&gt;&gt;</a>&nbsp;&nbsp;&nbsp;vTaskSuspendAll
<LI><a href="#[184]">&gt;&gt;</a>&nbsp;&nbsp;&nbsp;prvSampleTimeNow
<LI><a href="#[181]">&gt;&gt;</a>&nbsp;&nbsp;&nbsp;prvProcessExpiredTimer
</UL>
<BR>[Called By]<UL><LI><a href="#[82]">&gt;&gt;</a>&nbsp;&nbsp;&nbsp;prvTimerTask
</UL>

<P><STRONG><a name="[184]"></a>prvSampleTimeNow</STRONG> (Thumb, 40 bytes, Stack size 16 bytes, timers.o(i.prvSampleTimeNow))
<BR><BR>[Stack]<UL><LI>Max Depth = 264<LI>Call Chain = prvSampleTimeNow &rArr; prvSwitchTimerLists &rArr; xTimerGenericCommand &rArr; xQueueGenericSend &rArr; prvUnlockQueue &rArr; prvNotifyQueueSetContainer &rArr; prvCopyDataToQueue &rArr; xTaskPriorityDisinherit &rArr; __2printf
</UL>
<BR>[Calls]<UL><LI><a href="#[189]">&gt;&gt;</a>&nbsp;&nbsp;&nbsp;prvSwitchTimerLists
<LI><a href="#[188]">&gt;&gt;</a>&nbsp;&nbsp;&nbsp;xTaskGetTickCount
</UL>
<BR>[Called By]<UL><LI><a href="#[186]">&gt;&gt;</a>&nbsp;&nbsp;&nbsp;prvProcessTimerOrBlockTask
<LI><a href="#[183]">&gt;&gt;</a>&nbsp;&nbsp;&nbsp;prvProcessReceivedCommands
</UL>

<P><STRONG><a name="[189]"></a>prvSwitchTimerLists</STRONG> (Thumb, 140 bytes, Stack size 32 bytes, timers.o(i.prvSwitchTimerLists))
<BR><BR>[Stack]<UL><LI>Max Depth = 248<LI>Call Chain = prvSwitchTimerLists &rArr; xTimerGenericCommand &rArr; xQueueGenericSend &rArr; prvUnlockQueue &rArr; prvNotifyQueueSetContainer &rArr; prvCopyDataToQueue &rArr; xTaskPriorityDisinherit &rArr; __2printf
</UL>
<BR>[Calls]<UL><LI><a href="#[167]">&gt;&gt;</a>&nbsp;&nbsp;&nbsp;vListInsert
<LI><a href="#[165]">&gt;&gt;</a>&nbsp;&nbsp;&nbsp;uxListRemove
<LI><a href="#[182]">&gt;&gt;</a>&nbsp;&nbsp;&nbsp;xTimerGenericCommand
<LI><a href="#[179]">&gt;&gt;</a>&nbsp;&nbsp;&nbsp;__2printf
</UL>
<BR>[Called By]<UL><LI><a href="#[184]">&gt;&gt;</a>&nbsp;&nbsp;&nbsp;prvSampleTimeNow
</UL>

<P><STRONG><a name="[82]"></a>prvTimerTask</STRONG> (Thumb, 26 bytes, Stack size 8 bytes, timers.o(i.prvTimerTask))
<BR><BR>[Stack]<UL><LI>Max Depth = 320<LI>Call Chain = prvTimerTask &rArr; prvProcessReceivedCommands &rArr; prvSampleTimeNow &rArr; prvSwitchTimerLists &rArr; xTimerGenericCommand &rArr; xQueueGenericSend &rArr; prvUnlockQueue &rArr; prvNotifyQueueSetContainer &rArr; prvCopyDataToQueue &rArr; xTaskPriorityDisinherit &rArr; __2printf
</UL>
<BR>[Calls]<UL><LI><a href="#[186]">&gt;&gt;</a>&nbsp;&nbsp;&nbsp;prvProcessTimerOrBlockTask
<LI><a href="#[183]">&gt;&gt;</a>&nbsp;&nbsp;&nbsp;prvProcessReceivedCommands
<LI><a href="#[18a]">&gt;&gt;</a>&nbsp;&nbsp;&nbsp;prvGetNextExpireTime
</UL>
<BR>[Address Reference Count : 1]<UL><LI> timers.o(i.xTimerCreateTimerTask)
</UL>
<P><STRONG><a name="[80]"></a>prvTaskExitError</STRONG> (Thumb, 54 bytes, Stack size 0 bytes, port.o(i.prvTaskExitError))
<BR><BR>[Stack]<UL><LI>Max Depth = 24<LI>Call Chain = prvTaskExitError &rArr; __2printf
</UL>
<BR>[Calls]<UL><LI><a href="#[179]">&gt;&gt;</a>&nbsp;&nbsp;&nbsp;__2printf
</UL>
<BR>[Address Reference Count : 1]<UL><LI> port.o(i.pxPortInitialiseStack)
</UL>
<P><STRONG><a name="[18e]"></a>prvHeapInit</STRONG> (Thumb, 98 bytes, Stack size 12 bytes, heap_4.o(i.prvHeapInit))
<BR><BR>[Stack]<UL><LI>Max Depth = 12<LI>Call Chain = prvHeapInit
</UL>
<BR>[Called By]<UL><LI><a href="#[18d]">&gt;&gt;</a>&nbsp;&nbsp;&nbsp;pvPortMalloc
</UL>

<P><STRONG><a name="[18f]"></a>prvInsertBlockIntoFreeList</STRONG> (Thumb, 96 bytes, Stack size 8 bytes, heap_4.o(i.prvInsertBlockIntoFreeList))
<BR><BR>[Stack]<UL><LI>Max Depth = 8<LI>Call Chain = prvInsertBlockIntoFreeList
</UL>
<BR>[Called By]<UL><LI><a href="#[175]">&gt;&gt;</a>&nbsp;&nbsp;&nbsp;vPortFree
<LI><a href="#[18d]">&gt;&gt;</a>&nbsp;&nbsp;&nbsp;pvPortMalloc
</UL>

<P><STRONG><a name="[121]"></a>UART_ReceiveCallback</STRONG> (Thumb, 356 bytes, Stack size 16 bytes, uart.o(i.UART_ReceiveCallback))
<BR><BR>[Stack]<UL><LI>Max Depth = 32<LI>Call Chain = UART_ReceiveCallback &rArr; YmodemRecISR
</UL>
<BR>[Calls]<UL><LI><a href="#[144]">&gt;&gt;</a>&nbsp;&nbsp;&nbsp;YmodemRecISR
</UL>
<BR>[Called By]<UL><LI><a href="#[120]">&gt;&gt;</a>&nbsp;&nbsp;&nbsp;HAL_UART_RxCpltCallback
</UL>

<P><STRONG><a name="[a5]"></a>BSP_NOR_MspInit</STRONG> (Thumb, 262 bytes, Stack size 40 bytes, my_norflash.o(i.BSP_NOR_MspInit))
<BR><BR>[Stack]<UL><LI>Max Depth = 64<LI>Call Chain = BSP_NOR_MspInit &rArr; HAL_GPIO_Init
</UL>
<BR>[Calls]<UL><LI><a href="#[a8]">&gt;&gt;</a>&nbsp;&nbsp;&nbsp;HAL_GPIO_Init
</UL>
<BR>[Called By]<UL><LI><a href="#[a4]">&gt;&gt;</a>&nbsp;&nbsp;&nbsp;BSP_NOR_Init
</UL>

<P><STRONG><a name="[a7]"></a>Initialize</STRONG> (Thumb, 12 bytes, Stack size 0 bytes, my_norflash.o(i.Initialize))
<BR><BR>[Called By]<UL><LI><a href="#[a4]">&gt;&gt;</a>&nbsp;&nbsp;&nbsp;BSP_NOR_Init
</UL>

<P><STRONG><a name="[125]"></a>CheckErase</STRONG> (Thumb, 32 bytes, Stack size 8 bytes, interflash.o(i.CheckErase))
<BR><BR>[Stack]<UL><LI>Max Depth = 8<LI>Call Chain = CheckErase
</UL>
<BR>[Called By]<UL><LI><a href="#[9f]">&gt;&gt;</a>&nbsp;&nbsp;&nbsp;InterFlash_EraseSector
</UL>

<P><STRONG><a name="[ed]"></a>GetSectorAddr</STRONG> (Thumb, 64 bytes, Stack size 24 bytes, interflash.o(i.GetSectorAddr))
<BR><BR>[Stack]<UL><LI>Max Depth = 72<LI>Call Chain = GetSectorAddr &rArr; InterFlash_GetBankMode &rArr; HAL_FLASHEx_OBGetConfig
</UL>
<BR>[Calls]<UL><LI><a href="#[ee]">&gt;&gt;</a>&nbsp;&nbsp;&nbsp;InterFlash_GetBankMode
</UL>
<BR>[Called By]<UL><LI><a href="#[9f]">&gt;&gt;</a>&nbsp;&nbsp;&nbsp;InterFlash_EraseSector
</UL>

<P><STRONG><a name="[124]"></a>SCB_CleanInvalidateDCache</STRONG> (Thumb, 116 bytes, Stack size 8 bytes, interflash.o(i.SCB_CleanInvalidateDCache))
<BR><BR>[Stack]<UL><LI>Max Depth = 8<LI>Call Chain = SCB_CleanInvalidateDCache
</UL>
<BR>[Called By]<UL><LI><a href="#[9f]">&gt;&gt;</a>&nbsp;&nbsp;&nbsp;InterFlash_EraseSector
</UL>

<P><STRONG><a name="[132]"></a>Receive_Packet</STRONG> (Thumb, 182 bytes, Stack size 16 bytes, ymodem.o(i.Receive_Packet))
<BR><BR>[Stack]<UL><LI>Max Depth = 16<LI>Call Chain = Receive_Packet
</UL>
<BR>[Calls]<UL><LI><a href="#[88]">&gt;&gt;</a>&nbsp;&nbsp;&nbsp;__aeabi_memclr
</UL>
<BR>[Called By]<UL><LI><a href="#[bf]">&gt;&gt;</a>&nbsp;&nbsp;&nbsp;Ymodem_Receive
</UL>

<P><STRONG><a name="[13c]"></a>Send_Byte</STRONG> (Thumb, 24 bytes, Stack size 8 bytes, ymodem.o(i.Send_Byte))
<BR><BR>[Stack]<UL><LI>Max Depth = 64<LI>Call Chain = Send_Byte &rArr; HAL_UART_Transmit &rArr; UART_WaitOnFlagUntilTimeout
</UL>
<BR>[Calls]<UL><LI><a href="#[122]">&gt;&gt;</a>&nbsp;&nbsp;&nbsp;HAL_UART_Transmit
</UL>
<BR>[Called By]<UL><LI><a href="#[bf]">&gt;&gt;</a>&nbsp;&nbsp;&nbsp;Ymodem_Receive
</UL>

<P><STRONG><a name="[a9]"></a>BleAnalysisData</STRONG> (Thumb, 106 bytes, Stack size 16 bytes, ble_update.o(i.BleAnalysisData))
<BR><BR>[Stack]<UL><LI>Max Depth = 32<LI>Call Chain = BleAnalysisData &rArr; usCrc16
</UL>
<BR>[Calls]<UL><LI><a href="#[aa]">&gt;&gt;</a>&nbsp;&nbsp;&nbsp;usCrc16
<LI><a href="#[88]">&gt;&gt;</a>&nbsp;&nbsp;&nbsp;__aeabi_memclr
<LI><a href="#[ab]">&gt;&gt;</a>&nbsp;&nbsp;&nbsp;__aeabi_memcpy
</UL>
<BR>[Called By]<UL><LI><a href="#[7a]">&gt;&gt;</a>&nbsp;&nbsp;&nbsp;BleTask
</UL>

<P><STRONG><a name="[ac]"></a>BleAnalysisFireInfo</STRONG> (Thumb, 118 bytes, Stack size 16 bytes, ble_update.o(i.BleAnalysisFireInfo))
<BR><BR>[Stack]<UL><LI>Max Depth = 16<LI>Call Chain = BleAnalysisFireInfo
</UL>
<BR>[Calls]<UL><LI><a href="#[ad]">&gt;&gt;</a>&nbsp;&nbsp;&nbsp;__aeabi_memclr4
</UL>
<BR>[Called By]<UL><LI><a href="#[7a]">&gt;&gt;</a>&nbsp;&nbsp;&nbsp;BleTask
</UL>

<P><STRONG><a name="[ae]"></a>BleFactorySet</STRONG> (Thumb, 54 bytes, Stack size 24 bytes, ble_update.o(i.BleFactorySet))
<BR><BR>[Stack]<UL><LI>Max Depth = 2132<LI>Call Chain = BleFactorySet &rArr; BleSend2Phone &rArr; Cal_CRC16 &rArr; UpdateCRC16
</UL>
<BR>[Calls]<UL><LI><a href="#[af]">&gt;&gt;</a>&nbsp;&nbsp;&nbsp;SetSerialNumber
<LI><a href="#[84]">&gt;&gt;</a>&nbsp;&nbsp;&nbsp;BleSend2Phone
<LI><a href="#[b0]">&gt;&gt;</a>&nbsp;&nbsp;&nbsp;__2sprintf
<LI><a href="#[b1]">&gt;&gt;</a>&nbsp;&nbsp;&nbsp;strlen
</UL>
<BR>[Called By]<UL><LI><a href="#[7a]">&gt;&gt;</a>&nbsp;&nbsp;&nbsp;BleTask
</UL>

<P><STRONG><a name="[b2]"></a>BleGetFireInfo</STRONG> (Thumb, 84 bytes, Stack size 1040 bytes, ble_update.o(i.BleGetFireInfo))
<BR><BR>[Stack]<UL><LI>Max Depth = 3148<LI>Call Chain = BleGetFireInfo &rArr; BleSend2Phone &rArr; Cal_CRC16 &rArr; UpdateCRC16
</UL>
<BR>[Calls]<UL><LI><a href="#[84]">&gt;&gt;</a>&nbsp;&nbsp;&nbsp;BleSend2Phone
<LI><a href="#[b0]">&gt;&gt;</a>&nbsp;&nbsp;&nbsp;__2sprintf
<LI><a href="#[b1]">&gt;&gt;</a>&nbsp;&nbsp;&nbsp;strlen
<LI><a href="#[ad]">&gt;&gt;</a>&nbsp;&nbsp;&nbsp;__aeabi_memclr4
</UL>
<BR>[Called By]<UL><LI><a href="#[7a]">&gt;&gt;</a>&nbsp;&nbsp;&nbsp;BleTask
</UL>

<P><STRONG><a name="[b3]"></a>BleInit</STRONG> (Thumb, 100 bytes, Stack size 8 bytes, ble_update.o(i.BleInit))
<BR><BR>[Stack]<UL><LI>Max Depth = 1120<LI>Call Chain = BleInit &rArr; UART1_Printf &rArr; HAL_UART_Transmit &rArr; UART_WaitOnFlagUntilTimeout
</UL>
<BR>[Calls]<UL><LI><a href="#[b6]">&gt;&gt;</a>&nbsp;&nbsp;&nbsp;HAL_GPIO_ReadPin
<LI><a href="#[b8]">&gt;&gt;</a>&nbsp;&nbsp;&nbsp;delay_ms
<LI><a href="#[b9]">&gt;&gt;</a>&nbsp;&nbsp;&nbsp;UART1_Printf
<LI><a href="#[b7]">&gt;&gt;</a>&nbsp;&nbsp;&nbsp;btIWDG_Refresh
<LI><a href="#[b5]">&gt;&gt;</a>&nbsp;&nbsp;&nbsp;BluetoothGPIOInit
<LI><a href="#[b4]">&gt;&gt;</a>&nbsp;&nbsp;&nbsp;BleUartInit
</UL>
<BR>[Called By]<UL><LI><a href="#[7a]">&gt;&gt;</a>&nbsp;&nbsp;&nbsp;BleTask
</UL>

<P><STRONG><a name="[7a]"></a>BleTask</STRONG> (Thumb, 264 bytes, Stack size 16 bytes, ble_update.o(i.BleTask))
<BR><BR>[Stack]<UL><LI>Max Depth = 3164<LI>Call Chain = BleTask &rArr; BleGetFireInfo &rArr; BleSend2Phone &rArr; Cal_CRC16 &rArr; UpdateCRC16
</UL>
<BR>[Calls]<UL><LI><a href="#[b6]">&gt;&gt;</a>&nbsp;&nbsp;&nbsp;HAL_GPIO_ReadPin
<LI><a href="#[b8]">&gt;&gt;</a>&nbsp;&nbsp;&nbsp;delay_ms
<LI><a href="#[b9]">&gt;&gt;</a>&nbsp;&nbsp;&nbsp;UART1_Printf
<LI><a href="#[b7]">&gt;&gt;</a>&nbsp;&nbsp;&nbsp;btIWDG_Refresh
<LI><a href="#[ba]">&gt;&gt;</a>&nbsp;&nbsp;&nbsp;SaveSysInfo
<LI><a href="#[bc]">&gt;&gt;</a>&nbsp;&nbsp;&nbsp;FactoryOK
<LI><a href="#[84]">&gt;&gt;</a>&nbsp;&nbsp;&nbsp;BleSend2Phone
<LI><a href="#[bb]">&gt;&gt;</a>&nbsp;&nbsp;&nbsp;BleUpdateApp
<LI><a href="#[b3]">&gt;&gt;</a>&nbsp;&nbsp;&nbsp;BleInit
<LI><a href="#[b2]">&gt;&gt;</a>&nbsp;&nbsp;&nbsp;BleGetFireInfo
<LI><a href="#[ae]">&gt;&gt;</a>&nbsp;&nbsp;&nbsp;BleFactorySet
<LI><a href="#[ac]">&gt;&gt;</a>&nbsp;&nbsp;&nbsp;BleAnalysisFireInfo
<LI><a href="#[a9]">&gt;&gt;</a>&nbsp;&nbsp;&nbsp;BleAnalysisData
</UL>
<BR>[Address Reference Count : 1]<UL><LI> ble_update.o(i.CreateBleTask)
</UL>
<P><STRONG><a name="[b4]"></a>BleUartInit</STRONG> (Thumb, 52 bytes, Stack size 8 bytes, ble_update.o(i.BleUartInit))
<BR><BR>[Stack]<UL><LI>Max Depth = 104<LI>Call Chain = BleUartInit &rArr; HAL_UART_Init &rArr; HAL_UART_MspInit &rArr; HAL_NVIC_SetPriority &rArr; NVIC_SetPriority
</UL>
<BR>[Calls]<UL><LI><a href="#[be]">&gt;&gt;</a>&nbsp;&nbsp;&nbsp;HAL_UART_Receive_IT
<LI><a href="#[bd]">&gt;&gt;</a>&nbsp;&nbsp;&nbsp;HAL_UART_Init
</UL>
<BR>[Called By]<UL><LI><a href="#[b3]">&gt;&gt;</a>&nbsp;&nbsp;&nbsp;BleInit
</UL>

<P><STRONG><a name="[bb]"></a>BleUpdateApp</STRONG> (Thumb, 280 bytes, Stack size 16 bytes, ble_update.o(i.BleUpdateApp))
<BR><BR>[Stack]<UL><LI>Max Depth = 2124<LI>Call Chain = BleUpdateApp &rArr; BleSend2Phone &rArr; Cal_CRC16 &rArr; UpdateCRC16
</UL>
<BR>[Calls]<UL><LI><a href="#[b8]">&gt;&gt;</a>&nbsp;&nbsp;&nbsp;delay_ms
<LI><a href="#[b9]">&gt;&gt;</a>&nbsp;&nbsp;&nbsp;UART1_Printf
<LI><a href="#[b7]">&gt;&gt;</a>&nbsp;&nbsp;&nbsp;btIWDG_Refresh
<LI><a href="#[bf]">&gt;&gt;</a>&nbsp;&nbsp;&nbsp;Ymodem_Receive
<LI><a href="#[c0]">&gt;&gt;</a>&nbsp;&nbsp;&nbsp;pGetAppBin
<LI><a href="#[c2]">&gt;&gt;</a>&nbsp;&nbsp;&nbsp;btResetSysForJump
<LI><a href="#[ba]">&gt;&gt;</a>&nbsp;&nbsp;&nbsp;SaveSysInfo
<LI><a href="#[c1]">&gt;&gt;</a>&nbsp;&nbsp;&nbsp;CheckAppBin
<LI><a href="#[9e]">&gt;&gt;</a>&nbsp;&nbsp;&nbsp;AppWrite2Flash
<LI><a href="#[84]">&gt;&gt;</a>&nbsp;&nbsp;&nbsp;BleSend2Phone
</UL>
<BR>[Called By]<UL><LI><a href="#[7a]">&gt;&gt;</a>&nbsp;&nbsp;&nbsp;BleTask
</UL>

<P><STRONG><a name="[b5]"></a>BluetoothGPIOInit</STRONG> (Thumb, 52 bytes, Stack size 32 bytes, ble_update.o(i.BluetoothGPIOInit))
<BR><BR>[Stack]<UL><LI>Max Depth = 56<LI>Call Chain = BluetoothGPIOInit &rArr; HAL_GPIO_Init
</UL>
<BR>[Calls]<UL><LI><a href="#[a8]">&gt;&gt;</a>&nbsp;&nbsp;&nbsp;HAL_GPIO_Init
</UL>
<BR>[Called By]<UL><LI><a href="#[b3]">&gt;&gt;</a>&nbsp;&nbsp;&nbsp;BleInit
</UL>

<P><STRONG><a name="[15e]"></a>NVIC_SystemReset</STRONG> (Thumb, 56 bytes, Stack size 0 bytes, bootloader.o(i.NVIC_SystemReset))
<BR><BR>[Called By]<UL><LI><a href="#[c2]">&gt;&gt;</a>&nbsp;&nbsp;&nbsp;btResetSysForJump
</UL>

<P><STRONG><a name="[147]"></a>UpadateError</STRONG> (Thumb, 2 bytes, Stack size 0 bytes, bootloader.o(i.UpadateError))
<BR><BR>[Called By]<UL><LI><a href="#[145]">&gt;&gt;</a>&nbsp;&nbsp;&nbsp;UpdateInit
</UL>

<P><STRONG><a name="[137]"></a>__set_FAULTMASK</STRONG> (Thumb, 10 bytes, Stack size 0 bytes, bootloader.o(i.__set_FAULTMASK))
<BR><BR>[Called By]<UL><LI><a href="#[134]">&gt;&gt;</a>&nbsp;&nbsp;&nbsp;RunAPP
</UL>

<P><STRONG><a name="[133]"></a>RefreshCurrentRam</STRONG> (Thumb, 176 bytes, Stack size 24 bytes, system_info.o(i.RefreshCurrentRam))
<BR><BR>[Stack]<UL><LI>Max Depth = 208<LI>Call Chain = RefreshCurrentRam &rArr; SaveSysInfo &rArr; SaveSysInfoBackup &rArr; EraseSysInfoBlock &rArr; InterFlash_EraseSector &rArr; GetSectorAddr &rArr; InterFlash_GetBankMode &rArr; HAL_FLASHEx_OBGetConfig
</UL>
<BR>[Calls]<UL><LI><a href="#[ba]">&gt;&gt;</a>&nbsp;&nbsp;&nbsp;SaveSysInfo
</UL>
<BR>[Called By]<UL><LI><a href="#[140]">&gt;&gt;</a>&nbsp;&nbsp;&nbsp;SystemInfoInit_BtLoader
</UL>

<P><STRONG><a name="[141]"></a>RefreshSysinfoStruct</STRONG> (Thumb, 30 bytes, Stack size 0 bytes, system_info.o(i.RefreshSysinfoStruct))
<BR><BR>[Called By]<UL><LI><a href="#[140]">&gt;&gt;</a>&nbsp;&nbsp;&nbsp;SystemInfoInit_BtLoader
</UL>

<P><STRONG><a name="[139]"></a>SaveSysInfoBackup</STRONG> (Thumb, 276 bytes, Stack size 24 bytes, system_info.o(i.SaveSysInfoBackup))
<BR><BR>[Stack]<UL><LI>Max Depth = 160<LI>Call Chain = SaveSysInfoBackup &rArr; EraseSysInfoBlock &rArr; InterFlash_EraseSector &rArr; GetSectorAddr &rArr; InterFlash_GetBankMode &rArr; HAL_FLASHEx_OBGetConfig
</UL>
<BR>[Calls]<UL><LI><a href="#[a0]">&gt;&gt;</a>&nbsp;&nbsp;&nbsp;HAL_FLASH_Unlock
<LI><a href="#[a1]">&gt;&gt;</a>&nbsp;&nbsp;&nbsp;HAL_FLASH_Program
<LI><a href="#[a3]">&gt;&gt;</a>&nbsp;&nbsp;&nbsp;HAL_FLASH_Lock
<LI><a href="#[c9]">&gt;&gt;</a>&nbsp;&nbsp;&nbsp;EraseSysInfoBlock
<LI><a href="#[aa]">&gt;&gt;</a>&nbsp;&nbsp;&nbsp;usCrc16
<LI><a href="#[13a]">&gt;&gt;</a>&nbsp;&nbsp;&nbsp;malloc
<LI><a href="#[13b]">&gt;&gt;</a>&nbsp;&nbsp;&nbsp;free
<LI><a href="#[ab]">&gt;&gt;</a>&nbsp;&nbsp;&nbsp;__aeabi_memcpy
</UL>
<BR>[Called By]<UL><LI><a href="#[ba]">&gt;&gt;</a>&nbsp;&nbsp;&nbsp;SaveSysInfo
</UL>

<P><STRONG><a name="[7b]"></a>OLEDTask</STRONG> (Thumb, 204 bytes, Stack size 16 bytes, oled.o(i.OLEDTask))
<BR><BR>[Stack]<UL><LI>Max Depth = 212<LI>Call Chain = OLEDTask &rArr; GUI_DeviceWriteAppOk &rArr; GUI_4GSignalStrengthDynamic &rArr; GUI_4GSignalStrengthChar &rArr; OLED_ShowChineseString &rArr; OLED_ShowChineseChar &rArr; OLED_DrawPoint
</UL>
<BR>[Calls]<UL><LI><a href="#[eb]">&gt;&gt;</a>&nbsp;&nbsp;&nbsp;GUI_DeviceWriteAppOk
<LI><a href="#[ea]">&gt;&gt;</a>&nbsp;&nbsp;&nbsp;GUI_DeviceUpdatePrepare
<LI><a href="#[e9]">&gt;&gt;</a>&nbsp;&nbsp;&nbsp;GUI_DeviceUpdate
<LI><a href="#[e8]">&gt;&gt;</a>&nbsp;&nbsp;&nbsp;GUI_DeviceFactorySetOK
<LI><a href="#[e7]">&gt;&gt;</a>&nbsp;&nbsp;&nbsp;GUI_DeviceFactorySet
<LI><a href="#[e2]">&gt;&gt;</a>&nbsp;&nbsp;&nbsp;GUI_DeviceBootInit
<LI><a href="#[12e]">&gt;&gt;</a>&nbsp;&nbsp;&nbsp;OLED_Init
<LI><a href="#[12f]">&gt;&gt;</a>&nbsp;&nbsp;&nbsp;OLED_Clear
<LI><a href="#[c2]">&gt;&gt;</a>&nbsp;&nbsp;&nbsp;btResetSysForJump
<LI><a href="#[ba]">&gt;&gt;</a>&nbsp;&nbsp;&nbsp;SaveSysInfo
</UL>
<BR>[Address Reference Count : 1]<UL><LI> oled.o(i.CreateOLEDTask)
</UL>
<P><STRONG><a name="[ec]"></a>GUI_UnderBorderVerticalLine</STRONG> (Thumb, 56 bytes, Stack size 16 bytes, my_gui.o(i.GUI_UnderBorderVerticalLine))
<BR><BR>[Stack]<UL><LI>Max Depth = 36<LI>Call Chain = GUI_UnderBorderVerticalLine &rArr; OLED_DrawPoint
</UL>
<BR>[Calls]<UL><LI><a href="#[de]">&gt;&gt;</a>&nbsp;&nbsp;&nbsp;OLED_DrawPoint
</UL>
<BR>[Called By]<UL><LI><a href="#[e4]">&gt;&gt;</a>&nbsp;&nbsp;&nbsp;GUI_WorkMode
</UL>

<P><STRONG><a name="[db]"></a>GUI_VerticalLine</STRONG> (Thumb, 56 bytes, Stack size 16 bytes, my_gui.o(i.GUI_VerticalLine))
<BR><BR>[Stack]<UL><LI>Max Depth = 36<LI>Call Chain = GUI_VerticalLine &rArr; OLED_DrawPoint
</UL>
<BR>[Calls]<UL><LI><a href="#[de]">&gt;&gt;</a>&nbsp;&nbsp;&nbsp;OLED_DrawPoint
</UL>
<BR>[Called By]<UL><LI><a href="#[e0]">&gt;&gt;</a>&nbsp;&nbsp;&nbsp;GUI_BleWorkStatus
<LI><a href="#[da]">&gt;&gt;</a>&nbsp;&nbsp;&nbsp;GUI_4GSignalStrengthChar
</UL>

<P><STRONG><a name="[157]"></a>_fp_digits</STRONG> (Thumb, 366 bytes, Stack size 64 bytes, printfa.o(i._fp_digits), UNUSED)
<BR><BR>[Calls]<UL><LI><a href="#[8e]">&gt;&gt;</a>&nbsp;&nbsp;&nbsp;__aeabi_uldivmod
<LI><a href="#[99]">&gt;&gt;</a>&nbsp;&nbsp;&nbsp;__aeabi_dmul
<LI><a href="#[9a]">&gt;&gt;</a>&nbsp;&nbsp;&nbsp;__aeabi_ddiv
<LI><a href="#[93]">&gt;&gt;</a>&nbsp;&nbsp;&nbsp;__aeabi_dadd
<LI><a href="#[9b]">&gt;&gt;</a>&nbsp;&nbsp;&nbsp;__aeabi_d2ulz
<LI><a href="#[158]">&gt;&gt;</a>&nbsp;&nbsp;&nbsp;__aeabi_cdrcmple
</UL>
<BR>[Called By]<UL><LI><a href="#[149]">&gt;&gt;</a>&nbsp;&nbsp;&nbsp;_printf_core
</UL>

<P><STRONG><a name="[149]"></a>_printf_core</STRONG> (Thumb, 1744 bytes, Stack size 136 bytes, printfa.o(i._printf_core), UNUSED)
<BR><BR>[Calls]<UL><LI><a href="#[8e]">&gt;&gt;</a>&nbsp;&nbsp;&nbsp;__aeabi_uldivmod
<LI><a href="#[15b]">&gt;&gt;</a>&nbsp;&nbsp;&nbsp;__aeabi_uidivmod
<LI><a href="#[159]">&gt;&gt;</a>&nbsp;&nbsp;&nbsp;_printf_pre_padding
<LI><a href="#[15a]">&gt;&gt;</a>&nbsp;&nbsp;&nbsp;_printf_post_padding
<LI><a href="#[157]">&gt;&gt;</a>&nbsp;&nbsp;&nbsp;_fp_digits
</UL>
<BR>[Called By]<UL><LI><a href="#[14b]">&gt;&gt;</a>&nbsp;&nbsp;&nbsp;__0vsprintf
<LI><a href="#[14a]">&gt;&gt;</a>&nbsp;&nbsp;&nbsp;__0sprintf
<LI><a href="#[148]">&gt;&gt;</a>&nbsp;&nbsp;&nbsp;__0printf
</UL>

<P><STRONG><a name="[15a]"></a>_printf_post_padding</STRONG> (Thumb, 36 bytes, Stack size 24 bytes, printfa.o(i._printf_post_padding), UNUSED)
<BR><BR>[Called By]<UL><LI><a href="#[149]">&gt;&gt;</a>&nbsp;&nbsp;&nbsp;_printf_core
</UL>

<P><STRONG><a name="[159]"></a>_printf_pre_padding</STRONG> (Thumb, 46 bytes, Stack size 24 bytes, printfa.o(i._printf_pre_padding), UNUSED)
<BR><BR>[Called By]<UL><LI><a href="#[149]">&gt;&gt;</a>&nbsp;&nbsp;&nbsp;_printf_core
</UL>

<P><STRONG><a name="[7e]"></a>_sputc</STRONG> (Thumb, 10 bytes, Stack size 0 bytes, printfa.o(i._sputc))
<BR><BR>[Called By]<UL><LI><a href="#[14b]">&gt;&gt;</a>&nbsp;&nbsp;&nbsp;__0vsprintf
<LI><a href="#[14a]">&gt;&gt;</a>&nbsp;&nbsp;&nbsp;__0sprintf
</UL>
<BR>[Address Reference Count : 2]<UL><LI> printfa.o(i.__0sprintf)
<LI> printfa.o(i.__0vsprintf)
</UL><P>
<H3>
Undefined Global Symbols
</H3><HR></body></html>
