Component: ARM Compiler 5.06 update 5 (build 528) Tool: armlink [4d35e2]

==============================================================================

Section Cross References

    main.o(i.main) refers to stm32f7xx_hal_cortex.o(i.HAL_NVIC_SetPriorityGrouping) for HAL_NVIC_SetPriorityGrouping
    main.o(i.main) refers to my_norflash.o(i.MPU_ConfigNOR) for MPU_ConfigNOR
    main.o(i.main) refers to sys.o(i.Cache_Enable) for Cache_Enable
    main.o(i.main) refers to stm32f7xx_hal.o(i.HAL_Init) for HAL_Init
    main.o(i.main) refers to sys.o(i.Stm32_Clock_Init) for Stm32_Clock_Init
    main.o(i.main) refers to delay.o(i.delay_init) for delay_init
    main.o(i.main) refers to my_norflash.o(i.BSP_NOR_Init) for BSP_NOR_Init
    main.o(i.main) refers to interflash_1.o(i.InterFlash_EraseSector) for InterFlash_EraseSector
    main.o(i.main) refers to system_info.o(i.SystemInfoInit_BtLoader) for SystemInfoInit_BtLoader
    main.o(i.main) refers to system_info.o(i.RefreshSysInfo) for RefreshSysInfo
    main.o(i.main) refers to system_info.o(i.SaveSysInfo) for SaveSysInfo
    main.o(i.main) refers to bootloader.o(i.CheckUpdateStatus) for CheckUpdateStatus
    main.o(i.main) refers to tasks.o(i.xTaskCreate) for xTaskCreate
    main.o(i.main) refers to tasks.o(i.vTaskStartScheduler) for vTaskStartScheduler
    main.o(i.main) refers to bootloader.o(.bss) for gstUpdate
    main.o(i.main) refers to main.o(.data) for StartTask_Handler
    main.o(i.main) refers to main.o(i.start_task) for start_task
    main.o(i.start_task) refers to port.o(i.vPortEnterCritical) for vPortEnterCritical
    main.o(i.start_task) refers to ble_update.o(i.CreateBleTask) for CreateBleTask
    main.o(i.start_task) refers to port.o(i.vPortExitCritical) for vPortExitCritical
    main.o(i.start_task) refers to tasks.o(i.vTaskDelete) for vTaskDelete
    main.o(i.start_task) refers to main.o(.data) for StartTask_Handler
    stm32f7xx_it.o(i.UART5_IRQHandler) refers to stm32f7xx_hal_uart.o(i.HAL_UART_IRQHandler) for HAL_UART_IRQHandler
    stm32f7xx_it.o(i.UART5_IRQHandler) refers to stm32f7xx_hal_uart.o(i.HAL_UART_Receive_IT) for HAL_UART_Receive_IT
    stm32f7xx_it.o(i.UART5_IRQHandler) refers to uart.o(.bss) for gstUart5
    stm32f7xx_it.o(i.USART1_IRQHandler) refers to stm32f7xx_hal_uart.o(i.HAL_UART_IRQHandler) for HAL_UART_IRQHandler
    stm32f7xx_it.o(i.USART1_IRQHandler) refers to stm32f7xx_hal_uart.o(i.HAL_UART_Receive_IT) for HAL_UART_Receive_IT
    stm32f7xx_it.o(i.USART1_IRQHandler) refers to uart.o(.bss) for gstUart1
    stm32f7xx_it.o(i.USART2_IRQHandler) refers to stm32f7xx_hal_uart.o(i.HAL_UART_IRQHandler) for HAL_UART_IRQHandler
    stm32f7xx_it.o(i.USART2_IRQHandler) refers to stm32f7xx_hal_uart.o(i.HAL_UART_Receive_IT) for HAL_UART_Receive_IT
    stm32f7xx_it.o(i.USART2_IRQHandler) refers to uart.o(.bss) for gstUart2
    system_stm32f7xx.o(i.SystemCoreClockUpdate) refers to system_stm32f7xx.o(.data) for SystemCoreClock
    system_stm32f7xx.o(i.SystemCoreClockUpdate) refers to system_stm32f7xx.o(.constdata) for AHBPrescTable
    startup_stm32f769xx.o(RESET) refers to startup_stm32f769xx.o(STACK) for __initial_sp
    startup_stm32f769xx.o(RESET) refers to startup_stm32f769xx.o(.text) for Reset_Handler
    startup_stm32f769xx.o(RESET) refers to stm32f7xx_it.o(i.NMI_Handler) for NMI_Handler
    startup_stm32f769xx.o(RESET) refers to stm32f7xx_it.o(i.HardFault_Handler) for HardFault_Handler
    startup_stm32f769xx.o(RESET) refers to stm32f7xx_it.o(i.MemManage_Handler) for MemManage_Handler
    startup_stm32f769xx.o(RESET) refers to stm32f7xx_it.o(i.BusFault_Handler) for BusFault_Handler
    startup_stm32f769xx.o(RESET) refers to stm32f7xx_it.o(i.UsageFault_Handler) for UsageFault_Handler
    startup_stm32f769xx.o(RESET) refers to port.o(.emb_text) for SVC_Handler
    startup_stm32f769xx.o(RESET) refers to stm32f7xx_it.o(i.DebugMon_Handler) for DebugMon_Handler
    startup_stm32f769xx.o(RESET) refers to delay.o(i.SysTick_Handler) for SysTick_Handler
    startup_stm32f769xx.o(RESET) refers to stm32f7xx_it.o(i.USART1_IRQHandler) for USART1_IRQHandler
    startup_stm32f769xx.o(RESET) refers to stm32f7xx_it.o(i.USART2_IRQHandler) for USART2_IRQHandler
    startup_stm32f769xx.o(RESET) refers to stm32f7xx_it.o(i.UART5_IRQHandler) for UART5_IRQHandler
    startup_stm32f769xx.o(.text) refers to system_stm32f7xx.o(i.SystemInit) for SystemInit
    startup_stm32f769xx.o(.text) refers to entry.o(.ARM.Collect$$$$00000000) for __main
    stm32f7xx_hal.o(i.HAL_DeInit) refers to stm32f7xx_hal.o(i.HAL_MspDeInit) for HAL_MspDeInit
    stm32f7xx_hal.o(i.HAL_Delay) refers to stm32f7xx_hal.o(i.HAL_GetTick) for HAL_GetTick
    stm32f7xx_hal.o(i.HAL_GetTick) refers to stm32f7xx_hal.o(.data) for uwTick
    stm32f7xx_hal.o(i.HAL_IncTick) refers to stm32f7xx_hal.o(.data) for uwTick
    stm32f7xx_hal.o(i.HAL_Init) refers to stm32f7xx_hal_cortex.o(i.HAL_NVIC_SetPriorityGrouping) for HAL_NVIC_SetPriorityGrouping
[...]
    i.vListInitialiseItem                    0x080062a4   Section        0  list.o(i.vListInitialiseItem)
    i.vListInsert                            0x080062aa   Section        0  list.o(i.vListInsert)
    i.vListInsertEnd                         0x080062de   Section        0  list.o(i.vListInsertEnd)
    i.vPortEnterCritical                     0x080062f8   Section        0  port.o(i.vPortEnterCritical)
    i.vPortExitCritical                      0x08006384   Section        0  port.o(i.vPortExitCritical)
    i.vPortFree                              0x080063f4   Section        0  heap_4.o(i.vPortFree)
    i.vPortSetupTimerInterrupt               0x080064ac   Section        0  port.o(i.vPortSetupTimerInterrupt)
    i.vPortValidateInterruptPriority         0x080064cc   Section        0  port.o(i.vPortValidateInterruptPriority)
    i.vQueueAddToRegistry                    0x0800656c   Section        0  queue.o(i.vQueueAddToRegistry)
    i.vQueueWaitForMessageRestricted         0x08006598   Section        0  queue.o(i.vQueueWaitForMessageRestricted)
    i.vTaskDelay                             0x080065e4   Section        0  tasks.o(i.vTaskDelay)
    i.vTaskDelete                            0x08006658   Section        0  tasks.o(i.vTaskDelete)
    i.vTaskMissedYield                       0x08006764   Section        0  tasks.o(i.vTaskMissedYield)
    i.vTaskPlaceOnEventList                  0x08006770   Section        0  tasks.o(i.vTaskPlaceOnEventList)
    i.vTaskPlaceOnEventListRestricted        0x080067c4   Section        0  tasks.o(i.vTaskPlaceOnEventListRestricted)
    i.vTaskPriorityInherit                   0x08006820   Section        0  tasks.o(i.vTaskPriorityInherit)
    i.vTaskSetTimeOutState                   0x080068d0   Section        0  tasks.o(i.vTaskSetTimeOutState)
    i.vTaskStartScheduler                    0x0800691c   Section        0  tasks.o(i.vTaskStartScheduler)
    i.vTaskSuspendAll                        0x080069cc   Section        0  tasks.o(i.vTaskSuspendAll)
    i.vTaskSwitchContext                     0x080069dc   Section        0  tasks.o(i.vTaskSwitchContext)
    i.xPortStartScheduler                    0x08006a84   Section        0  port.o(i.xPortStartScheduler)
    i.xPortSysTickHandler                    0x08006be0   Section        0  port.o(i.xPortSysTickHandler)
    i.xQueueGenericCreate                    0x08006c18   Section        0  queue.o(i.xQueueGenericCreate)
    i.xQueueGenericReceive                   0x08006c8c   Section        0  queue.o(i.xQueueGenericReceive)
    i.xQueueGenericReset                     0x08006e54   Section        0  queue.o(i.xQueueGenericReset)
    i.xQueueGenericSend                      0x08006f04   Section        0  queue.o(i.xQueueGenericSend)
    i.xQueueGenericSendFromISR               0x080070c8   Section        0  queue.o(i.xQueueGenericSendFromISR)
    i.xTaskCheckForTimeOut                   0x080071dc   Section        0  tasks.o(i.xTaskCheckForTimeOut)
    i.xTaskCreate                            0x0800727c   Section        0  tasks.o(i.xTaskCreate)
    i.xTaskGetSchedulerState                 0x080072dc   Section        0  tasks.o(i.xTaskGetSchedulerState)
    i.xTaskGetTickCount                      0x080072fc   Section        0  tasks.o(i.xTaskGetTickCount)
    i.xTaskIncrementTick                     0x08007308   Section        0  tasks.o(i.xTaskIncrementTick)
    i.xTaskPriorityDisinherit                0x08007468   Section        0  tasks.o(i.xTaskPriorityDisinherit)
    i.xTaskRemoveFromEventList               0x08007540   Section        0  tasks.o(i.xTaskRemoveFromEventList)
    i.xTaskResumeAll                         0x080075f4   Section        0  tasks.o(i.xTaskResumeAll)
    i.xTimerCreateTimerTask                  0x08007714   Section        0  timers.o(i.xTimerCreateTimerTask)
    i.xTimerGenericCommand                   0x08007788   Section        0  timers.o(i.xTimerGenericCommand)
    .constdata                               0x0800782c   Section       24  system_stm32f7xx.o(.constdata)
    .constdata                               0x08007844   Section       48  interflash_1.o(.constdata)
    .constdata                               0x08007878   Section      136  pow.o(.constdata)
    bp                                       0x08007878   Data          16  pow.o(.constdata)
    dp_h                                     0x08007888   Data          16  pow.o(.constdata)
    dp_l                                     0x08007898   Data          16  pow.o(.constdata)
    L                                        0x080078a8   Data          48  pow.o(.constdata)
    P                                        0x080078d8   Data          40  pow.o(.constdata)
    .constdata                               0x08007900   Section        8  qnan.o(.constdata)
    .constdata                               0x08007908   Section      129  ctype_o.o(.constdata)
    .constdata                               0x0800798c   Section        4  ctype_o.o(.constdata)
    table                                    0x0800798c   Data           4  ctype_o.o(.constdata)
    .conststring                             0x08007990   Section       88  ble_update.o(.conststring)
    .data                                    0x20020000   Section     1028  main.o(.data)
    .data                                    0x20020404   Section        4  system_stm32f7xx.o(.data)
    .data                                    0x20020408   Section        4  stm32f7xx_hal.o(.data)
    .data                                    0x2002040c   Section        4  stm32f7xx_hal_nor.o(.data)
    uwNORMemoryDataWidth                     0x2002040c   Data           4  stm32f7xx_hal_nor.o(.data)
    .data                                    0x20020410   Section        6  delay.o(.data)
    fac_us                                   0x20020410   Data           4  delay.o(.data)
    fac_ms                                   0x20020414   Data           2  delay.o(.data)
    .data                                    0x20020418   Section       60  tasks.o(.data)
    pxDelayedTaskList                        0x2002041c   Data           4  tasks.o(.data)
    pxOverflowDelayedTaskList                0x20020420   Data           4  tasks.o(.data)
    uxDeletedTasksWaitingCleanUp             0x20020424   Data           4  tasks.o(.data)
    uxCurrentNumberOfTasks                   0x20020428   Data           4  tasks.o(.data)
    xTickCount                               0x2002042c   Data           4  tasks.o(.data)
    uxTopReadyPriority                       0x20020430   Data           4  tasks.o(.data)
    xSchedulerRunning                        0x20020434   Data           4  tasks.o(.data)
    uxPendedTicks                            0x20020438   Data           4  tasks.o(.data)
    xYieldPending                            0x2002043c   Data           4  tasks.o(.data)
    xNumOfOverflows                          0x20020440   Data           4  tasks.o(.data)
    uxTaskNumber                             0x20020444   Data           4  tasks.o(.data)
    xNextTaskUnblockTime                     0x20020448   Data           4  tasks.o(.data)
    xIdleTaskHandle                          0x2002044c   Data           4  tasks.o(.data)
    uxSchedulerSuspended                     0x20020450   Data           4  tasks.o(.data)
    .data                                    0x20020454   Section       20  timers.o(.data)
    pxCurrentTimerList                       0x20020454   Data           4  timers.o(.data)
    pxOverflowTimerList                      0x20020458   Data           4  timers.o(.data)
    xTimerQueue                              0x2002045c   Data           4  timers.o(.data)
    xTimerTaskHandle                         0x20020460   Data           4  timers.o(.data)
    xLastTime                                0x20020464   Data           4  timers.o(.data)
    .data                                    0x20020468   Section       12  port.o(.data)
    uxCriticalNesting                        0x20020468   Data           4  port.o(.data)
    ucMaxSysCallPriority                     0x2002046c   Data           1  port.o(.data)
    ulMaxPRIGROUPValue                       0x20020470   Data           4  port.o(.data)
    .data                                    0x20020474   Section       24  heap_4.o(.data)
    xStart                                   0x20020474   Data           8  heap_4.o(.data)
    pxEnd                                    0x2002047c   Data           4  heap_4.o(.data)
    xFreeBytesRemaining                      0x20020480   Data           4  heap_4.o(.data)
    xMinimumEverFreeBytesRemaining           0x20020484   Data           4  heap_4.o(.data)
    xBlockAllocatedBit                       0x20020488   Data           4  heap_4.o(.data)
    .data                                    0x2002048c   Section        5  my_norflash.o(.data)
    FlashStatus                              0x2002048c   Data           4  my_norflash.o(.data)
    Flags                                    0x20020490   Data           1  my_norflash.o(.data)
    .data                                    0x20020494   Section        4  ble_update.o(.data)
    .data                                    0x20020498   Section       36  system_info.o(.data)
    .data                                    0x200204bc   Section        4  stdout.o(.data)
    .data                                    0x200204c0   Section        4  mvars.o(.data)
    .data                                    0x200204c4   Section        4  mvars.o(.data)
    .data                                    0x200204c8   Section        4  errno.o(.data)
    _errno                                   0x200204c8   Data           4  errno.o(.data)
    .bss                                     0x200204cc   Section    153600  main.o(.bss)
    .bss                                     0x20045ccc   Section       28  stm32f7xx_hal_flash.o(.bss)
    .bss                                     0x20045ce8   Section       64  queue.o(.bss)
    .bss                                     0x20045d28   Section      740  tasks.o(.bss)
    pxReadyTasksLists                        0x20045d28   Data         640  tasks.o(.bss)
    xDelayedTaskList1                        0x20045fa8   Data          20  tasks.o(.bss)
    xDelayedTaskList2                        0x20045fbc   Data          20  tasks.o(.bss)
    xPendingReadyList                        0x20045fd0   Data          20  tasks.o(.bss)
    xTasksWaitingTermination                 0x20045fe4   Data          20  tasks.o(.bss)
    xSuspendedTaskList                       0x20045ff8   Data          20  tasks.o(.bss)
    .bss                                     0x2004600c   Section       40  timers.o(.bss)
    xActiveTimerList1                        0x2004600c   Data          20  timers.o(.bss)
    xActiveTimerList2                        0x20046020   Data          20  timers.o(.bss)
    .bss                                     0x20046034   Section    47104  heap_4.o(.bss)
    ucHeap                                   0x20046034   Data       47104  heap_4.o(.bss)
    .bss                                     0x20051834   Section     3508  uart.o(.bss)
    .bss                                     0x200525e8   Section      256  ymodem.o(.bss)
    .bss                                     0x200526e8   Section     1028  ble_update.o(.bss)
    .bss                                     0x20052aec   Section      156  bootloader.o(.bss)
    HEAP                                     0x20052b88   Section    32768  startup_stm32f769xx.o(HEAP)
    STACK                                    0x2005ab88   Section    32768  startup_stm32f769xx.o(STACK)

    Global Symbols

    Symbol Name                              Value     Ov Type        Size  Object(Section)

    BuildAttributes$$THM_ISAv4$E$P$D$K$B$S$7EM$VFPv5_D16$PE$PLD8$A:L22UL41UL21$X:L11$S22US41US21$IEEE1$IW$USESV6$~STKCKD$USESV7$~SHL$OTIME$ROPI$IEEEX$EBA8$MICROLIB$REQ8$PRES8$EABIv2 0x00000000   Number         0  anon$$obj.o ABSOLUTE
    __ARM_use_no_argv                        0x00000000   Number         0  main.o ABSOLUTE
    _printf_a                                0x00000000   Number         0  stubs.o ABSOLUTE
    _printf_c                                0x00000000   Number         0  stubs.o ABSOLUTE
    _printf_charcount                        0x00000000   Number         0  stubs.o ABSOLUTE
    _printf_d                                0x00000000   Number         0  stubs.o ABSOLUTE
    _printf_e                                0x00000000   Number         0  stubs.o ABSOLUTE
    _printf_f                                0x00000000   Number         0  stubs.o ABSOLUTE
    _printf_flags                            0x00000000   Number         0  stubs.o ABSOLUTE
    _printf_fp_dec                           0x00000000   Number         0  stubs.o ABSOLUTE
    _printf_fp_hex                           0x00000000   Number         0  stubs.o ABSOLUTE
    _printf_g                                0x00000000   Number         0  stubs.o ABSOLUTE
    _printf_i                                0x00000000   Number         0  stubs.o ABSOLUTE
    _printf_int_dec                          0x00000000   Number         0  stubs.o ABSOLUTE
    _printf_l                                0x00000000   Number         0  stubs.o ABSOLUTE
    _printf_lc                               0x00000000   Number         0  stubs.o ABSOLUTE
    _printf_ll                               0x00000000   Number         0  stubs.o ABSOLUTE
    _printf_lld                              0x00000000   Number         0  stubs.o ABSOLUTE
    _printf_lli                              0x00000000   Number         0  stubs.o ABSOLUTE
    _printf_llo                              0x00000000   Number         0  stubs.o ABSOLUTE
    _printf_llu                              0x00000000   Number         0  stubs.o ABSOLUTE
    _printf_llx                              0x00000000   Number         0  stubs.o ABSOLUTE
    _printf_longlong_dec                     0x00000000   Number         0  stubs.o ABSOLUTE
    _printf_longlong_hex                     0x00000000   Number         0  stubs.o ABSOLUTE
    _printf_longlong_oct                     0x00000000   Number         0  stubs.o ABSOLUTE
    _printf_ls                               0x00000000   Number         0  stubs.o ABSOLUTE
    _printf_mbtowc                           0x00000000   Number         0  stubs.o ABSOLUTE
    _printf_n                                0x00000000   Number         0  stubs.o ABSOLUTE
    _printf_o                                0x00000000   Number         0  stubs.o ABSOLUTE
    _printf_p                                0x00000000   Number         0  stubs.o ABSOLUTE
    _printf_percent                          0x00000000   Number         0  stubs.o ABSOLUTE
    _printf_pre_padding                      0x00000000   Number         0  stubs.o ABSOLUTE
    _printf_return_value                     0x00000000   Number         0  stubs.o ABSOLUTE
    _printf_s                                0x00000000   Number         0  stubs.o ABSOLUTE
    _printf_sizespec                         0x00000000   Number         0  stubs.o ABSOLUTE
    _printf_str                              0x00000000   Number         0  stubs.o ABSOLUTE
    _printf_truncate_signed                  0x00000000   Number         0  stubs.o ABSOLUTE
    _printf_truncate_unsigned                0x00000000   Number         0  stubs.o ABSOLUTE
    _printf_u                                0x00000000   Number         0  stubs.o ABSOLUTE
    _printf_wc                               0x00000000   Number         0  stubs.o ABSOLUTE
    _printf_wctomb                           0x00000000   Number         0  stubs.o ABSOLUTE
    _printf_widthprec                        0x00000000   Number         0  stubs.o ABSOLUTE
    _printf_x                                0x00000000   Number         0  stubs.o ABSOLUTE
    __cpp_initialize__aeabi_                  - Undefined Weak Reference
    __cxa_finalize                            - Undefined Weak Reference
    _clock_init                               - Undefined Weak Reference
    _microlib_exit                            - Undefined Weak Reference
    __Vectors_Size                           0x000001f8   Number         0  startup_stm32f769xx.o ABSOLUTE
    __Vectors                                0x08000000   Data           4  startup_stm32f769xx.o(RESET)
    __Vectors_End                            0x080001f8   Data           0  startup_stm32f769xx.o(RESET)
    __main                                   0x080001f9   Thumb Code     0  entry.o(.ARM.Collect$$$$00000000)
    _main_stk                                0x080001f9   Thumb Code     0  entry2.o(.ARM.Collect$$$$00000001)
    _main_scatterload                        0x080001fd   Thumb Code     0  entry5.o(.ARM.Collect$$$$00000004)
    __main_after_scatterload                 0x08000201   Thumb Code     0  entry5.o(.ARM.Collect$$$$00000004)
    _main_clock                              0x08000201   Thumb Code     0  entry7b.o(.ARM.Collect$$$$00000008)
    _main_cpp_init                           0x08000201   Thumb Code     0  entry8b.o(.ARM.Collect$$$$0000000A)
    _main_init                               0x08000201   Thumb Code     0  entry9a.o(.ARM.Collect$$$$0000000B)
    __rt_final_cpp                           0x08000209   Thumb Code     0  entry10a.o(.ARM.Collect$$$$0000000D)
    __rt_final_exit                          0x08000209   Thumb Code     0  entry11a.o(.ARM.Collect$$$$0000000F)
    SVC_Handler                              0x0800020d   Thumb Code    28  port.o(.emb_text)
    __asm___6_port_c_39a90d8d__prvStartFirstTask 0x0800022d   Thumb Code    28  port.o(.emb_text)
    __asm___6_port_c_39a90d8d__prvEnableVFP  0x0800024d   Thumb Code    16  port.o(.emb_text)
    PendSV_Handler                           0x08000261   Thumb Code    88  port.o(.emb_text)
    vPortGetIPSR                             0x080002bd   Thumb Code     6  port.o(.emb_text)
    Reset_Handler                            0x080002c5   Thumb Code     8  startup_stm32f769xx.o(.text)
    ADC_IRQHandler                           0x080002df   Thumb Code     0  startup_stm32f769xx.o(.text)
    CAN1_RX0_IRQHandler                      0x080002df   Thumb Code     0  startup_stm32f769xx.o(.text)
    CAN1_RX1_IRQHandler                      0x080002df   Thumb Code     0  startup_stm32f769xx.o(.text)
    CAN1_SCE_IRQHandler                      0x080002df   Thumb Code     0  startup_stm32f769xx.o(.text)
    CAN1_TX_IRQHandler                       0x080002df   Thumb Code     0  startup_stm32f769xx.o(.text)
    CAN2_RX0_IRQHandler                      0x080002df   Thumb Code     0  startup_stm32f769xx.o(.text)
    CAN2_RX1_IRQHandler                      0x080002df   Thumb Code     0  startup_stm32f769xx.o(.text)
    CAN2_SCE_IRQHandler                      0x080002df   Thumb Code     0  startup_stm32f769xx.o(.text)
    CAN2_TX_IRQHandler                       0x080002df   Thumb Code     0  startup_stm32f769xx.o(.text)
    CAN3_RX0_IRQHandler                      0x080002df   Thumb Code     0  startup_stm32f769xx.o(.text)
    CAN3_RX1_IRQHandler                      0x080002df   Thumb Code     0  startup_stm32f769xx.o(.text)
    CAN3_SCE_IRQHandler                      0x080002df   Thumb Code     0  startup_stm32f769xx.o(.text)
    CAN3_TX_IRQHandler                       0x080002df   Thumb Code     0  startup_stm32f769xx.o(.text)
    CEC_IRQHandler                           0x080002df   Thumb Code     0  startup_stm32f769xx.o(.text)
    DCMI_IRQHandler                          0x080002df   Thumb Code     0  startup_stm32f769xx.o(.text)
    DFSDM1_FLT0_IRQHandler                   0x080002df   Thumb Code     0  startup_stm32f769xx.o(.text)
    DFSDM1_FLT1_IRQHandler                   0x080002df   Thumb Code     0  startup_stm32f769xx.o(.text)
    DFSDM1_FLT2_IRQHandler                   0x080002df   Thumb Code     0  startup_stm32f769xx.o(.text)
    DFSDM1_FLT3_IRQHandler                   0x080002df   Thumb Code     0  startup_stm32f769xx.o(.text)
    DMA1_Stream0_IRQHandler                  0x080002df   Thumb Code     0  startup_stm32f769xx.o(.text)
    DMA1_Stream1_IRQHandler                  0x080002df   Thumb Code     0  startup_stm32f769xx.o(.text)
    DMA1_Stream2_IRQHandler                  0x080002df   Thumb Code     0  startup_stm32f769xx.o(.text)
    DMA1_Stream3_IRQHandler                  0x080002df   Thumb Code     0  startup_stm32f769xx.o(.text)
    DMA1_Stream4_IRQHandler                  0x080002df   Thumb Code     0  startup_stm32f769xx.o(.text)
    DMA1_Stream5_IRQHandler                  0x080002df   Thumb Code     0  startup_stm32f769xx.o(.text)
    DMA1_Stream6_IRQHandler                  0x080002df   Thumb Code     0  startup_stm32f769xx.o(.text)
    DMA1_Stream7_IRQHandler                  0x080002df   Thumb Code     0  startup_stm32f769xx.o(.text)
    DMA2D_IRQHandler                         0x080002df   Thumb Code     0  startup_stm32f769xx.o(.text)
    DMA2_Stream0_IRQHandler                  0x080002df   Thumb Code     0  startup_stm32f769xx.o(.text)
    DMA2_Stream1_IRQHandler                  0x080002df   Thumb Code     0  startup_stm32f769xx.o(.text)
    DMA2_Stream2_IRQHandler                  0x080002df   Thumb Code     0  startup_stm32f769xx.o(.text)
    DMA2_Stream3_IRQHandler                  0x080002df   Thumb Code     0  startup_stm32f769xx.o(.text)
    DMA2_Stream4_IRQHandler                  0x080002df   Thumb Code     0  startup_stm32f769xx.o(.text)
    DMA2_Stream5_IRQHandler                  0x080002df   Thumb Code     0  startup_stm32f769xx.o(.text)
    DMA2_Stream6_IRQHandler                  0x080002df   Thumb Code     0  startup_stm32f769xx.o(.text)
    DMA2_Stream7_IRQHandler                  0x080002df   Thumb Code     0  startup_stm32f769xx.o(.text)
    DSI_IRQHandler                           0x080002df   Thumb Code     0  startup_stm32f769xx.o(.text)
    ETH_IRQHandler                           0x080002df   Thumb Code     0  startup_stm32f769xx.o(.text)
    ETH_WKUP_IRQHandler                      0x080002df   Thumb Code     0  startup_stm32f769xx.o(.text)
    EXTI0_IRQHandler                         0x080002df   Thumb Code     0  startup_stm32f769xx.o(.text)
    EXTI15_10_IRQHandler                     0x080002df   Thumb Code     0  startup_stm32f769xx.o(.text)
    EXTI1_IRQHandler                         0x080002df   Thumb Code     0  startup_stm32f769xx.o(.text)
    EXTI2_IRQHandler                         0x080002df   Thumb Code     0  startup_stm32f769xx.o(.text)
    EXTI3_IRQHandler                         0x080002df   Thumb Code     0  startup_stm32f769xx.o(.text)
    EXTI4_IRQHandler                         0x080002df   Thumb Code     0  startup_stm32f769xx.o(.text)
    EXTI9_5_IRQHandler                       0x080002df   Thumb Code     0  startup_stm32f769xx.o(.text)
    FLASH_IRQHandler                         0x080002df   Thumb Code     0  startup_stm32f769xx.o(.text)
    FMC_IRQHandler                           0x080002df   Thumb Code     0  startup_stm32f769xx.o(.text)
    FPU_IRQHandler                           0x080002df   Thumb Code     0  startup_stm32f769xx.o(.text)
    I2C1_ER_IRQHandler                       0x080002df   Thumb Code     0  startup_stm32f769xx.o(.text)
    I2C1_EV_IRQHandler                       0x080002df   Thumb Code     0  startup_stm32f769xx.o(.text)
    I2C2_ER_IRQHandler                       0x080002df   Thumb Code     0  startup_stm32f769xx.o(.text)
    I2C2_EV_IRQHandler                       0x080002df   Thumb Code     0  startup_stm32f769xx.o(.text)
    I2C3_ER_IRQHandler                       0x080002df   Thumb Code     0  startup_stm32f769xx.o(.text)
    I2C3_EV_IRQHandler                       0x080002df   Thumb Code     0  startup_stm32f769xx.o(.text)
    I2C4_ER_IRQHandler                       0x080002df   Thumb Code     0  startup_stm32f769xx.o(.text)
    I2C4_EV_IRQHandler                       0x080002df   Thumb Code     0  startup_stm32f769xx.o(.text)
    JPEG_IRQHandler                          0x080002df   Thumb Code     0  startup_stm32f769xx.o(.text)
    LPTIM1_IRQHandler                        0x080002df   Thumb Code     0  startup_stm32f769xx.o(.text)
    LTDC_ER_IRQHandler                       0x080002df   Thumb Code     0  startup_stm32f769xx.o(.text)
    LTDC_IRQHandler                          0x080002df   Thumb Code     0  startup_stm32f769xx.o(.text)
    MDIOS_IRQHandler                         0x080002df   Thumb Code     0  startup_stm32f769xx.o(.text)
    OTG_FS_IRQHandler                        0x080002df   Thumb Code     0  startup_stm32f769xx.o(.text)
    OTG_FS_WKUP_IRQHandler                   0x080002df   Thumb Code     0  startup_stm32f769xx.o(.text)
    OTG_HS_EP1_IN_IRQHandler                 0x080002df   Thumb Code     0  startup_stm32f769xx.o(.text)
    OTG_HS_EP1_OUT_IRQHandler                0x080002df   Thumb Code     0  startup_stm32f769xx.o(.text)
    OTG_HS_IRQHandler                        0x080002df   Thumb Code     0  startup_stm32f769xx.o(.text)
    OTG_HS_WKUP_IRQHandler                   0x080002df   Thumb Code     0  startup_stm32f769xx.o(.text)
    PVD_IRQHandler                           0x080002df   Thumb Code     0  startup_stm32f769xx.o(.text)
    QUADSPI_IRQHandler                       0x080002df   Thumb Code     0  startup_stm32f769xx.o(.text)
    RCC_IRQHandler                           0x080002df   Thumb Code     0  startup_stm32f769xx.o(.text)
    RNG_IRQHandler                           0x080002df   Thumb Code     0  startup_stm32f769xx.o(.text)
    RTC_Alarm_IRQHandler                     0x080002df   Thumb Code     0  startup_stm32f769xx.o(.text)
    RTC_WKUP_IRQHandler                      0x080002df   Thumb Code     0  startup_stm32f769xx.o(.text)
    SAI1_IRQHandler                          0x080002df   Thumb Code     0  startup_stm32f769xx.o(.text)
    SAI2_IRQHandler                          0x080002df   Thumb Code     0  startup_stm32f769xx.o(.text)
    SDMMC1_IRQHandler                        0x080002df   Thumb Code     0  startup_stm32f769xx.o(.text)
    SDMMC2_IRQHandler                        0x080002df   Thumb Code     0  startup_stm32f769xx.o(.text)
    SPDIF_RX_IRQHandler                      0x080002df   Thumb Code     0  startup_stm32f769xx.o(.text)
    SPI1_IRQHandler                          0x080002df   Thumb Code     0  startup_stm32f769xx.o(.text)
    SPI2_IRQHandler                          0x080002df   Thumb Code     0  startup_stm32f769xx.o(.text)
    SPI3_IRQHandler                          0x080002df   Thumb Code     0  startup_stm32f769xx.o(.text)
    SPI4_IRQHandler                          0x080002df   Thumb Code     0  startup_stm32f769xx.o(.text)
    SPI5_IRQHandler                          0x080002df   Thumb Code     0  startup_stm32f769xx.o(.text)
    SPI6_IRQHandler                          0x080002df   Thumb Code     0  startup_stm32f769xx.o(.text)
    TAMP_STAMP_IRQHandler                    0x080002df   Thumb Code     0  startup_stm32f769xx.o(.text)
    TIM1_BRK_TIM9_IRQHandler                 0x080002df   Thumb Code     0  startup_stm32f769xx.o(.text)
    TIM1_CC_IRQHandler                       0x080002df   Thumb Code     0  startup_stm32f769xx.o(.text)
    TIM1_TRG_COM_TIM11_IRQHandler            0x080002df   Thumb Code     0  startup_stm32f769xx.o(.text)
    TIM1_UP_TIM10_IRQHandler                 0x080002df   Thumb Code     0  startup_stm32f769xx.o(.text)
    TIM2_IRQHandler                          0x080002df   Thumb Code     0  startup_stm32f769xx.o(.text)
    TIM3_IRQHandler                          0x080002df   Thumb Code     0  startup_stm32f769xx.o(.text)
    TIM4_IRQHandler                          0x080002df   Thumb Code     0  startup_stm32f769xx.o(.text)
    TIM5_IRQHandler                          0x080002df   Thumb Code     0  startup_stm32f769xx.o(.text)
    TIM6_DAC_IRQHandler                      0x080002df   Thumb Code     0  startup_stm32f769xx.o(.text)
    TIM7_IRQHandler                          0x080002df   Thumb Code     0  startup_stm32f769xx.o(.text)
    TIM8_BRK_TIM12_IRQHandler                0x080002df   Thumb Code     0  startup_stm32f769xx.o(.text)
    TIM8_CC_IRQHandler                       0x080002df   Thumb Code     0  startup_stm32f769xx.o(.text)
    TIM8_TRG_COM_TIM14_IRQHandler            0x080002df   Thumb Code     0  startup_stm32f769xx.o(.text)
    TIM8_UP_TIM13_IRQHandler                 0x080002df   Thumb Code     0  startup_stm32f769xx.o(.text)
    UART4_IRQHandler                         0x080002df   Thumb Code     0  startup_stm32f769xx.o(.text)
    UART7_IRQHandler                         0x080002df   Thumb Code     0  startup_stm32f769xx.o(.text)
    UART8_IRQHandler                         0x080002df   Thumb Code     0  startup_stm32f769xx.o(.text)
    USART3_IRQHandler                        0x080002df   Thumb Code     0  startup_stm32f769xx.o(.text)
    USART6_IRQHandler                        0x080002df   Thumb Code     0  startup_stm32f769xx.o(.text)
    WWDG_IRQHandler                          0x080002df   Thumb Code     0  startup_stm32f769xx.o(.text)
    __aeabi_memcpy                           0x080002e9   Thumb Code    36  memcpya.o(.text)
    __aeabi_memcpy4                          0x080002e9   Thumb Code     0  memcpya.o(.text)
    __aeabi_memcpy8                          0x080002e9   Thumb Code     0  memcpya.o(.text)
    __aeabi_memset                           0x0800030d   Thumb Code    14  memseta.o(.text)
    __aeabi_memset4                          0x0800030d   Thumb Code     0  memseta.o(.text)
    __aeabi_memset8                          0x0800030d   Thumb Code     0  memseta.o(.text)
    __aeabi_memclr                           0x0800031b   Thumb Code     4  memseta.o(.text)
    __aeabi_memclr4                          0x0800031b   Thumb Code     0  memseta.o(.text)
    __aeabi_memclr8                          0x0800031b   Thumb Code     0  memseta.o(.text)
    _memset$wrapper                          0x0800031f   Thumb Code    18  memseta.o(.text)
    strcat                                   0x08000331   Thumb Code    24  strcat.o(.text)
    strlen                                   0x08000349   Thumb Code    14  strlen.o(.text)
    memcmp                                   0x08000357   Thumb Code    26  memcmp.o(.text)
    strcpy                                   0x08000371   Thumb Code    18  strcpy.o(.text)
    atoi                                     0x08000383   Thumb Code    26  atoi.o(.text)
    __aeabi_uidiv                            0x0800039d   Thumb Code     0  uidiv.o(.text)
    __aeabi_uidivmod                         0x0800039d   Thumb Code    44  uidiv.o(.text)
    __aeabi_uldivmod                         0x080003c9   Thumb Code    98  uldiv.o(.text)
    strtol                                   0x0800042b   Thumb Code   112  strtol.o(.text)
    __I$use$fp                               0x0800049b   Thumb Code     0  iusefp.o(.text)
    __aeabi_dadd                             0x0800049b   Thumb Code   322  dadd.o(.text)
    __aeabi_dsub                             0x080005dd   Thumb Code     6  dadd.o(.text)
    __aeabi_drsub                            0x080005e3   Thumb Code     6  dadd.o(.text)
    __aeabi_dmul                             0x080005e9   Thumb Code   228  dmul.o(.text)
    __aeabi_ddiv                             0x080006cd   Thumb Code   222  ddiv.o(.text)
    __ARM_scalbn                             0x080007ab   Thumb Code    46  dscalb.o(.text)
    scalbn                                   0x080007ab   Thumb Code     0  dscalb.o(.text)
    __aeabi_d2ulz                            0x080007d9   Thumb Code    48  dfixul.o(.text)
    __aeabi_cdrcmple                         0x08000809   Thumb Code    48  cdrcmple.o(.text)
    __scatterload                            0x08000839   Thumb Code    28  init.o(.text)
    __scatterload_rt2                        0x08000839   Thumb Code     0  init.o(.text)
    __aeabi_llsl                             0x0800085d   Thumb Code    30  llshl.o(.text)
    __semihosting_library_function           0x0800085d   Thumb Code     0  semi.o(.text)
    _ll_shift_l                              0x0800085d   Thumb Code     0  llshl.o(.text)
    __aeabi_llsr                             0x0800087b   Thumb Code    32  llushr.o(.text)
    _ll_ushift_r                             0x0800087b   Thumb Code     0  llushr.o(.text)
    __aeabi_lasr                             0x0800089b   Thumb Code    36  llsshr.o(.text)
    _ll_sshift_r                             0x0800089b   Thumb Code     0  llsshr.o(.text)
    __rt_ctype_table                         0x080008c1   Thumb Code     4  ctype_o.o(.text)
    _strtoul                                 0x080008c9   Thumb Code   158  _strtoul.o(.text)
    __I$use$semihosting$fputc                0x08000967   Thumb Code     0  iusesemip.o(.text)
    _double_round                            0x08000967   Thumb Code    30  depilogue.o(.text)
    _double_epilogue                         0x08000985   Thumb Code   156  depilogue.o(.text)
    _chval                                   0x08000a21   Thumb Code    28  _chval.o(.text)
    __decompress                             0x08000a3d   Thumb Code     0  __dczerorl.o(.text)
    __decompress0                            0x08000a3d   Thumb Code    58  __dczerorl.o(.text)
    BSP_NOR_Init                             0x08000a79   Thumb Code   126  my_norflash.o(i.BSP_NOR_Init)
    BleSend2Phone                            0x08000d39   Thumb Code   172  ble_update.o(i.BleSend2Phone)
    BusFault_Handler                         0x08001001   Thumb Code     4  stm32f7xx_it.o(i.BusFault_Handler)
    Cache_Enable                             0x08001005   Thumb Code   112  sys.o(i.Cache_Enable)
    Cal_CRC16                                0x0800107d   Thumb Code    52  ymodem.o(i.Cal_CRC16)
    CheckAppBin                              0x080010b1   Thumb Code    22  bootloader.o(i.CheckAppBin)
    CheckUpdateStatus                        0x080010c9   Thumb Code    80  bootloader.o(i.CheckUpdateStatus)
    CreateBleTask                            0x0800111d   Thumb Code    26  ble_update.o(i.CreateBleTask)
    DebugMon_Handler                         0x0800114d   Thumb Code     2  stm32f7xx_it.o(i.DebugMon_Handler)
    FLASH_Erase_Sector                       0x08001161   Thumb Code   120  stm32f7xx_hal_flash_ex.o(i.FLASH_Erase_Sector)
    FLASH_WaitForLastOperation               0x0800140d   Thumb Code    74  stm32f7xx_hal_flash.o(i.FLASH_WaitForLastOperation)
    FMC_NORSRAM_Extended_Timing_Init         0x08001461   Thumb Code    66  stm32f7xx_ll_fmc.o(i.FMC_NORSRAM_Extended_Timing_Init)
    FMC_NORSRAM_Init                         0x080014a9   Thumb Code   124  stm32f7xx_ll_fmc.o(i.FMC_NORSRAM_Init)
    FMC_NORSRAM_Timing_Init                  0x08001529   Thumb Code    94  stm32f7xx_ll_fmc.o(i.FMC_NORSRAM_Timing_Init)
    HAL_DMA_Abort_IT                         0x080015cd   Thumb Code    40  stm32f7xx_hal_dma.o(i.HAL_DMA_Abort_IT)
    HAL_FLASHEx_Erase                        0x080015f5   Thumb Code   164  stm32f7xx_hal_flash_ex.o(i.HAL_FLASHEx_Erase)
    HAL_FLASHEx_OBGetConfig                  0x080016a1   Thumb Code    50  stm32f7xx_hal_flash_ex.o(i.HAL_FLASHEx_OBGetConfig)
    HAL_FLASH_Lock                           0x080016d5   Thumb Code    16  stm32f7xx_hal_flash.o(i.HAL_FLASH_Lock)
    HAL_FLASH_Program                        0x080016e9   Thumb Code   156  stm32f7xx_hal_flash.o(i.HAL_FLASH_Program)
    HAL_FLASH_Unlock                         0x0800178d   Thumb Code    32  stm32f7xx_hal_flash.o(i.HAL_FLASH_Unlock)
    HAL_GPIO_Init                            0x080017b9   Thumb Code   484  stm32f7xx_hal_gpio.o(i.HAL_GPIO_Init)
    HAL_GetTick                              0x080019d1   Thumb Code     6  stm32f7xx_hal.o(i.HAL_GetTick)
    HAL_IncTick                              0x080019dd   Thumb Code    12  stm32f7xx_hal.o(i.HAL_IncTick)
    HAL_Init                                 0x080019ed   Thumb Code    34  stm32f7xx_hal.o(i.HAL_Init)
    HAL_InitTick                             0x08001a15   Thumb Code    36  stm32f7xx_hal.o(i.HAL_InitTick)
    HAL_MPU_ConfigRegion                     0x08001a3d   Thumb Code    88  stm32f7xx_hal_cortex.o(i.HAL_MPU_ConfigRegion)
    HAL_MspInit                              0x08001a99   Thumb Code     2  stm32f7xx_hal.o(i.HAL_MspInit)
    HAL_NOR_Init                             0x08001a9d   Thumb Code   112  stm32f7xx_hal_nor.o(i.HAL_NOR_Init)
    HAL_NOR_MspInit                          0x08001b11   Thumb Code     2  stm32f7xx_hal_nor.o(i.HAL_NOR_MspInit)
    HAL_NVIC_EnableIRQ                       0x08001b13   Thumb Code    26  stm32f7xx_hal_cortex.o(i.HAL_NVIC_EnableIRQ)
    HAL_NVIC_SetPriority                     0x08001b2d   Thumb Code   124  stm32f7xx_hal_cortex.o(i.HAL_NVIC_SetPriority)
    HAL_NVIC_SetPriorityGrouping             0x08001ba9   Thumb Code    32  stm32f7xx_hal_cortex.o(i.HAL_NVIC_SetPriorityGrouping)
    HAL_PWREx_EnableOverDrive                0x08001bd1   Thumb Code   136  stm32f7xx_hal_pwr_ex.o(i.HAL_PWREx_EnableOverDrive)
    HAL_RCC_ClockConfig                      0x08001c61   Thumb Code   420  stm32f7xx_hal_rcc.o(i.HAL_RCC_ClockConfig)
    HAL_RCC_GetHCLKFreq                      0x08001e15   Thumb Code     6  stm32f7xx_hal_rcc.o(i.HAL_RCC_GetHCLKFreq)
    HAL_RCC_GetPCLK1Freq                     0x08001e21   Thumb Code    36  stm32f7xx_hal_rcc.o(i.HAL_RCC_GetPCLK1Freq)
    HAL_RCC_GetPCLK2Freq                     0x08001e4d   Thumb Code    36  stm32f7xx_hal_rcc.o(i.HAL_RCC_GetPCLK2Freq)
    HAL_RCC_GetSysClockFreq                  0x08001e79   Thumb Code   168  stm32f7xx_hal_rcc.o(i.HAL_RCC_GetSysClockFreq)
    HAL_RCC_OscConfig                        0x08001f2d   Thumb Code  1228  stm32f7xx_hal_rcc_ex.o(i.HAL_RCC_OscConfig)
    HAL_SYSTICK_CLKSourceConfig              0x080023fd   Thumb Code    40  stm32f7xx_hal_cortex.o(i.HAL_SYSTICK_CLKSourceConfig)
    HAL_SYSTICK_Config                       0x08002425   Thumb Code    52  stm32f7xx_hal_cortex.o(i.HAL_SYSTICK_Config)
    HAL_UART_ErrorCallback                   0x08002459   Thumb Code     2  stm32f7xx_hal_uart.o(i.HAL_UART_ErrorCallback)
    HAL_UART_IRQHandler                      0x0800245d   Thumb Code   344  stm32f7xx_hal_uart.o(i.HAL_UART_IRQHandler)
    HAL_UART_Init                            0x080025b9   Thumb Code   120  stm32f7xx_hal_uart.o(i.HAL_UART_Init)
    HAL_UART_MspInit                         0x08002631   Thumb Code   438  uart.o(i.HAL_UART_MspInit)
    HAL_UART_Receive_IT                      0x080027f9   Thumb Code   200  stm32f7xx_hal_uart.o(i.HAL_UART_Receive_IT)
    HAL_UART_RxCpltCallback                  0x080028c1   Thumb Code   198  uart.o(i.HAL_UART_RxCpltCallback)
    HAL_UART_Transmit                        0x080029a9   Thumb Code   198  stm32f7xx_hal_uart.o(i.HAL_UART_Transmit)
    HAL_UART_TxCpltCallback                  0x08002a6f   Thumb Code     2  stm32f7xx_hal_uart.o(i.HAL_UART_TxCpltCallback)
    HardFault_Handler                        0x08002a71   Thumb Code     4  stm32f7xx_it.o(i.HardFault_Handler)
    InterFlash_EraseSector                   0x08002a85   Thumb Code    58  interflash_1.o(i.InterFlash_EraseSector)
    InterFlash_GetBankMode                   0x08002abf   Thumb Code    32  interflash_1.o(i.InterFlash_GetBankMode)
    InterFlash_Program                       0x08002adf   Thumb Code   206  interflash_1.o(i.InterFlash_Program)
    MPU_ConfigNOR                            0x08002bad   Thumb Code   128  my_norflash.o(i.MPU_ConfigNOR)
    MemManage_Handler                        0x08002c31   Thumb Code     4  stm32f7xx_it.o(i.MemManage_Handler)
    NMI_Handler                              0x08002c35   Thumb Code     2  stm32f7xx_it.o(i.NMI_Handler)
    ReceviceByte                             0x08002d4d   Thumb Code    46  uart.o(i.ReceviceByte)
    RefreshSysInfo                           0x08002e31   Thumb Code   172  system_info.o(i.RefreshSysInfo)
    RefreshSysInfoBackup                     0x08002ee5   Thumb Code   176  system_info.o(i.RefreshSysInfoBackup)
    RunAPP                                   0x08002f9d   Thumb Code    16  bootloader.o(i.RunAPP)
    SaveAppBackup                            0x08003049   Thumb Code     2  bootloader.o(i.SaveAppBackup)
    SaveSysInfo                              0x0800304d   Thumb Code   202  system_info.o(i.SaveSysInfo)
    SendString                               0x08003205   Thumb Code   100  uart.o(i.SendString)
    Stm32_Clock_Init                         0x08003295   Thumb Code   170  sys.o(i.Stm32_Clock_Init)
    SysTick_Handler                          0x08003349   Thumb Code    20  delay.o(i.SysTick_Handler)
    SystemInfoInit_BtLoader                  0x0800335d   Thumb Code   182  system_info.o(i.SystemInfoInit_BtLoader)
    SystemInit                               0x0800341d   Thumb Code    82  system_stm32f7xx.o(i.SystemInit)
    UART5_IRQHandler                         0x08003481   Thumb Code    30  stm32f7xx_it.o(i.UART5_IRQHandler)
    UART_AdvFeatureConfig                    0x080034a5   Thumb Code   234  stm32f7xx_hal_uart.o(i.UART_AdvFeatureConfig)
    UART_CheckIdleState                      0x0800358f   Thumb Code   116  stm32f7xx_hal_uart.o(i.UART_CheckIdleState)
    UART_SetConfig                           0x0800383d   Thumb Code   858  stm32f7xx_hal_uart.o(i.UART_SetConfig)
    UART_WaitOnFlagUntilTimeout              0x08003c33   Thumb Code   108  stm32f7xx_hal_uart.o(i.UART_WaitOnFlagUntilTimeout)
    USART1_IRQHandler                        0x08003ca1   Thumb Code    30  stm32f7xx_it.o(i.USART1_IRQHandler)
    USART2_IRQHandler                        0x08003cc5   Thumb Code    30  stm32f7xx_it.o(i.USART2_IRQHandler)
    UpdateCRC16                              0x08003ceb   Thumb Code    50  ymodem.o(i.UpdateCRC16)
    UsageFault_Handler                       0x08003d1d   Thumb Code     4  stm32f7xx_it.o(i.UsageFault_Handler)
    Ymodem_Receive                           0x08003d21   Thumb Code   418  ymodem.o(i.Ymodem_Receive)
    __0printf                                0x08003ec9   Thumb Code    22  printfa.o(i.__0printf)
    __1printf                                0x08003ec9   Thumb Code     0  printfa.o(i.__0printf)
    __2printf                                0x08003ec9   Thumb Code     0  printfa.o(i.__0printf)
    __c89printf                              0x08003ec9   Thumb Code     0  printfa.o(i.__0printf)
    printf                                   0x08003ec9   Thumb Code     0  printfa.o(i.__0printf)
    __0sprintf                               0x08003ee9   Thumb Code    34  printfa.o(i.__0sprintf)
    __1sprintf                               0x08003ee9   Thumb Code     0  printfa.o(i.__0sprintf)
    __2sprintf                               0x08003ee9   Thumb Code     0  printfa.o(i.__0sprintf)
    __c89sprintf                             0x08003ee9   Thumb Code     0  printfa.o(i.__0sprintf)
    sprintf                                  0x08003ee9   Thumb Code     0  printfa.o(i.__0sprintf)
    __ARM_fpclassify                         0x08003f11   Thumb Code    48  fpclassify.o(i.__ARM_fpclassify)
    __aeabi_errno_addr                       0x08003f41   Thumb Code     4  errno.o(i.__aeabi_errno_addr)
    __rt_errno_addr                          0x08003f41   Thumb Code     0  errno.o(i.__aeabi_errno_addr)
    __hardfp_pow                             0x08003f49   Thumb Code  2140  pow.o(i.__hardfp_pow)
    __kernel_poly                            0x08004841   Thumb Code   112  poly.o(i.__kernel_poly)
    __mathlib_dbl_divzero                    0x080048b1   Thumb Code    14  dunder.o(i.__mathlib_dbl_divzero)
    __mathlib_dbl_infnan2                    0x080048d1   Thumb Code     6  dunder.o(i.__mathlib_dbl_infnan2)
    __mathlib_dbl_invalid                    0x080048d9   Thumb Code    10  dunder.o(i.__mathlib_dbl_invalid)
    __mathlib_dbl_overflow                   0x080048f1   Thumb Code    10  dunder.o(i.__mathlib_dbl_overflow)
    __mathlib_dbl_underflow                  0x08004909   Thumb Code    10  dunder.o(i.__mathlib_dbl_underflow)
    __scatterload_copy                       0x08004921   Thumb Code    14  handlers.o(i.__scatterload_copy)
    __scatterload_null                       0x0800492f   Thumb Code     2  handlers.o(i.__scatterload_null)
    __scatterload_zeroinit                   0x08004931   Thumb Code    14  handlers.o(i.__scatterload_zeroinit)
    __set_errno                              0x08004949   Thumb Code     6  errno.o(i.__set_errno)
    delay_init                               0x08005211   Thumb Code    58  delay.o(i.delay_init)
    delay_ms                                 0x08005255   Thumb Code    60  delay.o(i.delay_ms)
    delay_us                                 0x08005295   Thumb Code    68  delay.o(i.delay_us)
    fabs                                     0x080052dd   Thumb Code    24  fabs.o(i.fabs)
    fputc                                    0x080052f5   Thumb Code    18  fputc.o(i.fputc)
    free                                     0x08005309   Thumb Code    76  malloc.o(i.free)
    main                                     0x08005359   Thumb Code   126  main.o(i.main)
    malloc                                   0x08005401   Thumb Code    92  malloc.o(i.malloc)
    pGetAppBin                               0x0800546d   Thumb Code    74  bootloader.o(i.pGetAppBin)
    print_null                               0x080054d5   Thumb Code     2  uart.o(i.print_null)
    pvPortMalloc                             0x08005fd5   Thumb Code   262  heap_4.o(i.pvPortMalloc)
    pvTaskIncrementMutexHeldCount            0x08006129   Thumb Code    26  tasks.o(i.pvTaskIncrementMutexHeldCount)
    pxPortInitialiseStack                    0x08006149   Thumb Code    38  port.o(i.pxPortInitialiseStack)
    sqrt                                     0x08006175   Thumb Code   106  sqrt.o(i.sqrt)
    start_task                               0x080061e1   Thumb Code    26  main.o(i.start_task)
    str_esc                                  0x08006201   Thumb Code    98  ble_update.o(i.str_esc)
    uxListRemove                             0x08006263   Thumb Code    40  list.o(i.uxListRemove)
    vListInitialise                          0x0800628b   Thumb Code    26  list.o(i.vListInitialise)
    vListInitialiseItem                      0x080062a5   Thumb Code     6  list.o(i.vListInitialiseItem)
    vListInsert                              0x080062ab   Thumb Code    52  list.o(i.vListInsert)
    vListInsertEnd                           0x080062df   Thumb Code    24  list.o(i.vListInsertEnd)
    vPortEnterCritical                       0x080062f9   Thumb Code    72  port.o(i.vPortEnterCritical)
    vPortExitCritical                        0x08006385   Thumb Code    48  port.o(i.vPortExitCritical)
    vPortFree                                0x080063f5   Thumb Code   120  heap_4.o(i.vPortFree)
    vPortSetupTimerInterrupt                 0x080064ad   Thumb Code    26  port.o(i.vPortSetupTimerInterrupt)
    vPortValidateInterruptPriority           0x080064cd   Thumb Code    86  port.o(i.vPortValidateInterruptPriority)
    vQueueAddToRegistry                      0x0800656d   Thumb Code    38  queue.o(i.vQueueAddToRegistry)
    vQueueWaitForMessageRestricted           0x08006599   Thumb Code    74  queue.o(i.vQueueWaitForMessageRestricted)
    vTaskDelay                               0x080065e5   Thumb Code    72  tasks.o(i.vTaskDelay)
    vTaskDelete                              0x08006659   Thumb Code   192  tasks.o(i.vTaskDelete)
    vTaskMissedYield                         0x08006765   Thumb Code     8  tasks.o(i.vTaskMissedYield)
    vTaskPlaceOnEventList                    0x08006771   Thumb Code    42  tasks.o(i.vTaskPlaceOnEventList)
    vTaskPlaceOnEventListRestricted          0x080067c5   Thumb Code    50  tasks.o(i.vTaskPlaceOnEventListRestricted)
    vTaskPriorityInherit                     0x08006821   Thumb Code   164  tasks.o(i.vTaskPriorityInherit)
    vTaskSetTimeOutState                     0x080068d1   Thumb Code    32  tasks.o(i.vTaskSetTimeOutState)
    vTaskStartScheduler                      0x0800691d   Thumb Code   112  tasks.o(i.vTaskStartScheduler)
    vTaskSuspendAll                          0x080069cd   Thumb Code    12  tasks.o(i.vTaskSuspendAll)
    vTaskSwitchContext                       0x080069dd   Thumb Code   110  tasks.o(i.vTaskSwitchContext)
    xPortStartScheduler                      0x08006a85   Thumb Code   258  port.o(i.xPortStartScheduler)
    xPortSysTickHandler                      0x08006be1   Thumb Code    50  port.o(i.xPortSysTickHandler)
    xQueueGenericCreate                      0x08006c19   Thumb Code    78  queue.o(i.xQueueGenericCreate)
    xQueueGenericReceive                     0x08006c8d   Thumb Code   416  queue.o(i.xQueueGenericReceive)
    xQueueGenericReset                       0x08006e55   Thumb Code   136  queue.o(i.xQueueGenericReset)
    xQueueGenericSend                        0x08006f05   Thumb Code   412  queue.o(i.xQueueGenericSend)
    xQueueGenericSendFromISR                 0x080070c9   Thumb Code   238  queue.o(i.xQueueGenericSendFromISR)
    xTaskCheckForTimeOut                     0x080071dd   Thumb Code   116  tasks.o(i.xTaskCheckForTimeOut)
    xTaskCreate                              0x0800727d   Thumb Code    96  tasks.o(i.xTaskCreate)
    xTaskGetSchedulerState                   0x080072dd   Thumb Code    24  tasks.o(i.xTaskGetSchedulerState)
    xTaskGetTickCount                        0x080072fd   Thumb Code     6  tasks.o(i.xTaskGetTickCount)
    xTaskIncrementTick                       0x08007309   Thumb Code   272  tasks.o(i.xTaskIncrementTick)
    xTaskPriorityDisinherit                  0x08007469   Thumb Code   168  tasks.o(i.xTaskPriorityDisinherit)
    xTaskRemoveFromEventList                 0x08007541   Thumb Code   118  tasks.o(i.xTaskRemoveFromEventList)
    xTaskResumeAll                           0x080075f5   Thumb Code   214  tasks.o(i.xTaskResumeAll)
    xTimerCreateTimerTask                    0x08007715   Thumb Code    56  timers.o(i.xTimerCreateTimerTask)
    xTimerGenericCommand                     0x08007789   Thumb Code   118  timers.o(i.xTimerGenericCommand)
    AHBPrescTable                            0x0800782c   Data          16  system_stm32f7xx.o(.constdata)
    APBPrescTable                            0x0800783c   Data           8  system_stm32f7xx.o(.constdata)
    cgcFlashSector_K                         0x08007844   Data          48  interflash_1.o(.constdata)
    __mathlib_zero                           0x08007900   Data           8  qnan.o(.constdata)
    __ctype_table                            0x08007908   Data         129  ctype_o.o(.constdata)
    Region$$Table$$Base                      0x080079e8   Number         0  anon$$obj.o(Region$$Table)
    Region$$Table$$Limit                     0x08007a08   Number         0  anon$$obj.o(Region$$Table)
    StartTask_Handler                        0x20020000   Data           4  main.o(.data)
    buf                                      0x20020004   Data        1024  main.o(.data)
    SystemCoreClock                          0x20020404   Data           4  system_stm32f7xx.o(.data)
    uwTick                                   0x20020408   Data           4  stm32f7xx_hal.o(.data)
    pxCurrentTCB                             0x20020418   Data           4  tasks.o(.data)
    BleTask_Handler                          0x20020494   Data           4  ble_update.o(.data)
    gstSystemInfo                            0x20020498   Data          36  system_info.o(.data)
    __stdout                                 0x200204bc   Data           4  stdout.o(.data)
    __microlib_freelist                      0x200204c0   Data           4  mvars.o(.data)
    __microlib_freelist_initialised          0x200204c4   Data           4  mvars.o(.data)
    gucAppBuf                                0x200204cc   Data       153600  main.o(.bss)
    pFlash                                   0x20045ccc   Data          28  stm32f7xx_hal_flash.o(.bss)
    xQueueRegistry                           0x20045ce8   Data          64  queue.o(.bss)
    gstRxCtrl                                0x20051834   Data          40  uart.o(.bss)
    gstUart1                                 0x2005185c   Data        1156  uart.o(.bss)
    gstUart2                                 0x20051ce0   Data        1156  uart.o(.bss)
    gstUart5                                 0x20052164   Data        1156  uart.o(.bss)
    file_name                                0x200525e8   Data         256  ymodem.o(.bss)
    gstBleData                               0x200526e8   Data        1028  ble_update.o(.bss)
    gstUpdate                                0x20052aec   Data         156  bootloader.o(.bss)
    __heap_base                              0x20052b88   Data           0  startup_stm32f769xx.o(HEAP)
    __heap_limit                             0x2005ab88   Data           0  startup_stm32f769xx.o(HEAP)
    __initial_sp                             0x20062b88   Data           0  startup_stm32f769xx.o(STACK)



==============================================================================

Memory Map of the image

  Image Entry point : 0x080001f9

  Load Region LR_IROM1 (Base: 0x08000000, Size: 0x00007ed4, Max: 0x00020000, ABSOLUTE, COMPRESSED[0x00007a2c])

    Execution Region ER_IROM1 (Exec base: 0x08000000, Load base: 0x08000000, Size: 0x00007a08, Max: 0x00020000, ABSOLUTE)

    Exec Addr    Load Addr    Size         Type   Attr      Idx    E Section Name        Object

    0x08000000   0x08000000   0x000001f8   Data   RO          600    RESET               startup_stm32f769xx.o
    0x080001f8   0x080001f8   0x00000000   Code   RO         5864  * .ARM.Collect$$$$00000000  mc_w.l(entry.o)
    0x080001f8   0x080001f8   0x00000004   Code   RO         6211    .ARM.Collect$$$$00000001  mc_w.l(entry2.o)
    0x080001fc   0x080001fc   0x00000004   Code   RO         6214    .ARM.Collect$$$$00000004  mc_w.l(entry5.o)
    0x08000200   0x08000200   0x00000000   Code   RO         6216    .ARM.Collect$$$$00000008  mc_w.l(entry7b.o)
    0x08000200   0x08000200   0x00000000   Code   RO         6218    .ARM.Collect$$$$0000000A  mc_w.l(entry8b.o)
    0x08000200   0x08000200   0x00000008   Code   RO         6219    .ARM.Collect$$$$0000000B  mc_w.l(entry9a.o)
    0x08000208   0x08000208   0x00000000   Code   RO         6221    .ARM.Collect$$$$0000000D  mc_w.l(entry10a.o)
    0x08000208   0x08000208   0x00000000   Code   RO         6223    .ARM.Collect$$$$0000000F  mc_w.l(entry11a.o)
    0x08000208   0x08000208   0x00000004   Code   RO         6212    .ARM.Collect$$$$00002712  mc_w.l(entry2.o)
    0x0800020c   0x0800020c   0x000000b6   Code   RO         4524    .emb_text           port.o
    0x080002c2   0x080002c2   0x00000002   PAD
    0x080002c4   0x080002c4   0x00000024   Code   RO          601    .text               startup_stm32f769xx.o
    0x080002e8   0x080002e8   0x00000024   Code   RO         5867    .text               mc_w.l(memcpya.o)
    0x0800030c   0x0800030c   0x00000024   Code   RO         5869    .text               mc_w.l(memseta.o)
    0x08000330   0x08000330   0x00000018   Code   RO         5871    .text               mc_w.l(strcat.o)
    0x08000348   0x08000348   0x0000000e   Code   RO         5873    .text               mc_w.l(strlen.o)
    0x08000356   0x08000356   0x0000001a   Code   RO         5877    .text               mc_w.l(memcmp.o)
    0x08000370   0x08000370   0x00000012   Code   RO         5879    .text               mc_w.l(strcpy.o)
    0x08000382   0x08000382   0x0000001a   Code   RO         6172    .text               mc_w.l(atoi.o)
    0x0800039c   0x0800039c   0x0000002c   Code   RO         6228    .text               mc_w.l(uidiv.o)
    0x080003c8   0x080003c8   0x00000062   Code   RO         6230    .text               mc_w.l(uldiv.o)
    0x0800042a   0x0800042a   0x00000070   Code   RO         6241    .text               mc_w.l(strtol.o)
    0x0800049a   0x0800049a   0x00000000   Code   RO         6243    .text               mc_w.l(iusefp.o)
    0x0800049a   0x0800049a   0x0000014e   Code   RO         6244    .text               mf_w.l(dadd.o)
    0x080005e8   0x080005e8   0x000000e4   Code   RO         6246    .text               mf_w.l(dmul.o)
    0x080006cc   0x080006cc   0x000000de   Code   RO         6248    .text               mf_w.l(ddiv.o)
    0x080007aa   0x080007aa   0x0000002e   Code   RO         6250    .text               mf_w.l(dscalb.o)
    0x080007d8   0x080007d8   0x00000030   Code   RO         6252    .text               mf_w.l(dfixul.o)
    0x08000808   0x08000808   0x00000030   Code   RO         6254    .text               mf_w.l(cdrcmple.o)
    0x08000838   0x08000838   0x00000024   Code   RO         6256    .text               mc_w.l(init.o)
    0x0800085c   0x0800085c   0x00000000   Code   RO         6258    .text               mc_w.l(semi.o)
    0x0800085c   0x0800085c   0x0000001e   Code   RO         6259    .text               mc_w.l(llshl.o)
    0x0800087a   0x0800087a   0x00000020   Code   RO         6261    .text               mc_w.l(llushr.o)
    0x0800089a   0x0800089a   0x00000024   Code   RO         6263    .text               mc_w.l(llsshr.o)
    0x080008be   0x080008be   0x00000002   PAD
    0x080008c0   0x080008c0   0x00000008   Code   RO         6265    .text               mc_w.l(ctype_o.o)
    0x080008c8   0x080008c8   0x0000009e   Code   RO         6293    .text               mc_w.l(_strtoul.o)
    0x08000966   0x08000966   0x00000000   Code   RO         6295    .text               mc_w.l(iusesemip.o)
    0x08000966   0x08000966   0x000000ba   Code   RO         6296    .text               mf_w.l(depilogue.o)
    0x08000a20   0x08000a20   0x0000001c   Code   RO         6298    .text               mc_w.l(_chval.o)
    0x08000a3c   0x08000a3c   0x0000003a   Code   RO         6308    .text               mc_w.l(__dczerorl.o)
    0x08000a76   0x08000a76   0x00000002   PAD
    0x08000a78   0x08000a78   0x00000084   Code   RO         4749    i.BSP_NOR_Init      my_norflash.o
    0x08000afc   0x08000afc   0x00000120   Code   RO         4750    i.BSP_NOR_MspInit   my_norflash.o
    0x08000c1c   0x08000c1c   0x00000038   Code   RO         5527    i.BleAnalysisData   ble_update.o
    0x08000c54   0x08000c54   0x0000007c   Code   RO         5528    i.BleAnalysisFireInfo  ble_update.o
    0x08000cd0   0x08000cd0   0x00000068   Code   RO         5530    i.BleGetFireInfo    ble_update.o
    0x08000d38   0x08000d38   0x000000b0   Code   RO         5533    i.BleSend2Phone     ble_update.o
    0x08000de8   0x08000de8   0x00000084   Code   RO         5534    i.BleTask           ble_update.o
    0x08000e6c   0x08000e6c   0x00000034   Code   RO         5535    i.BleUartInit       ble_update.o
    0x08000ea0   0x08000ea0   0x00000160   Code   RO         5536    i.BleUpdateApp      ble_update.o
    0x08001000   0x08001000   0x00000004   Code   RO          359    i.BusFault_Handler  stm32f7xx_it.o
    0x08001004   0x08001004   0x00000078   Code   RO         3517    i.Cache_Enable      sys.o
    0x0800107c   0x0800107c   0x00000034   Code   RO         5434    i.Cal_CRC16         ymodem.o
    0x080010b0   0x080010b0   0x00000016   Code   RO         5626    i.CheckAppBin       bootloader.o
    0x080010c6   0x080010c6   0x00000002   PAD
    0x080010c8   0x080010c8   0x00000054   Code   RO         5627    i.CheckUpdateStatus  bootloader.o
    0x0800111c   0x0800111c   0x00000030   Code   RO         5538    i.CreateBleTask     ble_update.o
    0x0800114c   0x0800114c   0x00000002   Code   RO          360    i.DebugMon_Handler  stm32f7xx_it.o
    0x0800114e   0x0800114e   0x00000002   PAD
    0x08001150   0x08001150   0x00000010   Code   RO         5714    i.EraseSysInfoBlock  system_info.o
    0x08001160   0x08001160   0x0000007c   Code   RO         3239    i.FLASH_Erase_Sector  stm32f7xx_hal_flash_ex.o
    0x080011dc   0x080011dc   0x00000064   Code   RO         3240    i.FLASH_MassErase   stm32f7xx_hal_flash_ex.o
    0x08001240   0x08001240   0x00000010   Code   RO         3245    i.FLASH_OB_GetBOR   stm32f7xx_hal_flash_ex.o
    0x08001250   0x08001250   0x0000001c   Code   RO         3246    i.FLASH_OB_GetBootAddress  stm32f7xx_hal_flash_ex.o
    0x0800126c   0x0800126c   0x00000020   Code   RO         3247    i.FLASH_OB_GetRDP   stm32f7xx_hal_flash_ex.o
    0x0800128c   0x0800128c   0x00000014   Code   RO         3248    i.FLASH_OB_GetUser  stm32f7xx_hal_flash_ex.o
    0x080012a0   0x080012a0   0x00000014   Code   RO         3249    i.FLASH_OB_GetWRP   stm32f7xx_hal_flash_ex.o
    0x080012b4   0x080012b4   0x00000034   Code   RO         3348    i.FLASH_Program_Byte  stm32f7xx_hal_flash.o
    0x080012e8   0x080012e8   0x0000003c   Code   RO         3349    i.FLASH_Program_DoubleWord  stm32f7xx_hal_flash.o
    0x08001324   0x08001324   0x00000038   Code   RO         3350    i.FLASH_Program_HalfWord  stm32f7xx_hal_flash.o
    0x0800135c   0x0800135c   0x00000038   Code   RO         3351    i.FLASH_Program_Word  stm32f7xx_hal_flash.o
    0x08001394   0x08001394   0x00000078   Code   RO         3352    i.FLASH_SetErrorCode  stm32f7xx_hal_flash.o
    0x0800140c   0x0800140c   0x00000054   Code   RO         3353    i.FLASH_WaitForLastOperation  stm32f7xx_hal_flash.o
    0x08001460   0x08001460   0x00000048   Code   RO         2660    i.FMC_NORSRAM_Extended_Timing_Init  stm32f7xx_ll_fmc.o
    0x080014a8   0x080014a8   0x00000080   Code   RO         2661    i.FMC_NORSRAM_Init  stm32f7xx_ll_fmc.o
    0x08001528   0x08001528   0x0000005e   Code   RO         2662    i.FMC_NORSRAM_Timing_Init  stm32f7xx_ll_fmc.o
    0x08001586   0x08001586   0x00000002   PAD
    0x08001588   0x08001588   0x00000044   Code   RO         5373    i.GetSectorAddr     interflash_1.o
    0x080015cc   0x080015cc   0x00000028   Code   RO         1869    i.HAL_DMA_Abort_IT  stm32f7xx_hal_dma.o
    0x080015f4   0x080015f4   0x000000ac   Code   RO         3252    i.HAL_FLASHEx_Erase  stm32f7xx_hal_flash_ex.o
    0x080016a0   0x080016a0   0x00000032   Code   RO         3254    i.HAL_FLASHEx_OBGetConfig  stm32f7xx_hal_flash_ex.o
    0x080016d2   0x080016d2   0x00000002   PAD
    0x080016d4   0x080016d4   0x00000014   Code   RO         3357    i.HAL_FLASH_Lock    stm32f7xx_hal_flash.o
    0x080016e8   0x080016e8   0x000000a4   Code   RO         3362    i.HAL_FLASH_Program  stm32f7xx_hal_flash.o
    0x0800178c   0x0800178c   0x0000002c   Code   RO         3364    i.HAL_FLASH_Unlock  stm32f7xx_hal_flash.o
    0x080017b8   0x080017b8   0x00000218   Code   RO          910    i.HAL_GPIO_Init     stm32f7xx_hal_gpio.o
    0x080019d0   0x080019d0   0x0000000c   Code   RO          625    i.HAL_GetTick       stm32f7xx_hal.o
    0x080019dc   0x080019dc   0x00000010   Code   RO          626    i.HAL_IncTick       stm32f7xx_hal.o
    0x080019ec   0x080019ec   0x00000028   Code   RO          627    i.HAL_Init          stm32f7xx_hal.o
    0x08001a14   0x08001a14   0x00000028   Code   RO          628    i.HAL_InitTick      stm32f7xx_hal.o
    0x08001a3c   0x08001a3c   0x0000005c   Code   RO          779    i.HAL_MPU_ConfigRegion  stm32f7xx_hal_cortex.o
    0x08001a98   0x08001a98   0x00000002   Code   RO          630    i.HAL_MspInit       stm32f7xx_hal.o
    0x08001a9a   0x08001a9a   0x00000002   PAD
    0x08001a9c   0x08001a9c   0x00000074   Code   RO         3116    i.HAL_NOR_Init      stm32f7xx_hal_nor.o
    0x08001b10   0x08001b10   0x00000002   Code   RO         3118    i.HAL_NOR_MspInit   stm32f7xx_hal_nor.o
    0x08001b12   0x08001b12   0x0000001a   Code   RO          782    i.HAL_NVIC_EnableIRQ  stm32f7xx_hal_cortex.o
    0x08001b2c   0x08001b2c   0x0000007c   Code   RO          788    i.HAL_NVIC_SetPriority  stm32f7xx_hal_cortex.o
    0x08001ba8   0x08001ba8   0x00000028   Code   RO          789    i.HAL_NVIC_SetPriorityGrouping  stm32f7xx_hal_cortex.o
    0x08001bd0   0x08001bd0   0x00000090   Code   RO         1103    i.HAL_PWREx_EnableOverDrive  stm32f7xx_hal_pwr_ex.o
    0x08001c60   0x08001c60   0x000001b4   Code   RO         1190    i.HAL_RCC_ClockConfig  stm32f7xx_hal_rcc.o
    0x08001e14   0x08001e14   0x0000000c   Code   RO         1195    i.HAL_RCC_GetHCLKFreq  stm32f7xx_hal_rcc.o
    0x08001e20   0x08001e20   0x0000002c   Code   RO         1197    i.HAL_RCC_GetPCLK1Freq  stm32f7xx_hal_rcc.o
    0x08001e4c   0x08001e4c   0x0000002c   Code   RO         1198    i.HAL_RCC_GetPCLK2Freq  stm32f7xx_hal_rcc.o
    0x08001e78   0x08001e78   0x000000b4   Code   RO         1199    i.HAL_RCC_GetSysClockFreq  stm32f7xx_hal_rcc.o
    0x08001f2c   0x08001f2c   0x000004d0   Code   RO         1294    i.HAL_RCC_OscConfig  stm32f7xx_hal_rcc_ex.o
    0x080023fc   0x080023fc   0x00000028   Code   RO          791    i.HAL_SYSTICK_CLKSourceConfig  stm32f7xx_hal_cortex.o
    0x08002424   0x08002424   0x00000034   Code   RO          793    i.HAL_SYSTICK_Config  stm32f7xx_hal_cortex.o
    0x08002458   0x08002458   0x00000002   Code   RO         1348    i.HAL_UART_ErrorCallback  stm32f7xx_hal_uart.o
    0x0800245a   0x0800245a   0x00000002   PAD
    0x0800245c   0x0800245c   0x0000015c   Code   RO         1351    i.HAL_UART_IRQHandler  stm32f7xx_hal_uart.o
    0x080025b8   0x080025b8   0x00000078   Code   RO         1352    i.HAL_UART_Init     stm32f7xx_hal_uart.o
    0x08002630   0x08002630   0x000001c8   Code   RO         4674    i.HAL_UART_MspInit  uart.o
    0x080027f8   0x080027f8   0x000000c8   Code   RO         1357    i.HAL_UART_Receive_IT  stm32f7xx_hal_uart.o
    0x080028c0   0x080028c0   0x000000e8   Code   RO         4675    i.HAL_UART_RxCpltCallback  uart.o
    0x080029a8   0x080029a8   0x000000c6   Code   RO         1360    i.HAL_UART_Transmit  stm32f7xx_hal_uart.o
    0x08002a6e   0x08002a6e   0x00000002   Code   RO         1363    i.HAL_UART_TxCpltCallback  stm32f7xx_hal_uart.o
    0x08002a70   0x08002a70   0x00000004   Code   RO          361    i.HardFault_Handler  stm32f7xx_it.o
    0x08002a74   0x08002a74   0x00000010   Code   RO         4758    i.Initialize        my_norflash.o
    0x08002a84   0x08002a84   0x0000003a   Code   RO         5374    i.InterFlash_EraseSector  interflash_1.o
    0x08002abe   0x08002abe   0x00000020   Code   RO         5375    i.InterFlash_GetBankMode  interflash_1.o
    0x08002ade   0x08002ade   0x000000ce   Code   RO         5376    i.InterFlash_Program  interflash_1.o
    0x08002bac   0x08002bac   0x00000084   Code   RO         4759    i.MPU_ConfigNOR     my_norflash.o
    0x08002c30   0x08002c30   0x00000004   Code   RO          362    i.MemManage_Handler  stm32f7xx_it.o
    0x08002c34   0x08002c34   0x00000002   Code   RO          363    i.NMI_Handler       stm32f7xx_it.o
    0x08002c36   0x08002c36   0x00000002   PAD
    0x08002c38   0x08002c38   0x00000010   Code   RO          795    i.NVIC_GetPriorityGrouping  stm32f7xx_hal_cortex.o
    0x08002c48   0x08002c48   0x00000028   Code   RO          796    i.NVIC_SetPriority  stm32f7xx_hal_cortex.o
    0x08002c70   0x08002c70   0x00000020   Code   RO         5435    i.Receive_Byte      ymodem.o
    0x08002c90   0x08002c90   0x000000bc   Code   RO         5436    i.Receive_Packet    ymodem.o
    0x08002d4c   0x08002d4c   0x0000002e   Code   RO         4676    i.ReceviceByte      uart.o
    0x08002d7a   0x08002d7a   0x00000002   PAD
    0x08002d7c   0x08002d7c   0x000000b4   Code   RO         5715    i.RefreshCurrentRam  system_info.o
    0x08002e30   0x08002e30   0x000000b4   Code   RO         5716    i.RefreshSysInfo    system_info.o
    0x08002ee4   0x08002ee4   0x000000b8   Code   RO         5717    i.RefreshSysInfoBackup  system_info.o
    0x08002f9c   0x08002f9c   0x00000010   Code   RO         5628    i.RunAPP            bootloader.o
    0x08002fac   0x08002fac   0x0000009c   Code   RO         3518    i.SCB_EnableDCache  sys.o
    0x08003048   0x08003048   0x00000002   Code   RO         5629    i.SaveAppBackup     bootloader.o
    0x0800304a   0x0800304a   0x00000002   PAD
    0x0800304c   0x0800304c   0x000000d4   Code   RO         5718    i.SaveSysInfo       system_info.o
    0x08003120   0x08003120   0x000000e4   Code   RO         5719    i.SaveSysInfoBackup  system_info.o
    0x08003204   0x08003204   0x00000074   Code   RO         4677    i.SendString        uart.o
    0x08003278   0x08003278   0x0000001c   Code   RO         5437    i.Send_Byte         ymodem.o
    0x08003294   0x08003294   0x000000b4   Code   RO         3519    i.Stm32_Clock_Init  sys.o
    0x08003348   0x08003348   0x00000014   Code   RO         3466    i.SysTick_Handler   delay.o
    0x0800335c   0x0800335c   0x000000c0   Code   RO         5721    i.SystemInfoInit_BtLoader  system_info.o
    0x0800341c   0x0800341c   0x00000064   Code   RO          441    i.SystemInit        system_stm32f7xx.o
    0x08003480   0x08003480   0x00000024   Code   RO          364    i.UART5_IRQHandler  stm32f7xx_it.o
    0x080034a4   0x080034a4   0x000000ea   Code   RO         1365    i.UART_AdvFeatureConfig  stm32f7xx_hal_uart.o
    0x0800358e   0x0800358e   0x00000074   Code   RO         1366    i.UART_CheckIdleState  stm32f7xx_hal_uart.o
    0x08003602   0x08003602   0x00000018   Code   RO         1367    i.UART_DMAAbortOnError  stm32f7xx_hal_uart.o
    0x0800361a   0x0800361a   0x00000020   Code   RO         1373    i.UART_EndRxTransfer  stm32f7xx_hal_uart.o
    0x0800363a   0x0800363a   0x00000020   Code   RO         1374    i.UART_EndTransmit_IT  stm32f7xx_hal_uart.o
    0x0800365a   0x0800365a   0x00000002   PAD
    0x0800365c   0x0800365c   0x00000158   Code   RO         4679    i.UART_ReceiveCallback  uart.o
    0x080037b4   0x080037b4   0x00000088   Code   RO         1376    i.UART_Receive_IT   stm32f7xx_hal_uart.o
    0x0800383c   0x0800383c   0x0000038c   Code   RO         1377    i.UART_SetConfig    stm32f7xx_hal_uart.o
    0x08003bc8   0x08003bc8   0x0000006a   Code   RO         1378    i.UART_Transmit_IT  stm32f7xx_hal_uart.o
    0x08003c32   0x08003c32   0x0000006c   Code   RO         1379    i.UART_WaitOnFlagUntilTimeout  stm32f7xx_hal_uart.o
    0x08003c9e   0x08003c9e   0x00000002   PAD
    0x08003ca0   0x08003ca0   0x00000024   Code   RO          365    i.USART1_IRQHandler  stm32f7xx_it.o
    0x08003cc4   0x08003cc4   0x00000024   Code   RO          366    i.USART2_IRQHandler  stm32f7xx_it.o
    0x08003ce8   0x08003ce8   0x00000002   Code   RO         5630    i.UpadateError      bootloader.o
    0x08003cea   0x08003cea   0x00000032   Code   RO         5438    i.UpdateCRC16       ymodem.o
    0x08003d1c   0x08003d1c   0x00000004   Code   RO          367    i.UsageFault_Handler  stm32f7xx_it.o
    0x08003d20   0x08003d20   0x000001a8   Code   RO         5442    i.Ymodem_Receive    ymodem.o
    0x08003ec8   0x08003ec8   0x00000020   Code   RO         6116    i.__0printf         mc_w.l(printfa.o)
    0x08003ee8   0x08003ee8   0x00000028   Code   RO         6118    i.__0sprintf        mc_w.l(printfa.o)
    0x08003f10   0x08003f10   0x00000030   Code   RO         6194    i.__ARM_fpclassify  m_wv.l(fpclassify.o)
    0x08003f40   0x08003f40   0x00000008   Code   RO         6234    i.__aeabi_errno_addr  mc_w.l(errno.o)
    0x08003f48   0x08003f48   0x000008f8   Code   RO         5850    i.__hardfp_pow      m_wv.l(pow.o)
    0x08004840   0x08004840   0x00000070   Code   RO         6196    i.__kernel_poly     m_wv.l(poly.o)
    0x080048b0   0x080048b0   0x00000020   Code   RO         6174    i.__mathlib_dbl_divzero  m_wv.l(dunder.o)
    0x080048d0   0x080048d0   0x00000006   Code   RO         6176    i.__mathlib_dbl_infnan2  m_wv.l(dunder.o)
    0x080048d6   0x080048d6   0x00000002   PAD
    0x080048d8   0x080048d8   0x00000018   Code   RO         6177    i.__mathlib_dbl_invalid  m_wv.l(dunder.o)
    0x080048f0   0x080048f0   0x00000018   Code   RO         6178    i.__mathlib_dbl_overflow  m_wv.l(dunder.o)
    0x08004908   0x08004908   0x00000018   Code   RO         6180    i.__mathlib_dbl_underflow  m_wv.l(dunder.o)
    0x08004920   0x08004920   0x0000000e   Code   RO         6302    i.__scatterload_copy  mc_w.l(handlers.o)
    0x0800492e   0x0800492e   0x00000002   Code   RO         6303    i.__scatterload_null  mc_w.l(handlers.o)
    0x08004930   0x08004930   0x0000000e   Code   RO         6304    i.__scatterload_zeroinit  mc_w.l(handlers.o)
    0x0800493e   0x0800493e   0x0000000a   Code   RO         5632    i.__set_FAULTMASK   bootloader.o
    0x08004948   0x08004948   0x0000000c   Code   RO         6236    i.__set_errno       mc_w.l(errno.o)
    0x08004954   0x08004954   0x00000184   Code   RO         6123    i._fp_digits        mc_w.l(printfa.o)
    0x08004ad8   0x08004ad8   0x000006dc   Code   RO         6124    i._printf_core      mc_w.l(printfa.o)
    0x080051b4   0x080051b4   0x00000024   Code   RO         6125    i._printf_post_padding  mc_w.l(printfa.o)
    0x080051d8   0x080051d8   0x0000002e   Code   RO         6126    i._printf_pre_padding  mc_w.l(printfa.o)
    0x08005206   0x08005206   0x0000000a   Code   RO         6128    i._sputc            mc_w.l(printfa.o)
    0x08005210   0x08005210   0x00000044   Code   RO         3467    i.delay_init        delay.o
    0x08005254   0x08005254   0x00000040   Code   RO         3468    i.delay_ms          delay.o
    0x08005294   0x08005294   0x00000048   Code   RO         3469    i.delay_us          delay.o
    0x080052dc   0x080052dc   0x00000018   Code   RO         6190    i.fabs              m_wv.l(fabs.o)
    0x080052f4   0x080052f4   0x00000012   Code   RO         6225    i.fputc             mc_w.l(fputc.o)
    0x08005306   0x08005306   0x00000002   PAD
    0x08005308   0x08005308   0x00000050   Code   RO         6144    i.free              mc_w.l(malloc.o)
    0x08005358   0x08005358   0x000000a8   Code   RO            4    i.main              main.o
    0x08005400   0x08005400   0x0000006c   Code   RO         6145    i.malloc            mc_w.l(malloc.o)
    0x0800546c   0x0800546c   0x00000068   Code   RO         5635    i.pGetAppBin        bootloader.o
    0x080054d4   0x080054d4   0x00000002   Code   RO         4680    i.print_null        uart.o
    0x080054d6   0x080054d6   0x00000002   PAD
    0x080054d8   0x080054d8   0x00000098   Code   RO         4010    i.prvAddCurrentTaskToDelayedList  tasks.o
    0x08005570   0x08005570   0x000000b8   Code   RO         4011    i.prvAddNewTaskToReadyList  tasks.o
    0x08005628   0x08005628   0x00000064   Code   RO         4382    i.prvCheckForValidListAndQueue  timers.o
    0x0800568c   0x0800568c   0x00000064   Code   RO         4012    i.prvCheckTasksWaitingTermination  tasks.o
    0x080056f0   0x080056f0   0x0000002a   Code   RO         3765    i.prvCopyDataFromQueue  queue.o
    0x0800571a   0x0800571a   0x0000007c   Code   RO         3766    i.prvCopyDataToQueue  queue.o
    0x08005796   0x08005796   0x00000012   Code   RO         4013    i.prvDeleteTCB      tasks.o
    0x080057a8   0x080057a8   0x00000028   Code   RO         4383    i.prvGetNextExpireTime  timers.o
    0x080057d0   0x080057d0   0x0000007c   Code   RO         4613    i.prvHeapInit       heap_4.o
    0x0800584c   0x0800584c   0x00000028   Code   RO         4014    i.prvIdleTask       tasks.o
    0x08005874   0x08005874   0x0000002e   Code   RO         3768    i.prvInitialiseNewQueue  queue.o
    0x080058a2   0x080058a2   0x00000002   PAD
    0x080058a4   0x080058a4   0x000000d0   Code   RO         4015    i.prvInitialiseNewTask  tasks.o
    0x08005974   0x08005974   0x00000068   Code   RO         4016    i.prvInitialiseTaskLists  tasks.o
    0x080059dc   0x080059dc   0x00000068   Code   RO         4614    i.prvInsertBlockIntoFreeList  heap_4.o
    0x08005a44   0x08005a44   0x00000058   Code   RO         4385    i.prvInsertTimerInActiveList  timers.o
    0x08005a9c   0x08005a9c   0x0000001a   Code   RO         3769    i.prvIsQueueEmpty   queue.o
    0x08005ab6   0x08005ab6   0x0000001e   Code   RO         3770    i.prvIsQueueFull    queue.o
    0x08005ad4   0x08005ad4   0x000000a0   Code   RO         3771    i.prvNotifyQueueSetContainer  queue.o
    0x08005b74   0x08005b74   0x00000080   Code   RO         4386    i.prvProcessExpiredTimer  timers.o
    0x08005bf4   0x08005bf4   0x0000012c   Code   RO         4387    i.prvProcessReceivedCommands  timers.o
    0x08005d20   0x08005d20   0x00000074   Code   RO         4388    i.prvProcessTimerOrBlockTask  timers.o
    0x08005d94   0x08005d94   0x00000034   Code   RO         4018    i.prvResetNextTaskUnblockTime  tasks.o
    0x08005dc8   0x08005dc8   0x0000002c   Code   RO         4389    i.prvSampleTimeNow  timers.o
    0x08005df4   0x08005df4   0x000000bc   Code   RO         4390    i.prvSwitchTimerLists  timers.o
    0x08005eb0   0x08005eb0   0x00000078   Code   RO         4525    i.prvTaskExitError  port.o
    0x08005f28   0x08005f28   0x0000001a   Code   RO         4391    i.prvTimerTask      timers.o
    0x08005f42   0x08005f42   0x00000092   Code   RO         3772    i.prvUnlockQueue    queue.o
    0x08005fd4   0x08005fd4   0x00000154   Code   RO         4615    i.pvPortMalloc      heap_4.o
    0x08006128   0x08006128   0x00000020   Code   RO         4022    i.pvTaskIncrementMutexHeldCount  tasks.o
    0x08006148   0x08006148   0x0000002c   Code   RO         4526    i.pxPortInitialiseStack  port.o
    0x08006174   0x08006174   0x0000006a   Code   RO         6201    i.sqrt              m_wv.l(sqrt.o)
    0x080061de   0x080061de   0x00000002   PAD
    0x080061e0   0x080061e0   0x00000020   Code   RO            5    i.start_task        main.o
    0x08006200   0x08006200   0x00000062   Code   RO         5539    i.str_esc           ble_update.o
    0x08006262   0x08006262   0x00000028   Code   RO         3716    i.uxListRemove      list.o
    0x0800628a   0x0800628a   0x0000001a   Code   RO         3717    i.vListInitialise   list.o
    0x080062a4   0x080062a4   0x00000006   Code   RO         3718    i.vListInitialiseItem  list.o
    0x080062aa   0x080062aa   0x00000034   Code   RO         3719    i.vListInsert       list.o
    0x080062de   0x080062de   0x00000018   Code   RO         3720    i.vListInsertEnd    list.o
    0x080062f6   0x080062f6   0x00000002   PAD
    0x080062f8   0x080062f8   0x0000008c   Code   RO         4528    i.vPortEnterCritical  port.o
    0x08006384   0x08006384   0x00000070   Code   RO         4529    i.vPortExitCritical  port.o
    0x080063f4   0x080063f4   0x000000b8   Code   RO         4616    i.vPortFree         heap_4.o
    0x080064ac   0x080064ac   0x00000020   Code   RO         4530    i.vPortSetupTimerInterrupt  port.o
    0x080064cc   0x080064cc   0x000000a0   Code   RO         4531    i.vPortValidateInterruptPriority  port.o
    0x0800656c   0x0800656c   0x0000002c   Code   RO         3778    i.vQueueAddToRegistry  queue.o
    0x08006598   0x08006598   0x0000004a   Code   RO         3782    i.vQueueWaitForMessageRestricted  queue.o
    0x080065e2   0x080065e2   0x00000002   PAD
    0x080065e4   0x080065e4   0x00000074   Code   RO         4030    i.vTaskDelay        tasks.o
    0x08006658   0x08006658   0x0000010c   Code   RO         4032    i.vTaskDelete       tasks.o
    0x08006764   0x08006764   0x0000000c   Code   RO         4036    i.vTaskMissedYield  tasks.o
    0x08006770   0x08006770   0x00000054   Code   RO         4038    i.vTaskPlaceOnEventList  tasks.o
    0x080067c4   0x080067c4   0x0000005c   Code   RO         4039    i.vTaskPlaceOnEventListRestricted  tasks.o
    0x08006820   0x08006820   0x000000b0   Code   RO         4041    i.vTaskPriorityInherit  tasks.o
    0x080068d0   0x080068d0   0x0000004c   Code   RO         4045    i.vTaskSetTimeOutState  tasks.o
    0x0800691c   0x0800691c   0x000000b0   Code   RO         4046    i.vTaskStartScheduler  tasks.o
    0x080069cc   0x080069cc   0x00000010   Code   RO         4048    i.vTaskSuspendAll   tasks.o
    0x080069dc   0x080069dc   0x000000a8   Code   RO         4049    i.vTaskSwitchContext  tasks.o
    0x08006a84   0x08006a84   0x0000015c   Code   RO         4532    i.xPortStartScheduler  port.o
    0x08006be0   0x08006be0   0x00000038   Code   RO         4533    i.xPortSysTickHandler  port.o
    0x08006c18   0x08006c18   0x00000074   Code   RO         3787    i.xQueueGenericCreate  queue.o
    0x08006c8c   0x08006c8c   0x000001c8   Code   RO         3788    i.xQueueGenericReceive  queue.o
    0x08006e54   0x08006e54   0x000000b0   Code   RO         3789    i.xQueueGenericReset  queue.o
    0x08006f04   0x08006f04   0x000001c4   Code   RO         3790    i.xQueueGenericSend  queue.o
    0x080070c8   0x080070c8   0x00000114   Code   RO         3791    i.xQueueGenericSendFromISR  queue.o
    0x080071dc   0x080071dc   0x000000a0   Code   RO         4050    i.xTaskCheckForTimeOut  tasks.o
    0x0800727c   0x0800727c   0x00000060   Code   RO         4051    i.xTaskCreate       tasks.o
    0x080072dc   0x080072dc   0x00000020   Code   RO         4055    i.xTaskGetSchedulerState  tasks.o
    0x080072fc   0x080072fc   0x0000000c   Code   RO         4056    i.xTaskGetTickCount  tasks.o
    0x08007308   0x08007308   0x00000160   Code   RO         4058    i.xTaskIncrementTick  tasks.o
    0x08007468   0x08007468   0x000000d8   Code   RO         4061    i.xTaskPriorityDisinherit  tasks.o
    0x08007540   0x08007540   0x000000b4   Code   RO         4062    i.xTaskRemoveFromEventList  tasks.o
    0x080075f4   0x080075f4   0x00000120   Code   RO         4064    i.xTaskResumeAll    tasks.o
    0x08007714   0x08007714   0x00000074   Code   RO         4395    i.xTimerCreateTimerTask  timers.o
    0x08007788   0x08007788   0x000000a4   Code   RO         4396    i.xTimerGenericCommand  timers.o
    0x0800782c   0x0800782c   0x00000018   Data   RO          442    .constdata          system_stm32f7xx.o
    0x08007844   0x08007844   0x00000030   Data   RO         5379    .constdata          interflash_1.o
    0x08007874   0x08007874   0x00000004   PAD
    0x08007878   0x08007878   0x00000088   Data   RO         5853    .constdata          m_wv.l(pow.o)
    0x08007900   0x08007900   0x00000008   Data   RO         6198    .constdata          m_wv.l(qnan.o)
    0x08007908   0x08007908   0x00000081   Data   RO         6266    .constdata          mc_w.l(ctype_o.o)
    0x08007989   0x08007989   0x00000003   PAD
    0x0800798c   0x0800798c   0x00000004   Data   RO         6267    .constdata          mc_w.l(ctype_o.o)
    0x08007990   0x08007990   0x00000058   Data   RO         5541    .conststring        ble_update.o
    0x080079e8   0x080079e8   0x00000020   Data   RO         6300    Region$$Table       anon$$obj.o


    Execution Region RW_IRAM1 (Exec base: 0x20020000, Load base: 0x08007a08, Size: 0x00042b88, Max: 0x00060000, ABSOLUTE, COMPRESSED[0x00000024])

    Exec Addr    Load Addr    Size         Type   Attr      Idx    E Section Name        Object

    0x20020000   COMPRESSED   0x00000404   Data   RW            7    .data               main.o
    0x20020404   COMPRESSED   0x00000004   Data   RW          443    .data               system_stm32f7xx.o
    0x20020408   COMPRESSED   0x00000004   Data   RW          633    .data               stm32f7xx_hal.o
    0x2002040c   COMPRESSED   0x00000004   Data   RW         3129    .data               stm32f7xx_hal_nor.o
    0x20020410   COMPRESSED   0x00000006   Data   RW         3471    .data               delay.o
    0x20020416   COMPRESSED   0x00000002   PAD
    0x20020418   COMPRESSED   0x0000003c   Data   RW         4067    .data               tasks.o
    0x20020454   COMPRESSED   0x00000014   Data   RW         4404    .data               timers.o
    0x20020468   COMPRESSED   0x0000000c   Data   RW         4534    .data               port.o
    0x20020474   COMPRESSED   0x00000018   Data   RW         4621    .data               heap_4.o
    0x2002048c   COMPRESSED   0x00000005   Data   RW         4768    .data               my_norflash.o
    0x20020491   COMPRESSED   0x00000003   PAD
    0x20020494   COMPRESSED   0x00000004   Data   RW         5542    .data               ble_update.o
    0x20020498   COMPRESSED   0x00000024   Data   RW         5722    .data               system_info.o
    0x200204bc   COMPRESSED   0x00000004   Data   RW         6227    .data               mc_w.l(stdout.o)
    0x200204c0   COMPRESSED   0x00000004   Data   RW         6232    .data               mc_w.l(mvars.o)
    0x200204c4   COMPRESSED   0x00000004   Data   RW         6233    .data               mc_w.l(mvars.o)
    0x200204c8   COMPRESSED   0x00000004   Data   RW         6237    .data               mc_w.l(errno.o)
    0x200204cc        -       0x00025800   Zero   RW            6    .bss                main.o
    0x20045ccc        -       0x0000001c   Zero   RW         3365    .bss                stm32f7xx_hal_flash.o
    0x20045ce8        -       0x00000040   Zero   RW         3802    .bss                queue.o
    0x20045d28        -       0x000002e4   Zero   RW         4066    .bss                tasks.o
    0x2004600c        -       0x00000028   Zero   RW         4403    .bss                timers.o
    0x20046034        -       0x0000b800   Zero   RW         4620    .bss                heap_4.o
    0x20051834        -       0x00000db4   Zero   RW         4681    .bss                uart.o
    0x200525e8        -       0x00000100   Zero   RW         5445    .bss                ymodem.o
    0x200526e8        -       0x00000404   Zero   RW         5540    .bss                ble_update.o
    0x20052aec        -       0x0000009c   Zero   RW         5636    .bss                bootloader.o
    0x20052b88        -       0x00008000   Zero   RW          599    HEAP                startup_stm32f769xx.o
    0x2005ab88        -       0x00008000   Zero   RW          598    STACK               startup_stm32f769xx.o


==============================================================================

Image component sizes


      Code (inc. data)   RO Data    RW Data    ZI Data      Debug   Object Name

      1142        172         88          4       1028       8559   ble_update.o
       240         40          0          0        156       5944   bootloader.o
       224         18          0          6          0       2409   delay.o
         0          0          0          0          0      11680   event_groups.o
       752        176          0         24      47104       3831   heap_4.o
       364          4         48          0          0       3922   interflash_1.o
       148          0          0          0          0       3070   list.o
       200         48          0       1028     153600    1004091   main.o
       568         40          0          5          0      11109   my_norflash.o
      1194        396          0         12          0      10769   port.o
      2168        238          0          0         64      13001   queue.o
        36          8        504          0      65536        788   startup_stm32f769xx.o
       110         20          0          4          0       3589   stm32f7xx_hal.o
       430         26          0          0          0      37224   stm32f7xx_hal_cortex.o
        40          0          0          0          0       1107   stm32f7xx_hal_dma.o
       656         58          0          0         28       5822   stm32f7xx_hal_flash.o
       562         50          0          0          0       6028   stm32f7xx_hal_flash_ex.o
       536         52          0          0          0       1736   stm32f7xx_hal_gpio.o
       118          4          0          4          0       2873   stm32f7xx_hal_nor.o
       144          8          0          0          0       1236   stm32f7xx_hal_pwr_ex.o
       716         50          0          0          0       3928   stm32f7xx_hal_rcc.o
      1232         12          0          0          0       1804   stm32f7xx_hal_rcc_ex.o
      2566         54          0          0          0      11572   stm32f7xx_hal_uart.o
       128         18          0          0          0       3972   stm32f7xx_it.o
       294         10          0          0          0       2712   stm32f7xx_ll_fmc.o
       456         26          0          0          0      33877   sys.o
      1192         60          0         36          0       5100   system_info.o
       100         18         24          4          0       1031   system_stm32f7xx.o
      3410        878          0         60        740      28755   tasks.o
      1310        312          0         20         40       8519   timers.o
      1196         72          0          0       3508       9273   uart.o
       774         14          0          0        256       5398   ymodem.o

    ----------------------------------------------------------------------
     23038       2882        700       1212     272060    1254729   Object Totals
         0          0         32          0          0          0   (incl. Generated)
        32          0          4          5          0          0   (incl. Padding)

    ----------------------------------------------------------------------

      Code (inc. data)   RO Data    RW Data    ZI Data      Debug   Library Member Name

       110         60          0          0          0        580   dunder.o
        24          0          0          0          0        124   fabs.o
        48          0          0          0          0        124   fpclassify.o
       112          0          0          0          0        116   poly.o
      2296        304        136          0          0        320   pow.o
         0          0          8          0          0          0   qnan.o
       106          0          0          0          0        140   sqrt.o
        58          0          0          0          0          0   __dczerorl.o
        28          0          0          0          0         68   _chval.o
       158          0          0          0          0         92   _strtoul.o
        26          0          0          0          0         80   atoi.o
         8          4        133          0          0         68   ctype_o.o
         0          0          0          0          0          0   entry.o
         0          0          0          0          0          0   entry10a.o
         0          0          0          0          0          0   entry11a.o
         8          4          0          0          0          0   entry2.o
         4          0          0          0          0          0   entry5.o
         0          0          0          0          0          0   entry7b.o
         0          0          0          0          0          0   entry8b.o
         8          4          0          0          0          0   entry9a.o
        20         10          0          4          0        136   errno.o
        18          0          0          0          0         80   fputc.o
        30          0          0          0          0          0   handlers.o
        36          8          0          0          0         68   init.o
         0          0          0          0          0          0   iusefp.o
         0          0          0          0          0          0   iusesemip.o
        30          0          0          0          0         68   llshl.o
        36          0          0          0          0         68   llsshr.o
        32          0          0          0          0         68   llushr.o
       188         20          0          0          0        160   malloc.o
        26          0          0          0          0         80   memcmp.o
        36          0          0          0          0         68   memcpya.o
        36          0          0          0          0        108   memseta.o
         0          0          0          8          0          0   mvars.o
      2308         96          0          0          0        604   printfa.o
         0          0          0          0          0          0   semi.o
         0          0          0          4          0          0   stdout.o
        24          0          0          0          0         68   strcat.o
        18          0          0          0          0         68   strcpy.o
        14          0          0          0          0         68   strlen.o
       112          0          0          0          0         88   strtol.o
        44          0          0          0          0         80   uidiv.o
        98          0          0          0          0         92   uldiv.o
        48          0          0          0          0         68   cdrcmple.o
       334          0          0          0          0        148   dadd.o
       222          0          0          0          0        100   ddiv.o
       186          0          0          0          0        176   depilogue.o
        48          0          0          0          0         68   dfixul.o
       228          0          0          0          0         96   dmul.o
        46          0          0          0          0         80   dscalb.o

    ----------------------------------------------------------------------
      7222        510        280         16          0       4420   Library Totals
        10          0          3          0          0          0   (incl. Padding)

    ----------------------------------------------------------------------

      Code (inc. data)   RO Data    RW Data    ZI Data      Debug   Library Name

      2696        364        144          0          0       1404   m_wv.l
      3404        146        133         16          0       2280   mc_w.l
      1112          0          0          0          0        736   mf_w.l

    ----------------------------------------------------------------------
      7222        510        280         16          0       4420   Library Totals

    ----------------------------------------------------------------------

==============================================================================


      Code (inc. data)   RO Data    RW Data    ZI Data      Debug   

     30260       3392        980       1228     272060    1238221   Grand Totals
     30260       3392        980         36     272060    1238221   ELF Image Totals (compressed)
     30260       3392        980         36          0          0   ROM Totals

==============================================================================

    Total RO  Size (Code + RO Data)                31240 (  30.51kB)
    Total RW  Size (RW Data + ZI Data)            273288 ( 266.88kB)
    Total ROM Size (Code + RO Data + RW Data)      31276 (  30.54kB)

==============================================================================

