<html>
<body>
<pre>
<h1>µVision Build Log</h1>
<h2>Tool Versions:</h2>
IDE-Version: ¦ÌVision V5.24.2.0
Copyright (C) 2017 ARM Ltd and ARM Germany GmbH. All rights reserved.
License Information: yuxing yao, skylin, LIC=8VRJJ-UBZEZ-8TC3P-MX0L8-IFF84-PVISL
 
Tool Versions:
Toolchain:       MDK-ARM Plus  Version: 5.24.1
Toolchain Path:  C:\Keil_v5\ARM\ARMCC\Bin
C Compiler:      Armcc.exe V5.06 update 5 (build 528)
Assembler:       Armasm.exe V5.06 update 5 (build 528)
Linker/Locator:  ArmLink.exe V5.06 update 5 (build 528)
Library Manager: ArmAr.exe V5.06 update 5 (build 528)
Hex Converter:   FromElf.exe V5.06 update 5 (build 528)
CPU DLL:         SARMCM3.DLL V5.24.1
Dialog DLL:      DCM.DLL V1.16.0.0
Target DLL:      Segger\JL2CM3.dll V2.99.26.0
Dialog DLL:      TCM.DLL V1.32.0.0
 
<h2>Project:</h2>
E:\SkyLin\proj\bootloader\USER\FreeRTOS.uvprojx
Project File Date:  01/22/2018

<h2>Output:</h2>
*** Using Compiler 'V5.06 update 5 (build 528)', folder: 'C:\Keil_v5\ARM\ARMCC\Bin'
Build target 'BootLoader'
compiling system_info.c...
..\InterFlash\system_info.c(207): warning:  #177-D: variable "punMask"  was declared but never referenced
  	unsigned int  punMask=gstSystemInfo.unPosMask;
..\InterFlash\system_info.c(254): warning:  #177-D: variable "punMask"  was declared but never referenced
  	unsigned int  punMask=gstSystemInfo.unPosMask;
..\InterFlash\system_info.c: 2 warnings, 0 errors
linking...
Program Size: Code=30260 RO-data=980 RW-data=1228 ZI-data=272060  
FromELF: creating hex file...
After Build - User command #1: D:\Program Files (X86)\ARM\ARMCC\bin\fromelf.exe  --bin -o  ../BIN/stm32f7_FreeRTOS.bin  ../OBJ/LED.axf
"..\OBJ\LED.axf" - 0 Error(s), 2 Warning(s).

<h2>Software Packages used:</h2>

Package Vendor: ARM
                http://www.keil.com/pack/ARM.CMSIS.5.0.1.pack
                ARM.CMSIS.5.0.1
                CMSIS (Cortex Microcontroller Software Interface Standard)
   * Component: Flash Version: 2.1.0

Package Vendor: Keil
                http://www.keil.com/pack/Keil.STM32F7xx_DFP.2.8.0.pack
                Keil.STM32F7xx_DFP.2.8.0
                STMicroelectronics STM32F7 Series Device Support, Drivers and Examples

<h2>Collection of Component include folders:</h2>
  .\RTE\_BootLoader
  C:\Keil_v5\ARM\PACK\Keil\STM32F7xx_DFP\2.8.0\Drivers\CMSIS\Device\ST\STM32F7xx\Include

<h2>Collection of Component Files used:</h2>

   * Component: ::CMSIS Driver:Flash:2.1.0 (API)
Build Time Elapsed:  00:00:06
</pre>
</body>
</html>
